Archive member included to satisfy reference by file (symbol)

c:/program files/microchip/xc8/v2.45/avr/bin/../lib/gcc/avr/5.4.0/../../../../avr/lib/avrxmega4/memx-const\libm.a(addsf3.o)
                              build/default/production/_ext/83377035/USART.o (__addsf3)
c:/program files/microchip/xc8/v2.45/avr/bin/../lib/gcc/avr/5.4.0/../../../../avr/lib/avrxmega4/memx-const\libm.a(addsf3x.o)
                              c:/program files/microchip/xc8/v2.45/avr/bin/../lib/gcc/avr/5.4.0/../../../../avr/lib/avrxmega4/memx-const\libm.a(addsf3.o) (__addsf3x)
c:/program files/microchip/xc8/v2.45/avr/bin/../lib/gcc/avr/5.4.0/../../../../avr/lib/avrxmega4/memx-const\libm.a(divsf3.o)
                              build/default/production/_ext/83377035/USART.o (__divsf3)
c:/program files/microchip/xc8/v2.45/avr/bin/../lib/gcc/avr/5.4.0/../../../../avr/lib/avrxmega4/memx-const\libm.a(divsf3x.o)
                              c:/program files/microchip/xc8/v2.45/avr/bin/../lib/gcc/avr/5.4.0/../../../../avr/lib/avrxmega4/memx-const\libm.a(divsf3.o) (__divsf3x)
c:/program files/microchip/xc8/v2.45/avr/bin/../lib/gcc/avr/5.4.0/../../../../avr/lib/avrxmega4/memx-const\libm.a(fixunssfsi.o)
                              build/default/production/_ext/83377035/USART.o (__fixunssfsi)
c:/program files/microchip/xc8/v2.45/avr/bin/../lib/gcc/avr/5.4.0/../../../../avr/lib/avrxmega4/memx-const\libm.a(floatsisf.o)
                              build/default/production/_ext/83377035/USART.o (__floatunsisf)
c:/program files/microchip/xc8/v2.45/avr/bin/../lib/gcc/avr/5.4.0/../../../../avr/lib/avrxmega4/memx-const\libm.a(fp_inf.o)
                              c:/program files/microchip/xc8/v2.45/avr/bin/../lib/gcc/avr/5.4.0/../../../../avr/lib/avrxmega4/memx-const\libm.a(addsf3x.o) (__fp_inf)
c:/program files/microchip/xc8/v2.45/avr/bin/../lib/gcc/avr/5.4.0/../../../../avr/lib/avrxmega4/memx-const\libm.a(fp_nan.o)
                              c:/program files/microchip/xc8/v2.45/avr/bin/../lib/gcc/avr/5.4.0/../../../../avr/lib/avrxmega4/memx-const\libm.a(addsf3x.o) (__fp_nan)
c:/program files/microchip/xc8/v2.45/avr/bin/../lib/gcc/avr/5.4.0/../../../../avr/lib/avrxmega4/memx-const\libm.a(fp_pscA.o)
                              c:/program files/microchip/xc8/v2.45/avr/bin/../lib/gcc/avr/5.4.0/../../../../avr/lib/avrxmega4/memx-const\libm.a(addsf3x.o) (__fp_pscA)
c:/program files/microchip/xc8/v2.45/avr/bin/../lib/gcc/avr/5.4.0/../../../../avr/lib/avrxmega4/memx-const\libm.a(fp_pscB.o)
                              c:/program files/microchip/xc8/v2.45/avr/bin/../lib/gcc/avr/5.4.0/../../../../avr/lib/avrxmega4/memx-const\libm.a(addsf3x.o) (__fp_pscB)
c:/program files/microchip/xc8/v2.45/avr/bin/../lib/gcc/avr/5.4.0/../../../../avr/lib/avrxmega4/memx-const\libm.a(fp_round.o)
                              c:/program files/microchip/xc8/v2.45/avr/bin/../lib/gcc/avr/5.4.0/../../../../avr/lib/avrxmega4/memx-const\libm.a(addsf3.o) (__fp_round)
c:/program files/microchip/xc8/v2.45/avr/bin/../lib/gcc/avr/5.4.0/../../../../avr/lib/avrxmega4/memx-const\libm.a(fp_split3.o)
                              c:/program files/microchip/xc8/v2.45/avr/bin/../lib/gcc/avr/5.4.0/../../../../avr/lib/avrxmega4/memx-const\libm.a(addsf3x.o) (__fp_split3)
c:/program files/microchip/xc8/v2.45/avr/bin/../lib/gcc/avr/5.4.0/../../../../avr/lib/avrxmega4/memx-const\libm.a(fp_zero.o)
                              c:/program files/microchip/xc8/v2.45/avr/bin/../lib/gcc/avr/5.4.0/../../../../avr/lib/avrxmega4/memx-const\libm.a(addsf3x.o) (__fp_zero)
c:/program files/microchip/xc8/v2.45/avr/bin/../lib/gcc/avr/5.4.0/../../../../avr/lib/avrxmega4/memx-const\libm.a(mulsf3.o)
                              build/default/production/_ext/83377035/USART.o (__mulsf3)
c:/program files/microchip/xc8/v2.45/avr/bin/../lib/gcc/avr/5.4.0/../../../../avr/lib/avrxmega4/memx-const\libm.a(mulsf3x.o)
                              c:/program files/microchip/xc8/v2.45/avr/bin/../lib/gcc/avr/5.4.0/../../../../avr/lib/avrxmega4/memx-const\libm.a(mulsf3.o) (__mulsf3x)
c:/program files/microchip/xc8/v2.45/avr/bin/../lib/gcc/avr/5.4.0/avrxmega4/memx-const\libgcc.a(_udivmodhi4.o)
                              build/default/production/_ext/1644529106/queue.o (__udivmodhi4)
c:/program files/microchip/xc8/v2.45/avr/bin/../lib/gcc/avr/5.4.0/avrxmega4/memx-const\libgcc.a(_tablejump2.o)
                              build/default/production/_ext/83377035/ShiftReg.o (__tablejump2__)
c:/program files/microchip/xc8/v2.45/avr/bin/../lib/gcc/avr/5.4.0/avrxmega4/memx-const\libgcc.a(_copy_data.o)
                              build/default/production/_ext/83377035/USART.o (__do_copy_data)
c:/program files/microchip/xc8/v2.45/avr/bin/../lib/gcc/avr/5.4.0/avrxmega4/memx-const\libgcc.a(_xload_1.o)
                              build/default/production/_ext/1644529106/event_groups.o (__xload_1)
c:/program files/microchip/xc8/v2.45/avr/bin/../lib/gcc/avr/5.4.0/avrxmega4/memx-const\libgcc.a(_xload_2.o)
[...]
Memory Configuration

Name             Origin             Length             Attributes
text             0x0000000000000000 0x0000000000020000 xr
data             0x0000000000804000 0x0000000000004000 rw !x
eeprom           0x0000000000810000 0x0000000000000200 rw !x
fuse             0x0000000000820000 0x0000000000000010 rw !x
lock             0x0000000000830000 0x0000000000000400 rw !x
signature        0x0000000000840000 0x0000000000000400 rw !x
user_signatures  0x0000000000850000 0x0000000000000400 rw !x
bootrow          0x0000000000860000 0x0000000000000400 rw !x
*default*        0x0000000000000000 0xffffffffffffffff

Linker script and memory map

Address of section .data set to 0x804000
                0x0000000000008000                __RODATA_PM_OFFSET__ = 0x8000
LOAD C:/Users/miste/.mchp_packs/Microchip/AVR-Dx_DFP/2.4.286/xc8/avr/lib/avrxmega4/memx-const/crtavr128da28.o
                0x0000000000000001                __MPLAB_BUILD = 0x1
LOAD build/default/production/_ext/83377035/USART.o
LOAD build/default/production/_ext/83377035/ShiftReg.o
LOAD build/default/production/_ext/1347852338/port.o
LOAD build/default/production/_ext/1644529106/event_groups.o
LOAD build/default/production/_ext/1644529106/heap_1.o
LOAD build/default/production/_ext/1644529106/list.o
LOAD build/default/production/_ext/1644529106/queue.o
LOAD build/default/production/_ext/1644529106/stream_buffer.o
LOAD build/default/production/_ext/1644529106/tasks.o
LOAD build/default/production/_ext/1644529106/timers.o
LOAD build/default/production/main.o
START GROUP
LOAD c:/program files/microchip/xc8/v2.45/avr/bin/../lib/gcc/avr/5.4.0/../../../../avr/lib/avrxmega4/memx-const\libm.a
END GROUP
START GROUP
LOAD c:/program files/microchip/xc8/v2.45/avr/bin/../lib/gcc/avr/5.4.0/avrxmega4/memx-const\libgcc.a
LOAD c:/program files/microchip/xc8/v2.45/avr/bin/../lib/gcc/avr/5.4.0/../../../../avr/lib/avrxmega4/memx-const\libm.a
LOAD c:/program files/microchip/xc8/v2.45/avr/bin/../lib/gcc/avr/5.4.0/../../../../avr/lib/avrxmega4/memx-const\libc.a
LOAD C:/Users/miste/.mchp_packs/Microchip/AVR-Dx_DFP/2.4.286/xc8/avr/lib/avrxmega4/memx-const\libavr128da28.a
END GROUP
                [0x0000000000000000]                __TEXT_REGION_ORIGIN__ = DEFINED (__TEXT_REGION_ORIGIN__)?__TEXT_REGION_ORIGIN__:0x0
                [0x0000000000804000]                __DATA_REGION_ORIGIN__ = DEFINED (__DATA_REGION_ORIGIN__)?__DATA_REGION_ORIGIN__:0x802000
                [0x0000000000020000]                __TEXT_REGION_LENGTH__ = DEFINED (__TEXT_REGION_LENGTH__)?__TEXT_REGION_LENGTH__:0x100000
                [0x0000000000004000]                __DATA_REGION_LENGTH__ = DEFINED (__DATA_REGION_LENGTH__)?__DATA_REGION_LENGTH__:0xffa0
                [0x0000000000000200]                __EEPROM_REGION_LENGTH__ = DEFINED (__EEPROM_REGION_LENGTH__)?__EEPROM_REGION_LENGTH__:0x10000
                [0x0000000000000010]                __FUSE_REGION_LENGTH__ = DEFINED (__FUSE_REGION_LENGTH__)?__FUSE_REGION_LENGTH__:0x400
                0x0000000000000400                __LOCK_REGION_LENGTH__ = DEFINED (__LOCK_REGION_LENGTH__)?__LOCK_REGION_LENGTH__:0x400
                0x0000000000000400                __SIGNATURE_REGION_LENGTH__ = DEFINED (__SIGNATURE_REGION_LENGTH__)?__SIGNATURE_REGION_LENGTH__:0x400
                0x0000000000000400                __USER_SIGNATURE_REGION_LENGTH__ = DEFINED (__USER_SIGNATURE_REGION_LENGTH__)?__USER_SIGNATURE_REGION_LENGTH__:0x400
                0x0000000000000400                __BOOTROW_REGION_LENGTH__ = DEFINED (__BOOTROW_REGION_LENGTH__)?__BOOTROW_REGION_LENGTH__:0x400

.hash
 *(.hash)

.dynsym
 *(.dynsym)

.dynstr
 *(.dynstr)

.gnu.version
 *(.gnu.version)

.gnu.version_d
 *(.gnu.version_d)

.gnu.version_r
 *(.gnu.version_r)

.rel.init
 *(.rel.init)

.rela.init
 *(.rela.init)

.rel.text
 *(.rel.text)
 *(.rel.text.*)
 *(.rel.gnu.linkonce.t*)

.rela.text
 *(.rela.text)
 *(.rela.text.*)
 *(.rela.gnu.linkonce.t*)

.rel.fini
 *(.rel.fini)

.rela.fini
 *(.rela.fini)

.rel.rodata
 *(.rel.rodata)
 *(.rel.rodata.*)
 *(.rel.gnu.linkonce.r*)

.rela.rodata
 *(.rela.rodata)
 *(.rela.rodata.*)
 *(.rela.gnu.linkonce.r*)

.rel.data
 *(.rel.data)
 *(.rel.data.*)
 *(.rel.gnu.linkonce.d*)

.rela.data
 *(.rela.data)
 *(.rela.data.*)
 *(.rela.gnu.linkonce.d*)

.rel.ctors
 *(.rel.ctors)

.rela.ctors
 *(.rela.ctors)

.rel.dtors
 *(.rel.dtors)

.rela.dtors
 *(.rela.dtors)

.rel.got
 *(.rel.got)

.rela.got
 *(.rela.got)

.rel.bss
 *(.rel.bss)

.rela.bss
 *(.rela.bss)

.rel.plt
 *(.rel.plt)

.rela.plt
 *(.rela.plt)

.text           0x0000000000000000      0x120
 *(.vectors)
 .vectors       0x0000000000000000       0xa4 C:/Users/miste/.mchp_packs/Microchip/AVR-Dx_DFP/2.4.286/xc8/avr/lib/avrxmega4/memx-const/crtavr128da28.o
                0x0000000000000000                __vector_default
                0x0000000000000000                __vectors
 *(.vectors)
 *(.progmem.gcc*)
 .progmem.gcc_sw_table.prvTimerTask
                0x00000000000000a4       0x12 build/default/production/_ext/1644529106/timers.o
 *(.dinit)
 .dinit         0x00000000000000b6       0x11 data_init
                0x00000000000000c8                . = ALIGN (0x2)
 *fill*         0x00000000000000c7        0x1 
                0x00000000000000c8                __trampolines_start = .
 *(.trampolines)
 .trampolines   0x00000000000000c8        0x0 linker stubs
 *(.trampolines*)
                0x00000000000000c8                __trampolines_end = .
 *libprintf_flt.a:*(.progmem.data)
 *libc.a:*(.progmem.data)
                0x00000000000000c8                . = ALIGN (0x2)
 *(.jumptables)
 *(.jumptables*)
 *(.lowtext)
 *(.lowtext*)
                0x00000000000000c8                __ctors_start = .
 *(.ctors)
                0x00000000000000c8                __ctors_end = .
                0x00000000000000c8                __dtors_start = .
 *(.dtors)
                0x00000000000000c8                __dtors_end = .
 SORT(*)(.ctors)
 SORT(*)(.dtors)
 *(.init0)
 .init0         0x00000000000000c8        0x0 C:/Users/miste/.mchp_packs/Microchip/AVR-Dx_DFP/2.4.286/xc8/avr/lib/avrxmega4/memx-const/crtavr128da28.o
                0x00000000000000c8                __init
 *(.init0)
 *(.init1)
 *(.init1)
 *(.init2)
 .init2         0x00000000000000c8        0xc C:/Users/miste/.mchp_packs/Microchip/AVR-Dx_DFP/2.4.286/xc8/avr/lib/avrxmega4/memx-const/crtavr128da28.o
 *(.init2)
 *(.init3)
 *(.init3)
 *(.init4)
 .init4         0x00000000000000d4       0x40 c:/program files/microchip/xc8/v2.45/avr/bin/../lib/gcc/avr/5.4.0/avrxmega4/memx-const\libgcc.a(_copy_data.o)
                0x00000000000000d4                __do_copy_data
                0x0000000000000106                __do_clear_bss
 *(.init4)
 *(.init5)
 *(.init5)
 *(.init6)
 *(.init6)
 *(.init7)
 *(.init7)
 *(.init8)
 *(.init8)
 *(.init9)
 .init9         0x0000000000000114        0x8 C:/Users/miste/.mchp_packs/Microchip/AVR-Dx_DFP/2.4.286/xc8/avr/lib/avrxmega4/memx-const/crtavr128da28.o
 *(.init9)
                0x000000000000011c                . = ALIGN (0x2)
 *(.fini9)
 .fini9         0x000000000000011c        0x0 c:/program files/microchip/xc8/v2.45/avr/bin/../lib/gcc/avr/5.4.0/avrxmega4/memx-const\libgcc.a(_exit.o)
                0x000000000000011c                _exit
 *(.fini9)
 *(.fini8)
 *(.fini8)
 *(.fini7)
 *(.fini7)
 *(.fini6)
 *(.fini6)
 *(.fini5)
 *(.fini5)
 *(.fini4)
 *(.fini4)
 *(.fini3)
 *(.fini3)
 *(.fini2)
 *(.fini2)
 *(.fini1)
 *(.fini1)
 *(.fini0)
 .fini0         0x000000000000011c        0x4 c:/program files/microchip/xc8/v2.45/avr/bin/../lib/gcc/avr/5.4.0/avrxmega4/memx-const\libgcc.a(_exit.o)
 *(.fini0)
                0x0000000000000120                _etext = .

.data           0x0000000000804000        0x0 load address 0x0000000000000120
                [!provide]                        PROVIDE (__data_start, .)
 *(.gnu.linkonce.d*)
 *(.gnu.linkonce.r*)
                0x0000000000804000                . = ALIGN (0x2)
                0x0000000000804000                _edata = .
                [!provide]                        PROVIDE (__data_end, .)

.bss            0x0000000000804000        0x0
                [!provide]                        PROVIDE (__bss_start, .)
 *(COMMON)
                [!provide]                        PROVIDE (__bss_end, .)
                0x0000000000000120                __data_load_start = LOADADDR (.data)
                0x0000000000000120                __data_load_end = (__data_load_start + SIZEOF (.data))

.noinit         0x0000000000804000        0x0
                [!provide]                        PROVIDE (__noinit_start, .)
 *(.noinit*)
                [!provide]                        PROVIDE (__noinit_end, .)
                0x0000000000804000                _end = .

.eeprom         0x0000000000810000        0x0
 *(.eeprom*)
                0x0000000000810000                __eeprom_end = .

.fuse
 *(.fuse)
 *(.lfuse)
 *(.hfuse)
 *(.efuse)

.lock
 *(.lock*)

.signature
 *(.signature*)

.user_signatures
 *(.user_signatures*)

.bootrow
 *(.bootrow*)

.stab
 *(.stab)

.stabstr
 *(.stabstr)

.stab.excl
 *(.stab.excl)

.stab.exclstr
 *(.stab.exclstr)

.stab.index
 *(.stab.index)

.stab.indexstr
 *(.stab.indexstr)

.comment        0x0000000000000000       0x5b
 *(.comment)
 .comment       0x0000000000000000       0x2f build/default/production/_ext/83377035/USART.o
                                         0x30 (size before relaxing)
 .comment       0x000000000000002f       0x30 build/default/production/_ext/1347852338/port.o
 .comment       0x000000000000002f       0x30 build/default/production/_ext/1644529106/event_groups.o
 .comment       0x000000000000002f       0x30 build/default/production/_ext/1644529106/heap_1.o
 .comment       0x000000000000002f       0x30 build/default/production/_ext/1644529106/list.o
 .comment       0x000000000000002f       0x30 build/default/production/_ext/1644529106/queue.o
 .comment       0x000000000000002f       0x30 build/default/production/_ext/1644529106/stream_buffer.o
 .comment       0x000000000000002f       0x30 build/default/production/_ext/1644529106/tasks.o
 .comment       0x000000000000002f       0x30 build/default/production/_ext/1644529106/timers.o
 .comment       0x000000000000002f       0x30 build/default/production/main.o
 .comment       0x000000000000002f       0x2c c:/program files/microchip/xc8/v2.45/avr/bin/../lib/gcc/avr/5.4.0/../../../../avr/lib/avrxmega4/memx-const\libc.a(exit.o)
                                         0x2d (size before relaxing)
 .comment       0x000000000000005b       0x2d c:/program files/microchip/xc8/v2.45/avr/bin/../lib/gcc/avr/5.4.0/../../../../avr/lib/avrxmega4/memx-const\libc.a(memcpy.o)
 .comment       0x000000000000005b       0x2d c:/program files/microchip/xc8/v2.45/avr/bin/../lib/gcc/avr/5.4.0/../../../../avr/lib/avrxmega4/memx-const\libc.a(_Exit.o)

.stack.descriptors.hdr
                0x0000000000000000      0x142
 .stack.descriptors.hdr
                0x0000000000000000        0xe c:/program files/microchip/xc8/v2.45/avr/bin/../lib/gcc/avr/5.4.0/../../../../avr/lib/avrxmega4/memx-const\libm.a(addsf3.o)
 .stack.descriptors.hdr
                0x000000000000000e        0xe c:/program files/microchip/xc8/v2.45/avr/bin/../lib/gcc/avr/5.4.0/../../../../avr/lib/avrxmega4/memx-const\libm.a(addsf3x.o)
 .stack.descriptors.hdr
                0x000000000000001c        0xe c:/program files/microchip/xc8/v2.45/avr/bin/../lib/gcc/avr/5.4.0/../../../../avr/lib/avrxmega4/memx-const\libm.a(divsf3.o)
 .stack.descriptors.hdr
                0x000000000000002a        0xe c:/program files/microchip/xc8/v2.45/avr/bin/../lib/gcc/avr/5.4.0/../../../../avr/lib/avrxmega4/memx-const\libm.a(divsf3x.o)
 .stack.descriptors.hdr
                0x0000000000000038        0xe c:/program files/microchip/xc8/v2.45/avr/bin/../lib/gcc/avr/5.4.0/../../../../avr/lib/avrxmega4/memx-const\libm.a(fixunssfsi.o)
 .stack.descriptors.hdr
                0x0000000000000046        0xe c:/program files/microchip/xc8/v2.45/avr/bin/../lib/gcc/avr/5.4.0/../../../../avr/lib/avrxmega4/memx-const\libm.a(floatsisf.o)
 .stack.descriptors.hdr
                0x0000000000000054        0xe c:/program files/microchip/xc8/v2.45/avr/bin/../lib/gcc/avr/5.4.0/../../../../avr/lib/avrxmega4/memx-const\libm.a(fp_inf.o)
 .stack.descriptors.hdr
                0x0000000000000062        0xe c:/program files/microchip/xc8/v2.45/avr/bin/../lib/gcc/avr/5.4.0/../../../../avr/lib/avrxmega4/memx-const\libm.a(fp_nan.o)
 .stack.descriptors.hdr
                0x0000000000000070        0xe c:/program files/microchip/xc8/v2.45/avr/bin/../lib/gcc/avr/5.4.0/../../../../avr/lib/avrxmega4/memx-const\libm.a(fp_pscA.o)
 .stack.descriptors.hdr
                0x000000000000007e        0xe c:/program files/microchip/xc8/v2.45/avr/bin/../lib/gcc/avr/5.4.0/../../../../avr/lib/avrxmega4/memx-const\libm.a(fp_pscB.o)
 .stack.descriptors.hdr
                0x000000000000008c        0xe c:/program files/microchip/xc8/v2.45/avr/bin/../lib/gcc/avr/5.4.0/../../../../avr/lib/avrxmega4/memx-const\libm.a(fp_round.o)
 .stack.descriptors.hdr
                0x000000000000009a        0xe c:/program files/microchip/xc8/v2.45/avr/bin/../lib/gcc/avr/5.4.0/../../../../avr/lib/avrxmega4/memx-const\libm.a(fp_split3.o)
 .stack.descriptors.hdr
                0x00000000000000a8        0xe c:/program files/microchip/xc8/v2.45/avr/bin/../lib/gcc/avr/5.4.0/../../../../avr/lib/avrxmega4/memx-const\libm.a(fp_zero.o)
 .stack.descriptors.hdr
                0x00000000000000b6        0xe c:/program files/microchip/xc8/v2.45/avr/bin/../lib/gcc/avr/5.4.0/../../../../avr/lib/avrxmega4/memx-const\libm.a(mulsf3.o)
 .stack.descriptors.hdr
                0x00000000000000c4        0xe c:/program files/microchip/xc8/v2.45/avr/bin/../lib/gcc/avr/5.4.0/../../../../avr/lib/avrxmega4/memx-const\libm.a(mulsf3x.o)
 .stack.descriptors.hdr
                0x00000000000000d2        0xe c:/program files/microchip/xc8/v2.45/avr/bin/../lib/gcc/avr/5.4.0/avrxmega4/memx-const\libgcc.a(_udivmodhi4.o)
 .stack.descriptors.hdr
                0x00000000000000e0        0xe c:/program files/microchip/xc8/v2.45/avr/bin/../lib/gcc/avr/5.4.0/avrxmega4/memx-const\libgcc.a(_tablejump2.o)
 .stack.descriptors.hdr
                0x00000000000000ee        0xe c:/program files/microchip/xc8/v2.45/avr/bin/../lib/gcc/avr/5.4.0/avrxmega4/memx-const\libgcc.a(_xload_1.o)
 .stack.descriptors.hdr
                0x00000000000000fc        0xe c:/program files/microchip/xc8/v2.45/avr/bin/../lib/gcc/avr/5.4.0/avrxmega4/memx-const\libgcc.a(_xload_2.o)
 .stack.descriptors.hdr
                0x000000000000010a        0xe c:/program files/microchip/xc8/v2.45/avr/bin/../lib/gcc/avr/5.4.0/../../../../avr/lib/avrxmega4/memx-const\libc.a(exit.o)
 .stack.descriptors.hdr
                0x0000000000000118        0xe c:/program files/microchip/xc8/v2.45/avr/bin/../lib/gcc/avr/5.4.0/../../../../avr/lib/avrxmega4/memx-const\libc.a(memcpy.o)
 .stack.descriptors.hdr
                0x0000000000000126        0xe c:/program files/microchip/xc8/v2.45/avr/bin/../lib/gcc/avr/5.4.0/../../../../avr/lib/avrxmega4/memx-const\libc.a(_Exit.o)
 .stack.descriptors.hdr
                0x0000000000000134        0xe c:/program files/microchip/xc8/v2.45/avr/bin/../lib/gcc/avr/5.4.0/avrxmega4/memx-const\libgcc.a(_exit.o)

.note.GNU-stack
                0x0000000000000000        0x0
 .note.GNU-stack
                0x0000000000000000        0x0 c:/program files/microchip/xc8/v2.45/avr/bin/../lib/gcc/avr/5.4.0/../../../../avr/lib/avrxmega4/memx-const\libm.a(addsf3.o)
 .note.GNU-stack
                0x0000000000000000        0x0 c:/program files/microchip/xc8/v2.45/avr/bin/../lib/gcc/avr/5.4.0/../../../../avr/lib/avrxmega4/memx-const\libm.a(addsf3x.o)
 .note.GNU-stack
                0x0000000000000000        0x0 c:/program files/microchip/xc8/v2.45/avr/bin/../lib/gcc/avr/5.4.0/../../../../avr/lib/avrxmega4/memx-const\libm.a(divsf3.o)
 .note.GNU-stack
                0x0000000000000000        0x0 c:/program files/microchip/xc8/v2.45/avr/bin/../lib/gcc/avr/5.4.0/../../../../avr/lib/avrxmega4/memx-const\libm.a(divsf3x.o)
 .note.GNU-stack
                0x0000000000000000        0x0 c:/program files/microchip/xc8/v2.45/avr/bin/../lib/gcc/avr/5.4.0/../../../../avr/lib/avrxmega4/memx-const\libm.a(fixunssfsi.o)
 .note.GNU-stack
                0x0000000000000000        0x0 c:/program files/microchip/xc8/v2.45/avr/bin/../lib/gcc/avr/5.4.0/../../../../avr/lib/avrxmega4/memx-const\libm.a(floatsisf.o)
 .note.GNU-stack
                0x0000000000000000        0x0 c:/program files/microchip/xc8/v2.45/avr/bin/../lib/gcc/avr/5.4.0/../../../../avr/lib/avrxmega4/memx-const\libm.a(fp_inf.o)
 .note.GNU-stack
                0x0000000000000000        0x0 c:/program files/microchip/xc8/v2.45/avr/bin/../lib/gcc/avr/5.4.0/../../../../avr/lib/avrxmega4/memx-const\libm.a(fp_nan.o)
 .note.GNU-stack
                0x0000000000000000        0x0 c:/program files/microchip/xc8/v2.45/avr/bin/../lib/gcc/avr/5.4.0/../../../../avr/lib/avrxmega4/memx-const\libm.a(fp_pscA.o)
 .note.GNU-stack
                0x0000000000000000        0x0 c:/program files/microchip/xc8/v2.45/avr/bin/../lib/gcc/avr/5.4.0/../../../../avr/lib/avrxmega4/memx-const\libm.a(fp_pscB.o)
 .note.GNU-stack
                0x0000000000000000        0x0 c:/program files/microchip/xc8/v2.45/avr/bin/../lib/gcc/avr/5.4.0/../../../../avr/lib/avrxmega4/memx-const\libm.a(fp_round.o)
 .note.GNU-stack
                0x0000000000000000        0x0 c:/program files/microchip/xc8/v2.45/avr/bin/../lib/gcc/avr/5.4.0/../../../../avr/lib/avrxmega4/memx-const\libm.a(fp_split3.o)
 .note.GNU-stack
                0x0000000000000000        0x0 c:/program files/microchip/xc8/v2.45/avr/bin/../lib/gcc/avr/5.4.0/../../../../avr/lib/avrxmega4/memx-const\libm.a(fp_zero.o)
 .note.GNU-stack
                0x0000000000000000        0x0 c:/program files/microchip/xc8/v2.45/avr/bin/../lib/gcc/avr/5.4.0/../../../../avr/lib/avrxmega4/memx-const\libm.a(mulsf3.o)
 .note.GNU-stack
                0x0000000000000000        0x0 c:/program files/microchip/xc8/v2.45/avr/bin/../lib/gcc/avr/5.4.0/../../../../avr/lib/avrxmega4/memx-const\libm.a(mulsf3x.o)
 .note.GNU-stack
                0x0000000000000000        0x0 c:/program files/microchip/xc8/v2.45/avr/bin/../lib/gcc/avr/5.4.0/../../../../avr/lib/avrxmega4/memx-const\libc.a(exit.o)
 .note.GNU-stack
                0x0000000000000000        0x0 c:/program files/microchip/xc8/v2.45/avr/bin/../lib/gcc/avr/5.4.0/../../../../avr/lib/avrxmega4/memx-const\libc.a(memcpy.o)
 .note.GNU-stack
                0x0000000000000000        0x0 c:/program files/microchip/xc8/v2.45/avr/bin/../lib/gcc/avr/5.4.0/../../../../avr/lib/avrxmega4/memx-const\libc.a(_Exit.o)

.note.gnu.build-id
 *(.note.gnu.build-id)

.debug
 *(.debug)

.line
 *(.line)

.debug_srcinfo
 *(.debug_srcinfo)

.debug_sfnames
 *(.debug_sfnames)

.debug_aranges  0x0000000000000000      0x5d0
 *(.debug_aranges)
 .debug_aranges
                0x0000000000000000       0x30 build/default/production/_ext/83377035/USART.o
 .debug_aranges
                0x0000000000000030       0x50 build/default/production/_ext/1347852338/port.o
 .debug_aranges
                0x0000000000000080       0x60 build/default/production/_ext/1644529106/event_groups.o
 .debug_aranges
                0x00000000000000e0       0x38 build/default/production/_ext/1644529106/heap_1.o
 .debug_aranges
                0x0000000000000118       0x40 build/default/production/_ext/1644529106/list.o
 .debug_aranges
                0x0000000000000158       0xf0 build/default/production/_ext/1644529106/queue.o
 .debug_aranges
                0x0000000000000248       0xb8 build/default/production/_ext/1644529106/stream_buffer.o
 .debug_aranges
                0x0000000000000300      0x170 build/default/production/_ext/1644529106/tasks.o
 .debug_aranges
                0x0000000000000470       0xb0 build/default/production/_ext/1644529106/timers.o
 .debug_aranges
                0x0000000000000520       0xb0 build/default/production/main.o

.debug_pubnames
 *(.debug_pubnames)

.debug_info     0x0000000000000000     0xe6d1
 *(.debug_info .gnu.linkonce.wi.*)
 .debug_info    0x0000000000000000     0x2504 C:/Users/miste/.mchp_packs/Microchip/AVR-Dx_DFP/2.4.286/xc8/avr/lib/avrxmega4/memx-const/crtavr128da28.o
 .debug_info    0x0000000000002504      0x852 build/default/production/_ext/83377035/USART.o
 .debug_info    0x0000000000002d56      0x673 build/default/production/_ext/1347852338/port.o
 .debug_info    0x00000000000033c9      0xcb0 build/default/production/_ext/1644529106/event_groups.o
 .debug_info    0x0000000000004079      0x400 build/default/production/_ext/1644529106/heap_1.o
 .debug_info    0x0000000000004479      0x57a build/default/production/_ext/1644529106/list.o
 .debug_info    0x00000000000049f3     0x1f7b build/default/production/_ext/1644529106/queue.o
 .debug_info    0x000000000000696e     0x189e build/default/production/_ext/1644529106/stream_buffer.o
 .debug_info    0x000000000000820c     0x2723 build/default/production/_ext/1644529106/tasks.o
 .debug_info    0x000000000000a92f     0x15c4 build/default/production/_ext/1644529106/timers.o
 .debug_info    0x000000000000bef3     0x27de build/default/production/main.o

.debug_abbrev   0x0000000000000000     0x388f
 *(.debug_abbrev)
 .debug_abbrev  0x0000000000000000     0x230e C:/Users/miste/.mchp_packs/Microchip/AVR-Dx_DFP/2.4.286/xc8/avr/lib/avrxmega4/memx-const/crtavr128da28.o
 .debug_abbrev  0x000000000000230e       0xfb build/default/production/_ext/83377035/USART.o
 .debug_abbrev  0x0000000000002409      0x17f build/default/production/_ext/1347852338/port.o
 .debug_abbrev  0x0000000000002588      0x21f build/default/production/_ext/1644529106/event_groups.o
 .debug_abbrev  0x00000000000027a7      0x111 build/default/production/_ext/1644529106/heap_1.o
 .debug_abbrev  0x00000000000028b8      0x116 build/default/production/_ext/1644529106/list.o
 .debug_abbrev  0x00000000000029ce      0x2d8 build/default/production/_ext/1644529106/queue.o
 .debug_abbrev  0x0000000000002ca6      0x253 build/default/production/_ext/1644529106/stream_buffer.o
 .debug_abbrev  0x0000000000002ef9      0x358 build/default/production/_ext/1644529106/tasks.o
 .debug_abbrev  0x0000000000003251      0x32f build/default/production/_ext/1644529106/timers.o
 .debug_abbrev  0x0000000000003580      0x30f build/default/production/main.o

.debug_line     0x0000000000000000     0x420b
 *(.debug_line .debug_line.* .debug_line_end)
 .debug_line    0x0000000000000000      0x190 C:/Users/miste/.mchp_packs/Microchip/AVR-Dx_DFP/2.4.286/xc8/avr/lib/avrxmega4/memx-const/crtavr128da28.o
 .debug_line    0x0000000000000190      0x187 build/default/production/_ext/83377035/USART.o
 .debug_line    0x0000000000000317      0x259 build/default/production/_ext/1347852338/port.o
 .debug_line    0x0000000000000570      0x3c8 build/default/production/_ext/1644529106/event_groups.o
 .debug_line    0x0000000000000938      0x144 build/default/production/_ext/1644529106/heap_1.o
 .debug_line    0x0000000000000a7c      0x1f0 build/default/production/_ext/1644529106/list.o
 .debug_line    0x0000000000000c6c      0xcd0 build/default/production/_ext/1644529106/queue.o
 .debug_line    0x000000000000193c      0x741 build/default/production/_ext/1644529106/stream_buffer.o
 .debug_line    0x000000000000207d     0x118b build/default/production/_ext/1644529106/tasks.o
 .debug_line    0x0000000000003208      0x5a4 build/default/production/_ext/1644529106/timers.o
 .debug_line    0x00000000000037ac      0xa5f build/default/production/main.o

.debug_frame    0x0000000000000000     0x1858
 *(.debug_frame)
 .debug_frame   0x0000000000000000       0x44 build/default/production/_ext/83377035/USART.o
 .debug_frame   0x0000000000000044       0x84 build/default/production/_ext/1347852338/port.o
 .debug_frame   0x00000000000000c8      0x17c build/default/production/_ext/1644529106/event_groups.o
 .debug_frame   0x0000000000000244       0x60 build/default/production/_ext/1644529106/heap_1.o
 .debug_frame   0x00000000000002a4       0x88 build/default/production/_ext/1644529106/list.o
 .debug_frame   0x000000000000032c      0x42c build/default/production/_ext/1644529106/queue.o
 .debug_frame   0x0000000000000758      0x438 build/default/production/_ext/1644529106/stream_buffer.o
 .debug_frame   0x0000000000000b90      0x570 build/default/production/_ext/1644529106/tasks.o
 .debug_frame   0x0000000000001100      0x224 build/default/production/_ext/1644529106/timers.o
 .debug_frame   0x0000000000001324      0x534 build/default/production/main.o

.debug_str      0x0000000000000000     0x1d41
 *(.debug_str)
 .debug_str     0x0000000000000000      0xfdc C:/Users/miste/.mchp_packs/Microchip/AVR-Dx_DFP/2.4.286/xc8/avr/lib/avrxmega4/memx-const/crtavr128da28.o
 .debug_str     0x0000000000000fdc        0xb build/default/production/_ext/83377035/USART.o
 .debug_str     0x0000000000000fe7       0x26 build/default/production/_ext/1347852338/port.o
 .debug_str     0x000000000000100d      0x192 build/default/production/_ext/1644529106/event_groups.o
 .debug_str     0x000000000000119f       0x1f build/default/production/_ext/1644529106/heap_1.o
 .debug_str     0x00000000000011be       0x2b build/default/production/_ext/1644529106/list.o
 .debug_str     0x00000000000011e9      0x2d2 build/default/production/_ext/1644529106/queue.o
 .debug_str     0x00000000000014bb      0x242 build/default/production/_ext/1644529106/stream_buffer.o
 .debug_str     0x00000000000016fd      0x26a build/default/production/_ext/1644529106/tasks.o
 .debug_str     0x0000000000001967      0x1fc build/default/production/_ext/1644529106/timers.o
 .debug_str     0x0000000000001b63      0x1de build/default/production/main.o

.debug_loc      0x0000000000000000     0x65eb
 *(.debug_loc)
 .debug_loc     0x0000000000000000       0xc8 build/default/production/_ext/1347852338/port.o
 .debug_loc     0x00000000000000c8      0x91c build/default/production/_ext/1644529106/event_groups.o
 .debug_loc     0x00000000000009e4       0xe0 build/default/production/_ext/1644529106/heap_1.o
 .debug_loc     0x0000000000000ac4       0xb8 build/default/production/_ext/1644529106/list.o
 .debug_loc     0x0000000000000b7c     0x18ac build/default/production/_ext/1644529106/queue.o
 .debug_loc     0x0000000000002428     0x15ad build/default/production/_ext/1644529106/stream_buffer.o
 .debug_loc     0x00000000000039d5     0x1ac5 build/default/production/_ext/1644529106/tasks.o
 .debug_loc     0x000000000000549a      0xa9b build/default/production/_ext/1644529106/timers.o
 .debug_loc     0x0000000000005f35      0x6b6 build/default/production/main.o

.debug_macinfo
 *(.debug_macinfo)

.debug_weaknames
 *(.debug_weaknames)

.debug_funcnames
 *(.debug_funcnames)

.debug_typenames
 *(.debug_typenames)

.debug_varnames
 *(.debug_varnames)

.debug_pubtypes
 *(.debug_pubtypes)

.debug_ranges   0x0000000000000000      0x6d8
 *(.debug_ranges)
 .debug_ranges  0x0000000000000000       0x20 build/default/production/_ext/83377035/USART.o
 .debug_ranges  0x0000000000000020       0x40 build/default/production/_ext/1347852338/port.o
 .debug_ranges  0x0000000000000060       0x68 build/default/production/_ext/1644529106/event_groups.o
 .debug_ranges  0x00000000000000c8       0x28 build/default/production/_ext/1644529106/heap_1.o
 .debug_ranges  0x00000000000000f0       0x30 build/default/production/_ext/1644529106/list.o
 .debug_ranges  0x0000000000000120      0x140 build/default/production/_ext/1644529106/queue.o
 .debug_ranges  0x0000000000000260       0xa8 build/default/production/_ext/1644529106/stream_buffer.o
 .debug_ranges  0x0000000000000308      0x1c8 build/default/production/_ext/1644529106/tasks.o
 .debug_ranges  0x00000000000004d0       0xf0 build/default/production/_ext/1644529106/timers.o
 .debug_ranges  0x00000000000005c0      0x118 build/default/production/main.o

.debug_macro
 *(.debug_macro)
OUTPUT(dist/default/production/Coordinator.X.production.elf elf32-avr)
LOAD linker stubs
LOAD data_init

.note.gnu.avr.deviceinfo
                0x0000000000000000       0x40
 .note.gnu.avr.deviceinfo
                0x0000000000000000       0x40 C:/Users/miste/.mchp_packs/Microchip/AVR-Dx_DFP/2.4.286/xc8/avr/lib/avrxmega4/memx-const/crtavr128da28.o

.bss.pucAlignedHeap.4046
                0x000000000080616f        0x2
 .bss.pucAlignedHeap.4046
                0x000000000080616f        0x2 build/default/production/_ext/1644529106/heap_1.o

.bss.xNextFreeByte
                0x0000000000806171        0x2
 .bss.xNextFreeByte
                0x0000000000806171        0x2 build/default/production/_ext/1644529106/heap_1.o

.bss.ucHeap     0x0000000000804000     0x2000
 .bss.ucHeap    0x0000000000804000     0x2000 build/default/production/_ext/1644529106/heap_1.o

.bss.xQueueRegistry
                0x0000000000806123        0xa
 .bss.xQueueRegistry
                0x0000000000806123        0xa build/default/production/_ext/1644529106/queue.o
                0x0000000000806123                xQueueRegistry

.bss.uxSchedulerSuspended
                0x00000000008061b1        0x1
 .bss.uxSchedulerSuspended
                0x00000000008061b1        0x1 build/default/production/_ext/1644529106/tasks.o

.bss.xIdleTaskHandle
                0x0000000000806173        0x2
 .bss.xIdleTaskHandle
                0x0000000000806173        0x2 build/default/production/_ext/1644529106/tasks.o

.bss.xNextTaskUnblockTime
                0x0000000000806175        0x2
 .bss.xNextTaskUnblockTime
                0x0000000000806175        0x2 build/default/production/_ext/1644529106/tasks.o

.bss.uxTaskNumber
                0x00000000008061b2        0x1
 .bss.uxTaskNumber
                0x00000000008061b2        0x1 build/default/production/_ext/1644529106/tasks.o

.bss.xNumOfOverflows
                0x00000000008061b3        0x1
 .bss.xNumOfOverflows
                0x00000000008061b3        0x1 build/default/production/_ext/1644529106/tasks.o

.bss.xYieldPending
                0x00000000008061b4        0x1
 .bss.xYieldPending
                0x00000000008061b4        0x1 build/default/production/_ext/1644529106/tasks.o

.bss.xPendedTicks
                0x0000000000806177        0x2
 .bss.xPendedTicks
                0x0000000000806177        0x2 build/default/production/_ext/1644529106/tasks.o

.bss.xSchedulerRunning
                0x00000000008061b5        0x1
 .bss.xSchedulerRunning
                0x00000000008061b5        0x1 build/default/production/_ext/1644529106/tasks.o

.bss.uxTopReadyPriority
                0x00000000008061b6        0x1
 .bss.uxTopReadyPriority
                0x00000000008061b6        0x1 build/default/production/_ext/1644529106/tasks.o

.bss.xTickCount
                0x0000000000806179        0x2
 .bss.xTickCount
                0x0000000000806179        0x2 build/default/production/_ext/1644529106/tasks.o

.bss.uxCurrentNumberOfTasks
                0x00000000008061b7        0x1
 .bss.uxCurrentNumberOfTasks
                0x00000000008061b7        0x1 build/default/production/_ext/1644529106/tasks.o

.bss.xSuspendedTaskList
                0x000000000080612d        0x9
 .bss.xSuspendedTaskList
                0x000000000080612d        0x9 build/default/production/_ext/1644529106/tasks.o

.bss.xPendingReadyList
                0x0000000000806136        0x9
 .bss.xPendingReadyList
                0x0000000000806136        0x9 build/default/production/_ext/1644529106/tasks.o

.bss.pxOverflowDelayedTaskList
                0x000000000080617b        0x2
 .bss.pxOverflowDelayedTaskList
                0x000000000080617b        0x2 build/default/production/_ext/1644529106/tasks.o

.bss.pxDelayedTaskList
                0x000000000080617d        0x2
 .bss.pxDelayedTaskList
                0x000000000080617d        0x2 build/default/production/_ext/1644529106/tasks.o

.bss.xDelayedTaskList2
                0x000000000080613f        0x9
 .bss.xDelayedTaskList2
                0x000000000080613f        0x9 build/default/production/_ext/1644529106/tasks.o

.bss.xDelayedTaskList1
                0x0000000000806148        0x9
 .bss.xDelayedTaskList1
                0x0000000000806148        0x9 build/default/production/_ext/1644529106/tasks.o

.bss.pxReadyTasksLists
                0x00000000008060ff       0x24
 .bss.pxReadyTasksLists
                0x00000000008060ff       0x24 build/default/production/_ext/1644529106/tasks.o

.bss.pxCurrentTCB
                0x000000000080617f        0x2
 .bss.pxCurrentTCB
                0x000000000080617f        0x2 build/default/production/_ext/1644529106/tasks.o
                0x000000000080617f                pxCurrentTCB

.bss.xLastTime.4369
                0x0000000000806181        0x2
 .bss.xLastTime.4369
                0x0000000000806181        0x2 build/default/production/_ext/1644529106/timers.o

.bss.xTimerTaskHandle
                0x0000000000806183        0x2
 .bss.xTimerTaskHandle
                0x0000000000806183        0x2 build/default/production/_ext/1644529106/timers.o

.bss.xTimerQueue
                0x0000000000806185        0x2
 .bss.xTimerQueue
                0x0000000000806185        0x2 build/default/production/_ext/1644529106/timers.o

.bss.pxOverflowTimerList
                0x0000000000806187        0x2
 .bss.pxOverflowTimerList
                0x0000000000806187        0x2 build/default/production/_ext/1644529106/timers.o

.bss.pxCurrentTimerList
                0x0000000000806189        0x2
 .bss.pxCurrentTimerList
                0x0000000000806189        0x2 build/default/production/_ext/1644529106/timers.o

.bss.xActiveTimerList2
                0x0000000000806151        0x9
 .bss.xActiveTimerList2
                0x0000000000806151        0x9 build/default/production/_ext/1644529106/timers.o

.bss.xActiveTimerList1
                0x000000000080615a        0x9
 .bss.xActiveTimerList1
                0x000000000080615a        0x9 build/default/production/_ext/1644529106/timers.o

.bss.table_length
                0x00000000008061b8        0x1
 .bss.table_length
                0x00000000008061b8        0x1 build/default/production/main.o

.bss.GLOBAL_DEVICE_TABLE
                0x0000000000806000       0xff
 .bss.GLOBAL_DEVICE_TABLE
                0x0000000000806000       0xff build/default/production/main.o

.bss.xMENUTX_SEM
                0x000000000080618b        0x2
 .bss.xMENUTX_SEM
                0x000000000080618b        0x2 build/default/production/main.o

.bss.xXBEETX_SEM
                0x000000000080618d        0x2
 .bss.xXBEETX_SEM
                0x000000000080618d        0x2 build/default/production/main.o

.bss.xRS485TX_SEM
                0x000000000080618f        0x2
 .bss.xRS485TX_SEM
                0x000000000080618f        0x2 build/default/production/main.o

.bss.xMENU_MUTEX
                0x0000000000806191        0x2
 .bss.xMENU_MUTEX
                0x0000000000806191        0x2 build/default/production/main.o

.bss.xXBEE_MUTEX
                0x0000000000806193        0x2
 .bss.xXBEE_MUTEX
                0x0000000000806193        0x2 build/default/production/main.o

.bss.x485_MUTEX
                0x0000000000806195        0x2
 .bss.x485_MUTEX
                0x0000000000806195        0x2 build/default/production/main.o

.bss.xRoundRobin_MUTEX
                0x0000000000806197        0x2
 .bss.xRoundRobin_MUTEX
                0x0000000000806197        0x2 build/default/production/main.o

.bss.xUSART0_MUTEX
                0x0000000000806199        0x2
 .bss.xUSART0_MUTEX
                0x0000000000806199        0x2 build/default/production/main.o

.bss.xMENU_out_Buffer
                0x000000000080619b        0x2
 .bss.xMENU_out_Buffer
                0x000000000080619b        0x2 build/default/production/main.o

.bss.xMENU_out_Stream
                0x000000000080619d        0x2
 .bss.xMENU_out_Stream
                0x000000000080619d        0x2 build/default/production/main.o

.bss.xMENU_in_Stream
                0x000000000080619f        0x2
 .bss.xMENU_in_Stream
                0x000000000080619f        0x2 build/default/production/main.o

.bss.xXBEE_out_Buffer
                0x00000000008061a1        0x2
 .bss.xXBEE_out_Buffer
                0x00000000008061a1        0x2 build/default/production/main.o

.bss.xXBEE_out_Stream
                0x00000000008061a3        0x2
 .bss.xXBEE_out_Stream
                0x00000000008061a3        0x2 build/default/production/main.o

.bss.xXBEE_in_Stream
                0x00000000008061a5        0x2
 .bss.xXBEE_in_Stream
                0x00000000008061a5        0x2 build/default/production/main.o

.bss.xRoundRobin_Buffer
                0x00000000008061a7        0x2
 .bss.xRoundRobin_Buffer
                0x00000000008061a7        0x2 build/default/production/main.o

.bss.xRS485_out_Buffer
                0x00000000008061a9        0x2
 .bss.xRS485_out_Buffer
                0x00000000008061a9        0x2 build/default/production/main.o

.bss.xRS485_out_Stream
                0x00000000008061ab        0x2
 .bss.xRS485_out_Stream
                0x00000000008061ab        0x2 build/default/production/main.o

.bss.xRS485_in_Stream
                0x00000000008061ad        0x2
 .bss.xRS485_in_Stream
                0x00000000008061ad        0x2 build/default/production/main.o

.bss.xEventInit
                0x00000000008061af        0x2
 .bss.xEventInit
                0x00000000008061af        0x2 build/default/production/main.o
                0x00000000008061af                xEventInit

.progmemx.data  0x0000000000000120       0x20
 .progmemx.data
                0x0000000000000120       0x20 build/default/production/main.o

.progmemx.data  0x0000000000000140        0xd
 .progmemx.data
                0x0000000000000140        0xd build/default/production/_ext/1644529106/timers.o

.progmemx.data  0x000000000000014d        0x6
 .progmemx.data
                0x000000000000014d        0x6 build/default/production/_ext/1644529106/tasks.o
                0x0000000000000152                uxTopUsedPriority

.text.main      0x0000000000000154      0x292
 .text.main     0x0000000000000154      0x292 build/default/production/main.o
                0x0000000000000154                main

.text.xTaskCreate
                0x00000000000003e6      0x28a
 .text.xTaskCreate
                0x00000000000003e6      0x28a build/default/production/_ext/1644529106/tasks.o
                0x00000000000003e6                xTaskCreate

.text.prvXBEEINTask
                0x0000000000000670      0x27c
 .text.prvXBEEINTask
                0x0000000000000670      0x27c build/default/production/main.o
                0x0000000000000670                prvXBEEINTask

.text.xTaskGenericNotifyFromISR
                0x00000000000008ec      0x258
 .text.xTaskGenericNotifyFromISR
                0x00000000000008ec      0x258 build/default/production/_ext/1644529106/tasks.o
                0x00000000000008ec                xTaskGenericNotifyFromISR

.text.xTaskIncrementTick
                0x0000000000000b44      0x232
 .text.xTaskIncrementTick
                0x0000000000000b44      0x232 build/default/production/_ext/1644529106/tasks.o
                0x0000000000000b44                xTaskIncrementTick

.text.xTaskGenericNotify
                0x0000000000000d76      0x204
 .text.xTaskGenericNotify
                0x0000000000000d76      0x204 build/default/production/_ext/1644529106/tasks.o
                0x0000000000000d76                xTaskGenericNotify

.text.prv485INTask
                0x0000000000000f7a      0x200
 .text.prv485INTask
                0x0000000000000f7a      0x200 build/default/production/main.o
                0x0000000000000f7a                prv485INTask

.text.xTaskResumeAll
                0x000000000000117a      0x1bc
 .text.xTaskResumeAll
                0x000000000000117a      0x1bc build/default/production/_ext/1644529106/tasks.o
                0x000000000000117a                xTaskResumeAll

.text.prvWiredInitTask
                0x0000000000001336      0x1bc
 .text.prvWiredInitTask
                0x0000000000001336      0x1bc build/default/production/main.o
                0x0000000000001336                prvWiredInitTask

.text.xQueueSemaphoreTake
                0x00000000000014f2      0x1ba
 .text.xQueueSemaphoreTake
                0x00000000000014f2      0x1ba build/default/production/_ext/1644529106/queue.o
                0x00000000000014f2                xQueueSemaphoreTake

.text.prvTimerTask
                0x00000000000016ac      0x1b6
 .text.prvTimerTask
                0x00000000000016ac      0x1b6 build/default/production/_ext/1644529106/timers.o

.text.prvXBEEOUTTask
                0x0000000000001862      0x1a2
 .text.prvXBEEOUTTask
                0x0000000000001862      0x1a2 build/default/production/main.o
                0x0000000000001862                prvXBEEOUTTask

.text.xTaskRemoveFromEventList
                0x0000000000001a04      0x186
 .text.xTaskRemoveFromEventList
                0x0000000000001a04      0x186 build/default/production/_ext/1644529106/tasks.o
                0x0000000000001a04                xTaskRemoveFromEventList

.text.prvMENUINTask
                0x0000000000001b8a      0x178
 .text.prvMENUINTask
                0x0000000000001b8a      0x178 build/default/production/main.o
                0x0000000000001b8a                prvMENUINTask

.text.xQueueGenericSend
                0x0000000000001d02      0x176
 .text.xQueueGenericSend
                0x0000000000001d02      0x176 build/default/production/_ext/1644529106/queue.o
                0x0000000000001d02                xQueueGenericSend

.text.xStreamBufferSend
                0x0000000000001e78      0x16c
 .text.xStreamBufferSend
                0x0000000000001e78      0x16c build/default/production/_ext/1644529106/stream_buffer.o
                0x0000000000001e78                xStreamBufferSend

.text.prv485OUTTask
                0x0000000000001fe4      0x150
 .text.prv485OUTTask
                0x0000000000001fe4      0x150 build/default/production/main.o
                0x0000000000001fe4                prv485OUTTask

.text.vTaskRemoveFromUnorderedEventList
                0x0000000000002134      0x14e
 .text.vTaskRemoveFromUnorderedEventList
                0x0000000000002134      0x14e build/default/production/_ext/1644529106/tasks.o
                0x0000000000002134                vTaskRemoveFromUnorderedEventList

.text.prvRoundRobinTask
                0x0000000000002282      0x14a
 .text.prvRoundRobinTask
                0x0000000000002282      0x14a build/default/production/main.o
                0x0000000000002282                prvRoundRobinTask

.text.xQueueReceive
                0x00000000000023cc      0x142
 .text.xQueueReceive
                0x00000000000023cc      0x142 build/default/production/_ext/1644529106/queue.o
                0x00000000000023cc                xQueueReceive

.text.xTaskGenericNotifyWait
                0x000000000000250e      0x142
 .text.xTaskGenericNotifyWait
                0x000000000000250e      0x142 build/default/production/_ext/1644529106/tasks.o
                0x000000000000250e                xTaskGenericNotifyWait

.text.xTaskPriorityInherit
                0x0000000000002650      0x128
 .text.xTaskPriorityInherit
                0x0000000000002650      0x128 build/default/production/_ext/1644529106/tasks.o
                0x0000000000002650                xTaskPriorityInherit

.text.xStreamBufferReceive
                0x0000000000002778      0x11a
 .text.xStreamBufferReceive
                0x0000000000002778      0x11a build/default/production/_ext/1644529106/stream_buffer.o
                0x0000000000002778                xStreamBufferReceive

.text.xEventGroupWaitBits
                0x0000000000002892      0x110
 .text.xEventGroupWaitBits
                0x0000000000002892      0x110 build/default/production/_ext/1644529106/event_groups.o
                0x0000000000002892                xEventGroupWaitBits

.text.prvAddCurrentTaskToDelayedList
                0x00000000000029a2      0x102
 .text.prvAddCurrentTaskToDelayedList
                0x00000000000029a2      0x102 build/default/production/_ext/1644529106/tasks.o

.text.xEventGroupSetBits
                0x0000000000002aa4       0xea
 .text.xEventGroupSetBits
                0x0000000000002aa4       0xea build/default/production/_ext/1644529106/event_groups.o
                0x0000000000002aa4                xEventGroupSetBits

.text.vTaskPriorityDisinheritAfterTimeout
                0x0000000000002b8e       0xe6
 .text.vTaskPriorityDisinheritAfterTimeout
                0x0000000000002b8e       0xe6 build/default/production/_ext/1644529106/tasks.o
                0x0000000000002b8e                vTaskPriorityDisinheritAfterTimeout

.text           0x0000000000002c74       0xde
 .text          0x0000000000002c74       0xde c:/program files/microchip/xc8/v2.45/avr/bin/../lib/gcc/avr/5.4.0/../../../../avr/lib/avrxmega4/memx-const\libm.a(divsf3x.o)
                0x0000000000002c74                __divsf3x
                0x0000000000002c9c                __divsf3_pse

.text.prvMENUOUTTask
                0x0000000000002d52       0xda
 .text.prvMENUOUTTask
                0x0000000000002d52       0xda build/default/production/main.o
                0x0000000000002d52                prvMENUOUTTask

.text           0x0000000000002e2c       0xd4
 .text          0x0000000000002e2c       0xd4 c:/program files/microchip/xc8/v2.45/avr/bin/../lib/gcc/avr/5.4.0/../../../../avr/lib/avrxmega4/memx-const\libm.a(mulsf3x.o)
                0x0000000000002e2c                __mulsf3x
                0x0000000000002e52                __mulsf3_pse

.text           0x0000000000002f00       0xce
 .text          0x0000000000002f00       0xce c:/program files/microchip/xc8/v2.45/avr/bin/../lib/gcc/avr/5.4.0/../../../../avr/lib/avrxmega4/memx-const\libm.a(addsf3x.o)
                0x0000000000002f00                __addsf3x

.text.vTaskSwitchContext
                0x0000000000002fce       0xcc
 .text.vTaskSwitchContext
                0x0000000000002fce       0xcc build/default/production/_ext/1644529106/tasks.o
                0x0000000000002fce                vTaskSwitchContext

.text.xQueueGenericReset
                0x000000000000309a       0xc8
 .text.xQueueGenericReset
                0x000000000000309a       0xc8 build/default/production/_ext/1644529106/queue.o
                0x000000000000309a                xQueueGenericReset

.text.xTaskPriorityDisinherit
                0x0000000000003162       0xc6
 .text.xTaskPriorityDisinherit
                0x0000000000003162       0xc6 build/default/production/_ext/1644529106/tasks.o
                0x0000000000003162                xTaskPriorityDisinherit

.text.vPortYieldFromTick
                0x0000000000003228       0xc0
 .text.vPortYieldFromTick
                0x0000000000003228       0xc0 build/default/production/_ext/1347852338/port.o
                0x0000000000003228                vPortYieldFromTick

.text.prvCopyDataToQueue
                0x00000000000032e8       0xbe
 .text.prvCopyDataToQueue
                0x00000000000032e8       0xbe build/default/production/_ext/1644529106/queue.o

.text.vPortYield
                0x00000000000033a6       0xba
 .text.vPortYield
                0x00000000000033a6       0xba build/default/production/_ext/1347852338/port.o
                0x00000000000033a6                vPortYield

.text.vQueueAddToRegistry
                0x0000000000003460       0xac
 .text.vQueueAddToRegistry
                0x0000000000003460       0xac build/default/production/_ext/1644529106/queue.o
                0x0000000000003460                vQueueAddToRegistry

.text.vTaskSuspend
                0x000000000000350c       0xac
 .text.vTaskSuspend
                0x000000000000350c       0xac build/default/production/_ext/1644529106/tasks.o
                0x000000000000350c                vTaskSuspend

.text.prvUnlockQueue
                0x00000000000035b8       0xaa
 .text.prvUnlockQueue
                0x00000000000035b8       0xaa build/default/production/_ext/1644529106/queue.o

.text.xStreamBufferSendFromISR
                0x0000000000003662       0xa2
 .text.xStreamBufferSendFromISR
                0x0000000000003662       0xa2 build/default/production/_ext/1644529106/stream_buffer.o
                0x0000000000003662                xStreamBufferSendFromISR

.text.prvWriteMessageToBuffer
                0x0000000000003704       0xa0
 .text.prvWriteMessageToBuffer
                0x0000000000003704       0xa0 build/default/production/_ext/1644529106/stream_buffer.o

.text.prvWriteBytesToBuffer
                0x00000000000037a4       0x96
 .text.prvWriteBytesToBuffer
                0x00000000000037a4       0x96 build/default/production/_ext/1644529106/stream_buffer.o

.text.vTaskPlaceOnEventListRestricted
                0x000000000000383a       0x92
 .text.vTaskPlaceOnEventListRestricted
                0x000000000000383a       0x92 build/default/production/_ext/1644529106/tasks.o
                0x000000000000383a                vTaskPlaceOnEventListRestricted

.text.prvReadMessageFromBuffer
                0x00000000000038cc       0x90
 .text.prvReadMessageFromBuffer
                0x00000000000038cc       0x90 build/default/production/_ext/1644529106/stream_buffer.o

.text.prvReadBytesFromBuffer
                0x000000000000395c       0x8c
 .text.prvReadBytesFromBuffer
                0x000000000000395c       0x8c build/default/production/_ext/1644529106/stream_buffer.o

.text.xStreamBufferReceiveFromISR
                0x00000000000039e8       0x8c
 .text.xStreamBufferReceiveFromISR
                0x00000000000039e8       0x8c build/default/production/_ext/1644529106/stream_buffer.o
                0x00000000000039e8                xStreamBufferReceiveFromISR

.text.vTaskPlaceOnUnorderedEventList
                0x0000000000003a74       0x8c
 .text.vTaskPlaceOnUnorderedEventList
                0x0000000000003a74       0x8c build/default/production/_ext/1644529106/tasks.o
                0x0000000000003a74                vTaskPlaceOnUnorderedEventList

.text.__vector_20
                0x0000000000003b00       0x8c
 .text.__vector_20
                0x0000000000003b00       0x8c build/default/production/main.o
                0x0000000000003b00                __vector_20

.text.__vector_32
                0x0000000000003b8c       0x8c
 .text.__vector_32
                0x0000000000003b8c       0x8c build/default/production/main.o
                0x0000000000003b8c                __vector_32

.text.__vector_38
                0x0000000000003c18       0x8c
 .text.__vector_38
                0x0000000000003c18       0x8c build/default/production/main.o
                0x0000000000003c18                __vector_38

.text.__vector_19
                0x0000000000003ca4       0x86
 .text.__vector_19
                0x0000000000003ca4       0x86 build/default/production/main.o
                0x0000000000003ca4                __vector_19

.text.__vector_31
                0x0000000000003d2a       0x86
 .text.__vector_31
                0x0000000000003d2a       0x86 build/default/production/main.o
                0x0000000000003d2a                __vector_31

.text.__vector_37
                0x0000000000003db0       0x86
 .text.__vector_37
                0x0000000000003db0       0x86 build/default/production/main.o
                0x0000000000003db0                __vector_37

.text.xQueueGenericCreate
                0x0000000000003e36       0x84
 .text.xQueueGenericCreate
                0x0000000000003e36       0x84 build/default/production/_ext/1644529106/queue.o
                0x0000000000003e36                xQueueGenericCreate

.text.prvSampleTimeNow
                0x0000000000003eba       0x84
 .text.prvSampleTimeNow
                0x0000000000003eba       0x84 build/default/production/_ext/1644529106/timers.o

.text.xStreamBufferSpacesAvailable
                0x0000000000003f3e       0x80
 .text.xStreamBufferSpacesAvailable
                0x0000000000003f3e       0x80 build/default/production/_ext/1644529106/stream_buffer.o
                0x0000000000003f3e                xStreamBufferSpacesAvailable

.text           0x0000000000003fbe       0x7a
 .text          0x0000000000003fbe       0x7a c:/program files/microchip/xc8/v2.45/avr/bin/../lib/gcc/avr/5.4.0/../../../../avr/lib/avrxmega4/memx-const\libm.a(floatsisf.o)
                0x0000000000003fbe                __floatunsisf
                0x0000000000003fc2                __floatsisf

.text.xQueueGiveFromISR
                0x0000000000004038       0x78
 .text.xQueueGiveFromISR
                0x0000000000004038       0x78 build/default/production/_ext/1644529106/queue.o
                0x0000000000004038                xQueueGiveFromISR

.text.pvPortMalloc
                0x00000000000040b0       0x74
 .text.pvPortMalloc
                0x00000000000040b0       0x74 build/default/production/_ext/1644529106/heap_1.o
                0x00000000000040b0                pvPortMalloc

.text.xTaskCheckForTimeOut
                0x0000000000004124       0x72
 .text.xTaskCheckForTimeOut
                0x0000000000004124       0x72 build/default/production/_ext/1644529106/tasks.o
                0x0000000000004124                xTaskCheckForTimeOut

.text.xPortStartScheduler
                0x0000000000004196       0x6e
 .text.xPortStartScheduler
                0x0000000000004196       0x6e build/default/production/_ext/1347852338/port.o
                0x0000000000004196                xPortStartScheduler

.text.xStreamBufferGenericCreate
                0x0000000000004204       0x6c
 .text.xStreamBufferGenericCreate
                0x0000000000004204       0x6c build/default/production/_ext/1644529106/stream_buffer.o
                0x0000000000004204                xStreamBufferGenericCreate

.text.__vector_21
                0x0000000000004270       0x6c
 .text.__vector_21
                0x0000000000004270       0x6c build/default/production/main.o
                0x0000000000004270                __vector_21

.text.USART0_init
                0x00000000000042dc       0x68
 .text.USART0_init
                0x00000000000042dc       0x68 build/default/production/_ext/83377035/USART.o
                0x00000000000042dc                USART0_init

.text.vTaskStartScheduler
                0x0000000000004344       0x66
 .text.vTaskStartScheduler
                0x0000000000004344       0x66 build/default/production/_ext/1644529106/tasks.o
                0x0000000000004344                vTaskStartScheduler

.text.__vector_33
                0x00000000000043aa       0x66
 .text.__vector_33
                0x00000000000043aa       0x66 build/default/production/main.o
                0x00000000000043aa                __vector_33

.text.__vector_39
                0x0000000000004410       0x66
 .text.__vector_39
                0x0000000000004410       0x66 build/default/production/main.o
                0x0000000000004410                __vector_39

.text.vListInsert
                0x0000000000004476       0x62
 .text.vListInsert
                0x0000000000004476       0x62 build/default/production/_ext/1644529106/list.o
                0x0000000000004476                vListInsert

.text.prvCheckForValidListAndQueue
                0x00000000000044d8       0x60
 .text.prvCheckForValidListAndQueue
                0x00000000000044d8       0x60 build/default/production/_ext/1644529106/timers.o

.text.prvInsertTimerInActiveList
                0x0000000000004538       0x5e
 .text.prvInsertTimerInActiveList
                0x0000000000004538       0x5e build/default/production/_ext/1644529106/timers.o

.text           0x0000000000004596       0x5e
 .text          0x0000000000004596       0x5e c:/program files/microchip/xc8/v2.45/avr/bin/../lib/gcc/avr/5.4.0/../../../../avr/lib/avrxmega4/memx-const\libm.a(fixunssfsi.o)
                0x0000000000004596                __fixunssfsi

.text.USART1_init
                0x00000000000045f4       0x5c
 .text.USART1_init
                0x00000000000045f4       0x5c build/default/production/_ext/83377035/USART.o
                0x00000000000045f4                USART1_init

.text.USART2_init
                0x0000000000004650       0x5c
 .text.USART2_init
                0x0000000000004650       0x5c build/default/production/_ext/83377035/USART.o
                0x0000000000004650                USART2_init

.text.prvProcessExpiredTimer
                0x00000000000046ac       0x56
 .text.prvProcessExpiredTimer
                0x00000000000046ac       0x56 build/default/production/_ext/1644529106/timers.o

.text.prvBytesInBuffer
                0x0000000000004702       0x54
 .text.prvBytesInBuffer
                0x0000000000004702       0x54 build/default/production/_ext/1644529106/stream_buffer.o

.text.xTimerCreateTimerTask
                0x0000000000004756       0x54
 .text.xTimerCreateTimerTask
                0x0000000000004756       0x54 build/default/production/_ext/1644529106/timers.o
                0x0000000000004756                xTimerCreateTimerTask

.text.uxListRemove
                0x00000000000047aa       0x4e
 .text.uxListRemove
                0x00000000000047aa       0x4e build/default/production/_ext/1644529106/list.o
                0x00000000000047aa                uxListRemove

.text.prvReloadTimer
                0x00000000000047f8       0x48
 .text.prvReloadTimer
                0x00000000000047f8       0x48 build/default/production/_ext/1644529106/timers.o

.text           0x0000000000004840       0x44
 .text          0x0000000000004840       0x44 c:/program files/microchip/xc8/v2.45/avr/bin/../lib/gcc/avr/5.4.0/../../../../avr/lib/avrxmega4/memx-const\libm.a(fp_split3.o)
                0x0000000000004840                __fp_split3
                0x0000000000004850                __fp_splitA

.text.vListInsertEnd
                0x0000000000004884       0x42
 .text.vListInsertEnd
                0x0000000000004884       0x42 build/default/production/_ext/1644529106/list.o
                0x0000000000004884                vListInsertEnd

.text.xQueueCreateMutex
                0x00000000000048c6       0x3a
 .text.xQueueCreateMutex
                0x00000000000048c6       0x3a build/default/production/_ext/1644529106/queue.o
                0x00000000000048c6                xQueueCreateMutex

.text.vQueueWaitForMessageRestricted
                0x0000000000004900       0x3a
 .text.vQueueWaitForMessageRestricted
                0x0000000000004900       0x3a build/default/production/_ext/1644529106/queue.o
                0x0000000000004900                vQueueWaitForMessageRestricted

.text.prvResetNextTaskUnblockTime
                0x000000000000493a       0x38
 .text.prvResetNextTaskUnblockTime
                0x000000000000493a       0x38 build/default/production/_ext/1644529106/tasks.o

.text.prvCopyDataFromQueue
                0x0000000000004972       0x36
 .text.prvCopyDataFromQueue
                0x0000000000004972       0x36 build/default/production/_ext/1644529106/queue.o

.text.xTaskGenericNotifyStateClear
                0x00000000000049a8       0x34
 .text.xTaskGenericNotifyStateClear
                0x00000000000049a8       0x34 build/default/production/_ext/1644529106/tasks.o
                0x00000000000049a8                xTaskGenericNotifyStateClear

.text.memcpy    0x00000000000049dc       0x32
 .text.memcpy   0x00000000000049dc       0x32 c:/program files/microchip/xc8/v2.45/avr/bin/../lib/gcc/avr/5.4.0/../../../../avr/lib/avrxmega4/memx-const\libc.a(memcpy.o)
                0x00000000000049dc                memcpy

.text.uxTaskResetEventItemValue
                0x0000000000004a0e       0x2e
 .text.uxTaskResetEventItemValue
                0x0000000000004a0e       0x2e build/default/production/_ext/1644529106/tasks.o
                0x0000000000004a0e                uxTaskResetEventItemValue

.text.vTaskDelay
                0x0000000000004a3c       0x28
 .text.vTaskDelay
                0x0000000000004a3c       0x28 build/default/production/_ext/1644529106/tasks.o
                0x0000000000004a3c                vTaskDelay

.text.libgcc.div
                0x0000000000004a64       0x28
 .text.libgcc.div
                0x0000000000004a64       0x28 c:/program files/microchip/xc8/v2.45/avr/bin/../lib/gcc/avr/5.4.0/avrxmega4/memx-const\libgcc.a(_udivmodhi4.o)
                0x0000000000004a64                __udivmodhi4

.text.pxPortInitialiseStack
                0x0000000000004a8c       0x26
 .text.pxPortInitialiseStack
                0x0000000000004a8c       0x26 build/default/production/_ext/1347852338/port.o
                0x0000000000004a8c                pxPortInitialiseStack

.text.xEventGroupCreate
                0x0000000000004ab2       0x26
 .text.xEventGroupCreate
                0x0000000000004ab2       0x26 build/default/production/_ext/1644529106/event_groups.o
                0x0000000000004ab2                xEventGroupCreate

.text.vTaskPlaceOnEventList
                0x0000000000004ad8       0x24
 .text.vTaskPlaceOnEventList
                0x0000000000004ad8       0x24 build/default/production/_ext/1644529106/tasks.o
                0x0000000000004ad8                vTaskPlaceOnEventList

.text.pvTaskIncrementMutexHeldCount
                0x0000000000004afc       0x24
 .text.pvTaskIncrementMutexHeldCount
                0x0000000000004afc       0x24 build/default/production/_ext/1644529106/tasks.o
                0x0000000000004afc                pvTaskIncrementMutexHeldCount

.text.prvIsQueueEmpty
                0x0000000000004b20       0x22
 .text.prvIsQueueEmpty
                0x0000000000004b20       0x22 build/default/production/_ext/1644529106/queue.o

.text           0x0000000000004b42       0x22
 .text          0x0000000000004b42       0x22 c:/program files/microchip/xc8/v2.45/avr/bin/../lib/gcc/avr/5.4.0/../../../../avr/lib/avrxmega4/memx-const\libm.a(fp_round.o)
                0x0000000000004b42                __fp_round

.text.vTaskSetTimeOutState
                0x0000000000004b64       0x20
 .text.vTaskSetTimeOutState
                0x0000000000004b64       0x20 build/default/production/_ext/1644529106/tasks.o
                0x0000000000004b64                vTaskSetTimeOutState

.text.vListInitialise
                0x0000000000004b84       0x1c
 .text.vListInitialise
                0x0000000000004b84       0x1c build/default/production/_ext/1644529106/list.o
                0x0000000000004b84                vListInitialise

.text.vTaskInternalSetTimeOutState
                0x0000000000004ba0       0x16
 .text.vTaskInternalSetTimeOutState
                0x0000000000004ba0       0x16 build/default/production/_ext/1644529106/tasks.o
                0x0000000000004ba0                vTaskInternalSetTimeOutState

.text.exit      0x0000000000004bb6       0x16
 .text.exit     0x0000000000004bb6       0x16 c:/program files/microchip/xc8/v2.45/avr/bin/../lib/gcc/avr/5.4.0/../../../../avr/lib/avrxmega4/memx-const\libc.a(exit.o)
                0x0000000000004bb6                exit

.text.xTaskGetTickCount
                0x0000000000004bcc       0x14
 .text.xTaskGetTickCount
                0x0000000000004bcc       0x14 build/default/production/_ext/1644529106/tasks.o
                0x0000000000004bcc                xTaskGetTickCount

.text.libgcc    0x0000000000004be0       0x12
 .text.libgcc   0x0000000000004be0       0x12 c:/program files/microchip/xc8/v2.45/avr/bin/../lib/gcc/avr/5.4.0/avrxmega4/memx-const\libgcc.a(_tablejump2.o)
                0x0000000000004be0                __tablejump2__

.text.libgcc    0x0000000000004bf2       0x12
 .text.libgcc   0x0000000000004bf2       0x12 c:/program files/microchip/xc8/v2.45/avr/bin/../lib/gcc/avr/5.4.0/avrxmega4/memx-const\libgcc.a(_xload_2.o)
                0x0000000000004bf2                __xload_2

.text.__vector_12
                0x0000000000004c04       0x10
 .text.__vector_12
                0x0000000000004c04       0x10 build/default/production/_ext/1347852338/port.o
                0x0000000000004c04                __vector_12

.text.prvIdleTask
                0x0000000000004c14       0x10
 .text.prvIdleTask
                0x0000000000004c14       0x10 build/default/production/_ext/1644529106/tasks.o

.text           0x0000000000004c24        0xe
 .text          0x0000000000004c24        0xe c:/program files/microchip/xc8/v2.45/avr/bin/../lib/gcc/avr/5.4.0/../../../../avr/lib/avrxmega4/memx-const\libm.a(addsf3.o)
                0x0000000000004c24                __subsf3
                0x0000000000004c26                __addsf3

.text           0x0000000000004c32        0xe
 .text          0x0000000000004c32        0xe c:/program files/microchip/xc8/v2.45/avr/bin/../lib/gcc/avr/5.4.0/../../../../avr/lib/avrxmega4/memx-const\libm.a(fp_pscA.o)
                0x0000000000004c32                __fp_pscA

.text           0x0000000000004c40        0xe
 .text          0x0000000000004c40        0xe c:/program files/microchip/xc8/v2.45/avr/bin/../lib/gcc/avr/5.4.0/../../../../avr/lib/avrxmega4/memx-const\libm.a(fp_pscB.o)
                0x0000000000004c40                __fp_pscB

.text           0x0000000000004c4e        0xe
 .text          0x0000000000004c4e        0xe c:/program files/microchip/xc8/v2.45/avr/bin/../lib/gcc/avr/5.4.0/../../../../avr/lib/avrxmega4/memx-const\libm.a(fp_zero.o)
                0x0000000000004c4e                __fp_zero
                0x0000000000004c50                __fp_szero

.text.libgcc    0x0000000000004c5c        0xe
 .text.libgcc   0x0000000000004c5c        0xe c:/program files/microchip/xc8/v2.45/avr/bin/../lib/gcc/avr/5.4.0/avrxmega4/memx-const\libgcc.a(_xload_1.o)
                0x0000000000004c5c                __xload_1

.text.vTaskSuspendAll
                0x0000000000004c6a        0xc
 .text.vTaskSuspendAll
                0x0000000000004c6a        0xc build/default/production/_ext/1644529106/tasks.o
                0x0000000000004c6a                vTaskSuspendAll

.text           0x0000000000004c76        0xc
 .text          0x0000000000004c76        0xc c:/program files/microchip/xc8/v2.45/avr/bin/../lib/gcc/avr/5.4.0/../../../../avr/lib/avrxmega4/memx-const\libm.a(fp_inf.o)
                0x0000000000004c76                __fp_inf

.text.xTaskGetCurrentTaskHandle
                0x0000000000004c82        0xa
 .text.xTaskGetCurrentTaskHandle
                0x0000000000004c82        0xa build/default/production/_ext/1644529106/tasks.o
                0x0000000000004c82                xTaskGetCurrentTaskHandle

.text.vListInitialiseItem
                0x0000000000004c8c        0x8
 .text.vListInitialiseItem
                0x0000000000004c8c        0x8 build/default/production/_ext/1644529106/list.o
                0x0000000000004c8c                vListInitialiseItem

.text.vTaskMissedYield
                0x0000000000004c94        0x8
 .text.vTaskMissedYield
                0x0000000000004c94        0x8 build/default/production/_ext/1644529106/tasks.o
                0x0000000000004c94                vTaskMissedYield

.text           0x0000000000004c9c        0x8
 .text          0x0000000000004c9c        0x8 c:/program files/microchip/xc8/v2.45/avr/bin/../lib/gcc/avr/5.4.0/../../../../avr/lib/avrxmega4/memx-const\libm.a(divsf3.o)
                0x0000000000004c9c                __divsf3

.text           0x0000000000004ca4        0x8
 .text          0x0000000000004ca4        0x8 c:/program files/microchip/xc8/v2.45/avr/bin/../lib/gcc/avr/5.4.0/../../../../avr/lib/avrxmega4/memx-const\libm.a(mulsf3.o)
                0x0000000000004ca4                __mulsf3

.text.uxTaskGetNumberOfTasks
                0x0000000000004cac        0x6
 .text.uxTaskGetNumberOfTasks
                0x0000000000004cac        0x6 build/default/production/_ext/1644529106/tasks.o
                0x0000000000004cac                uxTaskGetNumberOfTasks

.text           0x0000000000004cb2        0x6
 .text          0x0000000000004cb2        0x6 c:/program files/microchip/xc8/v2.45/avr/bin/../lib/gcc/avr/5.4.0/../../../../avr/lib/avrxmega4/memx-const\libm.a(fp_nan.o)
                0x0000000000004cb2                __fp_nan

.text           0x0000000000004cb8        0x4
 .text          0x0000000000004cb8        0x4 C:/Users/miste/.mchp_packs/Microchip/AVR-Dx_DFP/2.4.286/xc8/avr/lib/avrxmega4/memx-const/crtavr128da28.o
                0x0000000000004cb8                __vector_22
                0x0000000000004cb8                __vector_28
                0x0000000000004cb8                __vector_1
                0x0000000000004cb8                __vector_34
                0x0000000000004cb8                __vector_24
                0x0000000000004cb8                __bad_interrupt
                0x0000000000004cb8                __vector_6
                0x0000000000004cb8                __vector_35
                0x0000000000004cb8                __vector_3
                0x0000000000004cb8                __vector_23
                0x0000000000004cb8                __vector_30
                0x0000000000004cb8                __vector_25
                0x0000000000004cb8                __vector_11
                0x0000000000004cb8                __vector_13
                0x0000000000004cb8                __vector_17
                0x0000000000004cb8                __vector_7
                0x0000000000004cb8                __vector_27
                0x0000000000004cb8                __vector_5
                0x0000000000004cb8                __vector_4
                0x0000000000004cb8                __vector_9
                0x0000000000004cb8                __vector_2
                0x0000000000004cb8                __vector_15
                0x0000000000004cb8                __vector_36
                0x0000000000004cb8                __vector_29
                0x0000000000004cb8                __vector_40
                0x0000000000004cb8                __vector_8
                0x0000000000004cb8                __vector_26
                0x0000000000004cb8                __vector_14
                0x0000000000004cb8                __vector_10
                0x0000000000004cb8                __vector_16
                0x0000000000004cb8                __vector_18

.text._Exit     0x0000000000004cbc        0x4
 .text._Exit    0x0000000000004cbc        0x4 c:/program files/microchip/xc8/v2.45/avr/bin/../lib/gcc/avr/5.4.0/../../../../avr/lib/avrxmega4/memx-const\libc.a(_Exit.o)
                0x0000000000004cbc                _Exit

.text.vPortFree
                0x0000000000004cc0        0x2
 .text.vPortFree
                0x0000000000004cc0        0x2 build/default/production/_ext/1644529106/heap_1.o
                0x0000000000004cc0                vPortFree

.text.__dummy_fini
                0x0000000000004cc2        0x2
 .text.__dummy_fini
                0x0000000000004cc2        0x2 c:/program files/microchip/xc8/v2.45/avr/bin/../lib/gcc/avr/5.4.0/../../../../avr/lib/avrxmega4/memx-const\libc.a(exit.o)
                0x0000000000004cc2                _fini

.text.__dummy_funcs_on_exit
                0x0000000000004cc4        0x2
 .text.__dummy_funcs_on_exit
                0x0000000000004cc4        0x2 c:/program files/microchip/xc8/v2.45/avr/bin/../lib/gcc/avr/5.4.0/../../../../avr/lib/avrxmega4/memx-const\libc.a(exit.o)
                0x0000000000004cc4                __funcs_on_exit

.text.__dummy_simulator_exit
                0x0000000000004cc6        0x2
 .text.__dummy_simulator_exit
                0x0000000000004cc6        0x2 c:/program files/microchip/xc8/v2.45/avr/bin/../lib/gcc/avr/5.4.0/../../../../avr/lib/avrxmega4/memx-const\libc.a(exit.o)
                0x0000000000004cc6                __simulator_exit

.data.USART2BAUD
                0x0000000000806163        0x4 load address 0x0000000000004cc8
 .data.USART2BAUD
                0x0000000000806163        0x4 build/default/production/_ext/83377035/USART.o
                0x0000000000806163                USART2BAUD

.data.USART1BAUD
                0x0000000000806167        0x4 load address 0x0000000000004ccc
 .data.USART1BAUD
                0x0000000000806167        0x4 build/default/production/_ext/83377035/USART.o
                0x0000000000806167                USART1BAUD

.data.USART0BAUD
                0x000000000080616b        0x4 load address 0x0000000000004cd0
 .data.USART0BAUD
                0x000000000080616b        0x4 build/default/production/_ext/83377035/USART.o
                0x000000000080616b                USART0BAUD
