Archive member included to satisfy reference by file (symbol)

c:/program files/microchip/xc8/v2.45/avr/bin/../lib/gcc/avr/5.4.0/../../../../avr/lib/avrxmega4/memx-const\libm.a(addsf3.o)
                              build/default/debug/_ext/83377035/USART.o (__addsf3)
c:/program files/microchip/xc8/v2.45/avr/bin/../lib/gcc/avr/5.4.0/../../../../avr/lib/avrxmega4/memx-const\libm.a(addsf3x.o)
                              c:/program files/microchip/xc8/v2.45/avr/bin/../lib/gcc/avr/5.4.0/../../../../avr/lib/avrxmega4/memx-const\libm.a(addsf3.o) (__addsf3x)
c:/program files/microchip/xc8/v2.45/avr/bin/../lib/gcc/avr/5.4.0/../../../../avr/lib/avrxmega4/memx-const\libm.a(divsf3.o)
                              build/default/debug/_ext/83377035/USART.o (__divsf3)
c:/program files/microchip/xc8/v2.45/avr/bin/../lib/gcc/avr/5.4.0/../../../../avr/lib/avrxmega4/memx-const\libm.a(divsf3x.o)
                              c:/program files/microchip/xc8/v2.45/avr/bin/../lib/gcc/avr/5.4.0/../../../../avr/lib/avrxmega4/memx-const\libm.a(divsf3.o) (__divsf3x)
c:/program files/microchip/xc8/v2.45/avr/bin/../lib/gcc/avr/5.4.0/../../../../avr/lib/avrxmega4/memx-const\libm.a(fixunssfsi.o)
                              build/default/debug/_ext/83377035/USART.o (__fixunssfsi)
c:/program files/microchip/xc8/v2.45/avr/bin/../lib/gcc/avr/5.4.0/../../../../avr/lib/avrxmega4/memx-const\libm.a(floatsisf.o)
                              build/default/debug/_ext/83377035/USART.o (__floatunsisf)
c:/program files/microchip/xc8/v2.45/avr/bin/../lib/gcc/avr/5.4.0/../../../../avr/lib/avrxmega4/memx-const\libm.a(fp_inf.o)
                              c:/program files/microchip/xc8/v2.45/avr/bin/../lib/gcc/avr/5.4.0/../../../../avr/lib/avrxmega4/memx-const\libm.a(addsf3x.o) (__fp_inf)
c:/program files/microchip/xc8/v2.45/avr/bin/../lib/gcc/avr/5.4.0/../../../../avr/lib/avrxmega4/memx-const\libm.a(fp_nan.o)
                              c:/program files/microchip/xc8/v2.45/avr/bin/../lib/gcc/avr/5.4.0/../../../../avr/lib/avrxmega4/memx-const\libm.a(addsf3x.o) (__fp_nan)
c:/program files/microchip/xc8/v2.45/avr/bin/../lib/gcc/avr/5.4.0/../../../../avr/lib/avrxmega4/memx-const\libm.a(fp_pscA.o)
                              c:/program files/microchip/xc8/v2.45/avr/bin/../lib/gcc/avr/5.4.0/../../../../avr/lib/avrxmega4/memx-const\libm.a(addsf3x.o) (__fp_pscA)
c:/program files/microchip/xc8/v2.45/avr/bin/../lib/gcc/avr/5.4.0/../../../../avr/lib/avrxmega4/memx-const\libm.a(fp_pscB.o)
                              c:/program files/microchip/xc8/v2.45/avr/bin/../lib/gcc/avr/5.4.0/../../../../avr/lib/avrxmega4/memx-const\libm.a(addsf3x.o) (__fp_pscB)
c:/program files/microchip/xc8/v2.45/avr/bin/../lib/gcc/avr/5.4.0/../../../../avr/lib/avrxmega4/memx-const\libm.a(fp_round.o)
                              c:/program files/microchip/xc8/v2.45/avr/bin/../lib/gcc/avr/5.4.0/../../../../avr/lib/avrxmega4/memx-const\libm.a(addsf3.o) (__fp_round)
c:/program files/microchip/xc8/v2.45/avr/bin/../lib/gcc/avr/5.4.0/../../../../avr/lib/avrxmega4/memx-const\libm.a(fp_split3.o)
                              c:/program files/microchip/xc8/v2.45/avr/bin/../lib/gcc/avr/5.4.0/../../../../avr/lib/avrxmega4/memx-const\libm.a(addsf3x.o) (__fp_split3)
c:/program files/microchip/xc8/v2.45/avr/bin/../lib/gcc/avr/5.4.0/../../../../avr/lib/avrxmega4/memx-const\libm.a(fp_zero.o)
                              c:/program files/microchip/xc8/v2.45/avr/bin/../lib/gcc/avr/5.4.0/../../../../avr/lib/avrxmega4/memx-const\libm.a(addsf3x.o) (__fp_zero)
c:/program files/microchip/xc8/v2.45/avr/bin/../lib/gcc/avr/5.4.0/../../../../avr/lib/avrxmega4/memx-const\libm.a(mulsf3.o)
                              build/default/debug/_ext/83377035/USART.o (__mulsf3)
c:/program files/microchip/xc8/v2.45/avr/bin/../lib/gcc/avr/5.4.0/../../../../avr/lib/avrxmega4/memx-const\libm.a(mulsf3x.o)
                              c:/program files/microchip/xc8/v2.45/avr/bin/../lib/gcc/avr/5.4.0/../../../../avr/lib/avrxmega4/memx-const\libm.a(mulsf3.o) (__mulsf3x)
c:/program files/microchip/xc8/v2.45/avr/bin/../lib/gcc/avr/5.4.0/avrxmega4/memx-const\libgcc.a(_udivmodhi4.o)
                              build/default/debug/_ext/1644529106/queue.o (__udivmodhi4)
c:/program files/microchip/xc8/v2.45/avr/bin/../lib/gcc/avr/5.4.0/avrxmega4/memx-const\libgcc.a(_tablejump2.o)
                              build/default/debug/_ext/83377035/ShiftReg.o (__tablejump2__)
c:/program files/microchip/xc8/v2.45/avr/bin/../lib/gcc/avr/5.4.0/avrxmega4/memx-const\libgcc.a(_copy_data.o)
                              build/default/debug/_ext/83377035/USART.o (__do_copy_data)
c:/program files/microchip/xc8/v2.45/avr/bin/../lib/gcc/avr/5.4.0/avrxmega4/memx-const\libgcc.a(_xload_1.o)
                              build/default/debug/_ext/1644529106/event_groups.o (__xload_1)
c:/program files/microchip/xc8/v2.45/avr/bin/../lib/gcc/avr/5.4.0/avrxmega4/memx-const\libgcc.a(_xload_2.o)
[...]
Memory Configuration

Name             Origin             Length             Attributes
text             0x0000000000000000 0x0000000000020000 xr
data             0x0000000000804000 0x0000000000004000 rw !x
eeprom           0x0000000000810000 0x0000000000000200 rw !x
fuse             0x0000000000820000 0x0000000000000010 rw !x
lock             0x0000000000830000 0x0000000000000400 rw !x
signature        0x0000000000840000 0x0000000000000400 rw !x
user_signatures  0x0000000000850000 0x0000000000000400 rw !x
bootrow          0x0000000000860000 0x0000000000000400 rw !x
*default*        0x0000000000000000 0xffffffffffffffff

Linker script and memory map

Address of section .data set to 0x804000
                0x0000000000008000                __RODATA_PM_OFFSET__ = 0x8000
LOAD C:/Users/miste/.mchp_packs/Microchip/AVR-Dx_DFP/2.4.286/xc8/avr/lib/avrxmega4/memx-const/crtavr128da28.o
                0x0000000000000001                __MPLAB_BUILD = 0x1
LOAD build/default/debug/_ext/83377035/USART.o
LOAD build/default/debug/_ext/83377035/ShiftReg.o
LOAD build/default/debug/_ext/83377035/I2C.o
LOAD build/default/debug/_ext/1347852338/port.o
LOAD build/default/debug/_ext/1644529106/event_groups.o
LOAD build/default/debug/_ext/1644529106/heap_1.o
LOAD build/default/debug/_ext/1644529106/list.o
LOAD build/default/debug/_ext/1644529106/queue.o
LOAD build/default/debug/_ext/1644529106/stream_buffer.o
LOAD build/default/debug/_ext/1644529106/tasks.o
LOAD build/default/debug/_ext/1644529106/timers.o
LOAD build/default/debug/main.o
LOAD build/default/debug/DSIO.o
LOAD build/default/debug/_ext/2083278984/MENUTASKS.o
START GROUP
LOAD c:/program files/microchip/xc8/v2.45/avr/bin/../lib/gcc/avr/5.4.0/../../../../avr/lib/avrxmega4/memx-const\libm.a
END GROUP
                0x0000000000000001                __MPLAB_DEBUG = 0x1
                0x0000000000000001                __DEBUG = 0x1
START GROUP
LOAD c:/program files/microchip/xc8/v2.45/avr/bin/../lib/gcc/avr/5.4.0/avrxmega4/memx-const\libgcc.a
LOAD c:/program files/microchip/xc8/v2.45/avr/bin/../lib/gcc/avr/5.4.0/../../../../avr/lib/avrxmega4/memx-const\libm.a
LOAD c:/program files/microchip/xc8/v2.45/avr/bin/../lib/gcc/avr/5.4.0/../../../../avr/lib/avrxmega4/memx-const\libc.a
LOAD C:/Users/miste/.mchp_packs/Microchip/AVR-Dx_DFP/2.4.286/xc8/avr/lib/avrxmega4/memx-const\libavr128da28.a
END GROUP
                [0x0000000000000000]                __TEXT_REGION_ORIGIN__ = DEFINED (__TEXT_REGION_ORIGIN__)?__TEXT_REGION_ORIGIN__:0x0
                [0x0000000000804000]                __DATA_REGION_ORIGIN__ = DEFINED (__DATA_REGION_ORIGIN__)?__DATA_REGION_ORIGIN__:0x802000
                [0x0000000000020000]                __TEXT_REGION_LENGTH__ = DEFINED (__TEXT_REGION_LENGTH__)?__TEXT_REGION_LENGTH__:0x100000
                [0x0000000000004000]                __DATA_REGION_LENGTH__ = DEFINED (__DATA_REGION_LENGTH__)?__DATA_REGION_LENGTH__:0xffa0
                [0x0000000000000200]                __EEPROM_REGION_LENGTH__ = DEFINED (__EEPROM_REGION_LENGTH__)?__EEPROM_REGION_LENGTH__:0x10000
                [0x0000000000000010]                __FUSE_REGION_LENGTH__ = DEFINED (__FUSE_REGION_LENGTH__)?__FUSE_REGION_LENGTH__:0x400
                0x0000000000000400                __LOCK_REGION_LENGTH__ = DEFINED (__LOCK_REGION_LENGTH__)?__LOCK_REGION_LENGTH__:0x400
                0x0000000000000400                __SIGNATURE_REGION_LENGTH__ = DEFINED (__SIGNATURE_REGION_LENGTH__)?__SIGNATURE_REGION_LENGTH__:0x400
                0x0000000000000400                __USER_SIGNATURE_REGION_LENGTH__ = DEFINED (__USER_SIGNATURE_REGION_LENGTH__)?__USER_SIGNATURE_REGION_LENGTH__:0x400
                0x0000000000000400                __BOOTROW_REGION_LENGTH__ = DEFINED (__BOOTROW_REGION_LENGTH__)?__BOOTROW_REGION_LENGTH__:0x400

.hash
 *(.hash)

.dynsym
 *(.dynsym)

.dynstr
 *(.dynstr)

.gnu.version
 *(.gnu.version)

.gnu.version_d
 *(.gnu.version_d)

.gnu.version_r
 *(.gnu.version_r)

.rel.init
 *(.rel.init)

.rela.init
 *(.rela.init)

.rel.text
 *(.rel.text)
 *(.rel.text.*)
 *(.rel.gnu.linkonce.t*)

.rela.text
 *(.rela.text)
 *(.rela.text.*)
 *(.rela.gnu.linkonce.t*)

.rel.fini
 *(.rel.fini)

.rela.fini
 *(.rela.fini)

.rel.rodata
 *(.rel.rodata)
 *(.rel.rodata.*)
 *(.rel.gnu.linkonce.r*)

.rela.rodata
 *(.rela.rodata)
 *(.rela.rodata.*)
 *(.rela.gnu.linkonce.r*)

.rel.data
 *(.rel.data)
 *(.rel.data.*)
 *(.rel.gnu.linkonce.d*)

.rela.data
 *(.rela.data)
 *(.rela.data.*)
 *(.rela.gnu.linkonce.d*)

.rel.ctors
 *(.rel.ctors)

.rela.ctors
 *(.rela.ctors)

.rel.dtors
 *(.rel.dtors)

.rela.dtors
 *(.rela.dtors)

.rel.got
 *(.rel.got)

.rela.got
 *(.rela.got)

.rel.bss
 *(.rel.bss)

.rela.bss
 *(.rela.bss)

.rel.plt
 *(.rel.plt)

.rela.plt
 *(.rela.plt)

.text           0x0000000000000000      0x252
 *(.vectors)
 .vectors       0x0000000000000000       0xa4 C:/Users/miste/.mchp_packs/Microchip/AVR-Dx_DFP/2.4.286/xc8/avr/lib/avrxmega4/memx-const/crtavr128da28.o
                0x0000000000000000                __vector_default
                0x0000000000000000                __vectors
 *(.vectors)
 *(.progmem.gcc*)
 .progmem.gcc_sw_table.I2C_translate
                0x00000000000000a4       0x96 build/default/debug/_ext/83377035/I2C.o
 .progmem.gcc_sw_table.prvTimerTask
                0x000000000000013a       0x12 build/default/debug/_ext/1644529106/timers.o
 .progmem.gcc_sw_table.prvMENUTask
                0x000000000000014c       0x78 build/default/debug/main.o
 *(.dinit)
 .dinit         0x00000000000001c4       0x35 data_init
                0x00000000000001fa                . = ALIGN (0x2)
 *fill*         0x00000000000001f9        0x1 
                0x00000000000001fa                __trampolines_start = .
 *(.trampolines)
 .trampolines   0x00000000000001fa        0x0 linker stubs
 *(.trampolines*)
                0x00000000000001fa                __trampolines_end = .
 *libprintf_flt.a:*(.progmem.data)
 *libc.a:*(.progmem.data)
                0x00000000000001fa                . = ALIGN (0x2)
 *(.jumptables)
 *(.jumptables*)
 *(.lowtext)
 *(.lowtext*)
                0x00000000000001fa                __ctors_start = .
 *(.ctors)
                0x00000000000001fa                __ctors_end = .
                0x00000000000001fa                __dtors_start = .
 *(.dtors)
                0x00000000000001fa                __dtors_end = .
 SORT(*)(.ctors)
 SORT(*)(.dtors)
 *(.init0)
 .init0         0x00000000000001fa        0x0 C:/Users/miste/.mchp_packs/Microchip/AVR-Dx_DFP/2.4.286/xc8/avr/lib/avrxmega4/memx-const/crtavr128da28.o
                0x00000000000001fa                __init
 *(.init0)
 *(.init1)
 *(.init1)
 *(.init2)
 .init2         0x00000000000001fa        0xc C:/Users/miste/.mchp_packs/Microchip/AVR-Dx_DFP/2.4.286/xc8/avr/lib/avrxmega4/memx-const/crtavr128da28.o
 *(.init2)
 *(.init3)
 *(.init3)
 *(.init4)
 .init4         0x0000000000000206       0x40 c:/program files/microchip/xc8/v2.45/avr/bin/../lib/gcc/avr/5.4.0/avrxmega4/memx-const\libgcc.a(_copy_data.o)
                0x0000000000000206                __do_copy_data
                0x0000000000000238                __do_clear_bss
 *(.init4)
 *(.init5)
 *(.init5)
 *(.init6)
 *(.init6)
 *(.init7)
 *(.init7)
 *(.init8)
 *(.init8)
 *(.init9)
 .init9         0x0000000000000246        0x8 C:/Users/miste/.mchp_packs/Microchip/AVR-Dx_DFP/2.4.286/xc8/avr/lib/avrxmega4/memx-const/crtavr128da28.o
 *(.init9)
                0x000000000000024e                . = ALIGN (0x2)
 *(.fini9)
 .fini9         0x000000000000024e        0x0 c:/program files/microchip/xc8/v2.45/avr/bin/../lib/gcc/avr/5.4.0/avrxmega4/memx-const\libgcc.a(_exit.o)
                0x000000000000024e                _exit
 *(.fini9)
 *(.fini8)
 *(.fini8)
 *(.fini7)
 *(.fini7)
 *(.fini6)
 *(.fini6)
 *(.fini5)
 *(.fini5)
 *(.fini4)
 *(.fini4)
 *(.fini3)
 *(.fini3)
 *(.fini2)
 *(.fini2)
 *(.fini1)
 *(.fini1)
 *(.fini0)
 .fini0         0x000000000000024e        0x4 c:/program files/microchip/xc8/v2.45/avr/bin/../lib/gcc/avr/5.4.0/avrxmega4/memx-const\libgcc.a(_exit.o)
 *(.fini0)
                0x0000000000000252                _etext = .

.data           0x0000000000804000        0x0 load address 0x0000000000000252
                [!provide]                        PROVIDE (__data_start, .)
 *(.gnu.linkonce.d*)
 *(.gnu.linkonce.r*)
                0x0000000000804000                . = ALIGN (0x2)
                0x0000000000804000                _edata = .
                [!provide]                        PROVIDE (__data_end, .)

.bss            0x0000000000804000        0x0
                [!provide]                        PROVIDE (__bss_start, .)
 *(COMMON)
                [!provide]                        PROVIDE (__bss_end, .)
                0x0000000000000252                __data_load_start = LOADADDR (.data)
                0x0000000000000252                __data_load_end = (__data_load_start + SIZEOF (.data))

.noinit         0x0000000000804000        0x0
                [!provide]                        PROVIDE (__noinit_start, .)
 *(.noinit*)
                [!provide]                        PROVIDE (__noinit_end, .)
                0x0000000000804000                _end = .

.eeprom         0x0000000000810000        0x0
 *(.eeprom*)
                0x0000000000810000                __eeprom_end = .

.fuse
 *(.fuse)
 *(.lfuse)
 *(.hfuse)
 *(.efuse)

.lock
 *(.lock*)

.signature
 *(.signature*)

.user_signatures
 *(.user_signatures*)

.bootrow
 *(.bootrow*)

.stab
 *(.stab)

.stabstr
 *(.stabstr)

.stab.excl
 *(.stab.excl)

.stab.exclstr
 *(.stab.exclstr)

.stab.index
 *(.stab.index)

.stab.indexstr
 *(.stab.indexstr)

.comment        0x0000000000000000       0x5b
 *(.comment)
 .comment       0x0000000000000000       0x2f build/default/debug/_ext/83377035/USART.o
                                         0x30 (size before relaxing)
 .comment       0x000000000000002f       0x30 build/default/debug/_ext/83377035/I2C.o
 .comment       0x000000000000002f       0x30 build/default/debug/_ext/1347852338/port.o
 .comment       0x000000000000002f       0x30 build/default/debug/_ext/1644529106/event_groups.o
 .comment       0x000000000000002f       0x30 build/default/debug/_ext/1644529106/heap_1.o
 .comment       0x000000000000002f       0x30 build/default/debug/_ext/1644529106/list.o
 .comment       0x000000000000002f       0x30 build/default/debug/_ext/1644529106/queue.o
 .comment       0x000000000000002f       0x30 build/default/debug/_ext/1644529106/stream_buffer.o
 .comment       0x000000000000002f       0x30 build/default/debug/_ext/1644529106/tasks.o
 .comment       0x000000000000002f       0x30 build/default/debug/_ext/1644529106/timers.o
 .comment       0x000000000000002f       0x30 build/default/debug/main.o
 .comment       0x000000000000002f       0x30 build/default/debug/DSIO.o
 .comment       0x000000000000002f       0x30 build/default/debug/_ext/2083278984/MENUTASKS.o
 .comment       0x000000000000002f       0x2c c:/program files/microchip/xc8/v2.45/avr/bin/../lib/gcc/avr/5.4.0/../../../../avr/lib/avrxmega4/memx-const\libc.a(exit.o)
                                         0x2d (size before relaxing)
 .comment       0x000000000000005b       0x2d c:/program files/microchip/xc8/v2.45/avr/bin/../lib/gcc/avr/5.4.0/../../../../avr/lib/avrxmega4/memx-const\libc.a(memcpy.o)
 .comment       0x000000000000005b       0x2d c:/program files/microchip/xc8/v2.45/avr/bin/../lib/gcc/avr/5.4.0/../../../../avr/lib/avrxmega4/memx-const\libc.a(_Exit.o)

.stack.descriptors.hdr
                0x0000000000000000      0x142
 .stack.descriptors.hdr
                0x0000000000000000        0xe c:/program files/microchip/xc8/v2.45/avr/bin/../lib/gcc/avr/5.4.0/../../../../avr/lib/avrxmega4/memx-const\libm.a(addsf3.o)
 .stack.descriptors.hdr
                0x000000000000000e        0xe c:/program files/microchip/xc8/v2.45/avr/bin/../lib/gcc/avr/5.4.0/../../../../avr/lib/avrxmega4/memx-const\libm.a(addsf3x.o)
 .stack.descriptors.hdr
                0x000000000000001c        0xe c:/program files/microchip/xc8/v2.45/avr/bin/../lib/gcc/avr/5.4.0/../../../../avr/lib/avrxmega4/memx-const\libm.a(divsf3.o)
 .stack.descriptors.hdr
                0x000000000000002a        0xe c:/program files/microchip/xc8/v2.45/avr/bin/../lib/gcc/avr/5.4.0/../../../../avr/lib/avrxmega4/memx-const\libm.a(divsf3x.o)
 .stack.descriptors.hdr
                0x0000000000000038        0xe c:/program files/microchip/xc8/v2.45/avr/bin/../lib/gcc/avr/5.4.0/../../../../avr/lib/avrxmega4/memx-const\libm.a(fixunssfsi.o)
 .stack.descriptors.hdr
                0x0000000000000046        0xe c:/program files/microchip/xc8/v2.45/avr/bin/../lib/gcc/avr/5.4.0/../../../../avr/lib/avrxmega4/memx-const\libm.a(floatsisf.o)
 .stack.descriptors.hdr
                0x0000000000000054        0xe c:/program files/microchip/xc8/v2.45/avr/bin/../lib/gcc/avr/5.4.0/../../../../avr/lib/avrxmega4/memx-const\libm.a(fp_inf.o)
 .stack.descriptors.hdr
                0x0000000000000062        0xe c:/program files/microchip/xc8/v2.45/avr/bin/../lib/gcc/avr/5.4.0/../../../../avr/lib/avrxmega4/memx-const\libm.a(fp_nan.o)
 .stack.descriptors.hdr
                0x0000000000000070        0xe c:/program files/microchip/xc8/v2.45/avr/bin/../lib/gcc/avr/5.4.0/../../../../avr/lib/avrxmega4/memx-const\libm.a(fp_pscA.o)
 .stack.descriptors.hdr
                0x000000000000007e        0xe c:/program files/microchip/xc8/v2.45/avr/bin/../lib/gcc/avr/5.4.0/../../../../avr/lib/avrxmega4/memx-const\libm.a(fp_pscB.o)
 .stack.descriptors.hdr
                0x000000000000008c        0xe c:/program files/microchip/xc8/v2.45/avr/bin/../lib/gcc/avr/5.4.0/../../../../avr/lib/avrxmega4/memx-const\libm.a(fp_round.o)
 .stack.descriptors.hdr
                0x000000000000009a        0xe c:/program files/microchip/xc8/v2.45/avr/bin/../lib/gcc/avr/5.4.0/../../../../avr/lib/avrxmega4/memx-const\libm.a(fp_split3.o)
 .stack.descriptors.hdr
                0x00000000000000a8        0xe c:/program files/microchip/xc8/v2.45/avr/bin/../lib/gcc/avr/5.4.0/../../../../avr/lib/avrxmega4/memx-const\libm.a(fp_zero.o)
 .stack.descriptors.hdr
                0x00000000000000b6        0xe c:/program files/microchip/xc8/v2.45/avr/bin/../lib/gcc/avr/5.4.0/../../../../avr/lib/avrxmega4/memx-const\libm.a(mulsf3.o)
 .stack.descriptors.hdr
                0x00000000000000c4        0xe c:/program files/microchip/xc8/v2.45/avr/bin/../lib/gcc/avr/5.4.0/../../../../avr/lib/avrxmega4/memx-const\libm.a(mulsf3x.o)
 .stack.descriptors.hdr
                0x00000000000000d2        0xe c:/program files/microchip/xc8/v2.45/avr/bin/../lib/gcc/avr/5.4.0/avrxmega4/memx-const\libgcc.a(_udivmodhi4.o)
 .stack.descriptors.hdr
                0x00000000000000e0        0xe c:/program files/microchip/xc8/v2.45/avr/bin/../lib/gcc/avr/5.4.0/avrxmega4/memx-const\libgcc.a(_tablejump2.o)
 .stack.descriptors.hdr
                0x00000000000000ee        0xe c:/program files/microchip/xc8/v2.45/avr/bin/../lib/gcc/avr/5.4.0/avrxmega4/memx-const\libgcc.a(_xload_1.o)
 .stack.descriptors.hdr
                0x00000000000000fc        0xe c:/program files/microchip/xc8/v2.45/avr/bin/../lib/gcc/avr/5.4.0/avrxmega4/memx-const\libgcc.a(_xload_2.o)
 .stack.descriptors.hdr
                0x000000000000010a        0xe c:/program files/microchip/xc8/v2.45/avr/bin/../lib/gcc/avr/5.4.0/../../../../avr/lib/avrxmega4/memx-const\libc.a(exit.o)
 .stack.descriptors.hdr
                0x0000000000000118        0xe c:/program files/microchip/xc8/v2.45/avr/bin/../lib/gcc/avr/5.4.0/../../../../avr/lib/avrxmega4/memx-const\libc.a(memcpy.o)
 .stack.descriptors.hdr
                0x0000000000000126        0xe c:/program files/microchip/xc8/v2.45/avr/bin/../lib/gcc/avr/5.4.0/../../../../avr/lib/avrxmega4/memx-const\libc.a(_Exit.o)
 .stack.descriptors.hdr
                0x0000000000000134        0xe c:/program files/microchip/xc8/v2.45/avr/bin/../lib/gcc/avr/5.4.0/avrxmega4/memx-const\libgcc.a(_exit.o)

.note.GNU-stack
                0x0000000000000000        0x0
 .note.GNU-stack
                0x0000000000000000        0x0 c:/program files/microchip/xc8/v2.45/avr/bin/../lib/gcc/avr/5.4.0/../../../../avr/lib/avrxmega4/memx-const\libm.a(addsf3.o)
 .note.GNU-stack
                0x0000000000000000        0x0 c:/program files/microchip/xc8/v2.45/avr/bin/../lib/gcc/avr/5.4.0/../../../../avr/lib/avrxmega4/memx-const\libm.a(addsf3x.o)
 .note.GNU-stack
                0x0000000000000000        0x0 c:/program files/microchip/xc8/v2.45/avr/bin/../lib/gcc/avr/5.4.0/../../../../avr/lib/avrxmega4/memx-const\libm.a(divsf3.o)
 .note.GNU-stack
                0x0000000000000000        0x0 c:/program files/microchip/xc8/v2.45/avr/bin/../lib/gcc/avr/5.4.0/../../../../avr/lib/avrxmega4/memx-const\libm.a(divsf3x.o)
 .note.GNU-stack
                0x0000000000000000        0x0 c:/program files/microchip/xc8/v2.45/avr/bin/../lib/gcc/avr/5.4.0/../../../../avr/lib/avrxmega4/memx-const\libm.a(fixunssfsi.o)
 .note.GNU-stack
                0x0000000000000000        0x0 c:/program files/microchip/xc8/v2.45/avr/bin/../lib/gcc/avr/5.4.0/../../../../avr/lib/avrxmega4/memx-const\libm.a(floatsisf.o)
 .note.GNU-stack
                0x0000000000000000        0x0 c:/program files/microchip/xc8/v2.45/avr/bin/../lib/gcc/avr/5.4.0/../../../../avr/lib/avrxmega4/memx-const\libm.a(fp_inf.o)
 .note.GNU-stack
                0x0000000000000000        0x0 c:/program files/microchip/xc8/v2.45/avr/bin/../lib/gcc/avr/5.4.0/../../../../avr/lib/avrxmega4/memx-const\libm.a(fp_nan.o)
 .note.GNU-stack
                0x0000000000000000        0x0 c:/program files/microchip/xc8/v2.45/avr/bin/../lib/gcc/avr/5.4.0/../../../../avr/lib/avrxmega4/memx-const\libm.a(fp_pscA.o)
 .note.GNU-stack
                0x0000000000000000        0x0 c:/program files/microchip/xc8/v2.45/avr/bin/../lib/gcc/avr/5.4.0/../../../../avr/lib/avrxmega4/memx-const\libm.a(fp_pscB.o)
 .note.GNU-stack
                0x0000000000000000        0x0 c:/program files/microchip/xc8/v2.45/avr/bin/../lib/gcc/avr/5.4.0/../../../../avr/lib/avrxmega4/memx-const\libm.a(fp_round.o)
 .note.GNU-stack
                0x0000000000000000        0x0 c:/program files/microchip/xc8/v2.45/avr/bin/../lib/gcc/avr/5.4.0/../../../../avr/lib/avrxmega4/memx-const\libm.a(fp_split3.o)
 .note.GNU-stack
                0x0000000000000000        0x0 c:/program files/microchip/xc8/v2.45/avr/bin/../lib/gcc/avr/5.4.0/../../../../avr/lib/avrxmega4/memx-const\libm.a(fp_zero.o)
 .note.GNU-stack
                0x0000000000000000        0x0 c:/program files/microchip/xc8/v2.45/avr/bin/../lib/gcc/avr/5.4.0/../../../../avr/lib/avrxmega4/memx-const\libm.a(mulsf3.o)
 .note.GNU-stack
                0x0000000000000000        0x0 c:/program files/microchip/xc8/v2.45/avr/bin/../lib/gcc/avr/5.4.0/../../../../avr/lib/avrxmega4/memx-const\libm.a(mulsf3x.o)
 .note.GNU-stack
                0x0000000000000000        0x0 c:/program files/microchip/xc8/v2.45/avr/bin/../lib/gcc/avr/5.4.0/../../../../avr/lib/avrxmega4/memx-const\libc.a(exit.o)
 .note.GNU-stack
                0x0000000000000000        0x0 c:/program files/microchip/xc8/v2.45/avr/bin/../lib/gcc/avr/5.4.0/../../../../avr/lib/avrxmega4/memx-const\libc.a(memcpy.o)
 .note.GNU-stack
                0x0000000000000000        0x0 c:/program files/microchip/xc8/v2.45/avr/bin/../lib/gcc/avr/5.4.0/../../../../avr/lib/avrxmega4/memx-const\libc.a(_Exit.o)

.note.gnu.build-id
 *(.note.gnu.build-id)

.debug
 *(.debug)

.line
 *(.line)

.debug_srcinfo
 *(.debug_srcinfo)

.debug_sfnames
 *(.debug_sfnames)

.debug_aranges  0x0000000000000000      0x630
 *(.debug_aranges)
 .debug_aranges
                0x0000000000000000       0x30 build/default/debug/_ext/83377035/USART.o
 .debug_aranges
                0x0000000000000030       0x28 build/default/debug/_ext/83377035/I2C.o
 .debug_aranges
                0x0000000000000058       0x50 build/default/debug/_ext/1347852338/port.o
 .debug_aranges
                0x00000000000000a8       0x60 build/default/debug/_ext/1644529106/event_groups.o
 .debug_aranges
                0x0000000000000108       0x38 build/default/debug/_ext/1644529106/heap_1.o
 .debug_aranges
                0x0000000000000140       0x40 build/default/debug/_ext/1644529106/list.o
 .debug_aranges
                0x0000000000000180       0xf0 build/default/debug/_ext/1644529106/queue.o
 .debug_aranges
                0x0000000000000270       0xb8 build/default/debug/_ext/1644529106/stream_buffer.o
 .debug_aranges
                0x0000000000000328      0x170 build/default/debug/_ext/1644529106/tasks.o
 .debug_aranges
                0x0000000000000498       0xb0 build/default/debug/_ext/1644529106/timers.o
 .debug_aranges
                0x0000000000000548       0x38 build/default/debug/main.o
 .debug_aranges
                0x0000000000000580       0x58 build/default/debug/DSIO.o
 .debug_aranges
                0x00000000000005d8       0x58 build/default/debug/_ext/2083278984/MENUTASKS.o

.debug_pubnames
 *(.debug_pubnames)

.debug_info     0x0000000000000000     0xfc72
 *(.debug_info .gnu.linkonce.wi.*)
 .debug_info    0x0000000000000000     0x2504 C:/Users/miste/.mchp_packs/Microchip/AVR-Dx_DFP/2.4.286/xc8/avr/lib/avrxmega4/memx-const/crtavr128da28.o
 .debug_info    0x0000000000002504      0x858 build/default/debug/_ext/83377035/USART.o
 .debug_info    0x0000000000002d5c      0x4c6 build/default/debug/_ext/83377035/I2C.o
 .debug_info    0x0000000000003222      0x679 build/default/debug/_ext/1347852338/port.o
 .debug_info    0x000000000000389b      0xcb6 build/default/debug/_ext/1644529106/event_groups.o
 .debug_info    0x0000000000004551      0x406 build/default/debug/_ext/1644529106/heap_1.o
 .debug_info    0x0000000000004957      0x580 build/default/debug/_ext/1644529106/list.o
 .debug_info    0x0000000000004ed7     0x1f81 build/default/debug/_ext/1644529106/queue.o
 .debug_info    0x0000000000006e58     0x18a4 build/default/debug/_ext/1644529106/stream_buffer.o
 .debug_info    0x00000000000086fc     0x26ce build/default/debug/_ext/1644529106/tasks.o
 .debug_info    0x000000000000adca     0x15ca build/default/debug/_ext/1644529106/timers.o
 .debug_info    0x000000000000c394     0x1205 build/default/debug/main.o
 .debug_info    0x000000000000d599     0x106a build/default/debug/DSIO.o
 .debug_info    0x000000000000e603     0x166f build/default/debug/_ext/2083278984/MENUTASKS.o

.debug_abbrev   0x0000000000000000     0x3d0a
 *(.debug_abbrev)
 .debug_abbrev  0x0000000000000000     0x230e C:/Users/miste/.mchp_packs/Microchip/AVR-Dx_DFP/2.4.286/xc8/avr/lib/avrxmega4/memx-const/crtavr128da28.o
 .debug_abbrev  0x000000000000230e       0xfb build/default/debug/_ext/83377035/USART.o
 .debug_abbrev  0x0000000000002409       0xdc build/default/debug/_ext/83377035/I2C.o
 .debug_abbrev  0x00000000000024e5      0x17f build/default/debug/_ext/1347852338/port.o
 .debug_abbrev  0x0000000000002664      0x21f build/default/debug/_ext/1644529106/event_groups.o
 .debug_abbrev  0x0000000000002883      0x111 build/default/debug/_ext/1644529106/heap_1.o
 .debug_abbrev  0x0000000000002994      0x116 build/default/debug/_ext/1644529106/list.o
 .debug_abbrev  0x0000000000002aaa      0x2d8 build/default/debug/_ext/1644529106/queue.o
 .debug_abbrev  0x0000000000002d82      0x253 build/default/debug/_ext/1644529106/stream_buffer.o
 .debug_abbrev  0x0000000000002fd5      0x35f build/default/debug/_ext/1644529106/tasks.o
 .debug_abbrev  0x0000000000003334      0x32f build/default/debug/_ext/1644529106/timers.o
 .debug_abbrev  0x0000000000003663      0x26f build/default/debug/main.o
 .debug_abbrev  0x00000000000038d2      0x1fb build/default/debug/DSIO.o
 .debug_abbrev  0x0000000000003acd      0x23d build/default/debug/_ext/2083278984/MENUTASKS.o

.debug_line     0x0000000000000000     0x4d98
 *(.debug_line .debug_line.* .debug_line_end)
 .debug_line    0x0000000000000000      0x190 C:/Users/miste/.mchp_packs/Microchip/AVR-Dx_DFP/2.4.286/xc8/avr/lib/avrxmega4/memx-const/crtavr128da28.o
 .debug_line    0x0000000000000190      0x187 build/default/debug/_ext/83377035/USART.o
 .debug_line    0x0000000000000317      0x3f3 build/default/debug/_ext/83377035/I2C.o
 .debug_line    0x000000000000070a      0x259 build/default/debug/_ext/1347852338/port.o
 .debug_line    0x0000000000000963      0x3c8 build/default/debug/_ext/1644529106/event_groups.o
 .debug_line    0x0000000000000d2b      0x144 build/default/debug/_ext/1644529106/heap_1.o
 .debug_line    0x0000000000000e6f      0x1f0 build/default/debug/_ext/1644529106/list.o
 .debug_line    0x000000000000105f      0xcd0 build/default/debug/_ext/1644529106/queue.o
 .debug_line    0x0000000000001d2f      0x741 build/default/debug/_ext/1644529106/stream_buffer.o
 .debug_line    0x0000000000002470     0x1191 build/default/debug/_ext/1644529106/tasks.o
 .debug_line    0x0000000000003601      0x5a4 build/default/debug/_ext/1644529106/timers.o
 .debug_line    0x0000000000003ba5      0x5ca build/default/debug/main.o
 .debug_line    0x000000000000416f      0x4c0 build/default/debug/DSIO.o
 .debug_line    0x000000000000462f      0x769 build/default/debug/_ext/2083278984/MENUTASKS.o

.debug_frame    0x0000000000000000     0x178c
 *(.debug_frame)
 .debug_frame   0x0000000000000000       0x44 build/default/debug/_ext/83377035/USART.o
 .debug_frame   0x0000000000000044       0x34 build/default/debug/_ext/83377035/I2C.o
 .debug_frame   0x0000000000000078       0x84 build/default/debug/_ext/1347852338/port.o
 .debug_frame   0x00000000000000fc      0x17c build/default/debug/_ext/1644529106/event_groups.o
 .debug_frame   0x0000000000000278       0x60 build/default/debug/_ext/1644529106/heap_1.o
 .debug_frame   0x00000000000002d8       0x88 build/default/debug/_ext/1644529106/list.o
 .debug_frame   0x0000000000000360      0x42c build/default/debug/_ext/1644529106/queue.o
 .debug_frame   0x000000000000078c      0x438 build/default/debug/_ext/1644529106/stream_buffer.o
 .debug_frame   0x0000000000000bc4      0x570 build/default/debug/_ext/1644529106/tasks.o
 .debug_frame   0x0000000000001134      0x224 build/default/debug/_ext/1644529106/timers.o
 .debug_frame   0x0000000000001358       0xac build/default/debug/main.o
 .debug_frame   0x0000000000001404      0x188 build/default/debug/DSIO.o
 .debug_frame   0x000000000000158c      0x200 build/default/debug/_ext/2083278984/MENUTASKS.o

.debug_str      0x0000000000000000     0x1ea0
 *(.debug_str)
 .debug_str     0x0000000000000000      0xfdc C:/Users/miste/.mchp_packs/Microchip/AVR-Dx_DFP/2.4.286/xc8/avr/lib/avrxmega4/memx-const/crtavr128da28.o
 .debug_str     0x0000000000000fdc        0xb build/default/debug/_ext/83377035/USART.o
 .debug_str     0x0000000000000fe7        0x0 build/default/debug/_ext/83377035/I2C.o
 .debug_str     0x0000000000000fe7       0x26 build/default/debug/_ext/1347852338/port.o
 .debug_str     0x000000000000100d      0x192 build/default/debug/_ext/1644529106/event_groups.o
 .debug_str     0x000000000000119f       0x1f build/default/debug/_ext/1644529106/heap_1.o
 .debug_str     0x00000000000011be       0x2b build/default/debug/_ext/1644529106/list.o
 .debug_str     0x00000000000011e9      0x2d2 build/default/debug/_ext/1644529106/queue.o
 .debug_str     0x00000000000014bb      0x242 build/default/debug/_ext/1644529106/stream_buffer.o
 .debug_str     0x00000000000016fd      0x26a build/default/debug/_ext/1644529106/tasks.o
 .debug_str     0x0000000000001967      0x1fc build/default/debug/_ext/1644529106/timers.o
 .debug_str     0x0000000000001b63       0xc9 build/default/debug/main.o
 .debug_str     0x0000000000001c2c      0x129 build/default/debug/DSIO.o
 .debug_str     0x0000000000001d55      0x14b build/default/debug/_ext/2083278984/MENUTASKS.o

.debug_loc      0x0000000000000000     0x7692
 *(.debug_loc)
 .debug_loc     0x0000000000000000      0x968 build/default/debug/_ext/83377035/I2C.o
 .debug_loc     0x0000000000000968       0xc8 build/default/debug/_ext/1347852338/port.o
 .debug_loc     0x0000000000000a30      0x91c build/default/debug/_ext/1644529106/event_groups.o
 .debug_loc     0x000000000000134c       0xe0 build/default/debug/_ext/1644529106/heap_1.o
 .debug_loc     0x000000000000142c       0xb8 build/default/debug/_ext/1644529106/list.o
 .debug_loc     0x00000000000014e4     0x18ac build/default/debug/_ext/1644529106/queue.o
 .debug_loc     0x0000000000002d90     0x15ad build/default/debug/_ext/1644529106/stream_buffer.o
 .debug_loc     0x000000000000433d     0x1abd build/default/debug/_ext/1644529106/tasks.o
 .debug_loc     0x0000000000005dfa      0xa9b build/default/debug/_ext/1644529106/timers.o
 .debug_loc     0x0000000000006895      0x6bf build/default/debug/main.o
 .debug_loc     0x0000000000006f54      0x117 build/default/debug/DSIO.o
 .debug_loc     0x000000000000706b      0x627 build/default/debug/_ext/2083278984/MENUTASKS.o

.debug_macinfo
 *(.debug_macinfo)

.debug_weaknames
 *(.debug_weaknames)

.debug_funcnames
 *(.debug_funcnames)

.debug_typenames
 *(.debug_typenames)

.debug_varnames
 *(.debug_varnames)

.debug_pubtypes
 *(.debug_pubtypes)

.debug_ranges   0x0000000000000000      0x850
 *(.debug_ranges)
 .debug_ranges  0x0000000000000000       0x20 build/default/debug/_ext/83377035/USART.o
 .debug_ranges  0x0000000000000020       0x18 build/default/debug/_ext/83377035/I2C.o
 .debug_ranges  0x0000000000000038       0x40 build/default/debug/_ext/1347852338/port.o
 .debug_ranges  0x0000000000000078       0x68 build/default/debug/_ext/1644529106/event_groups.o
 .debug_ranges  0x00000000000000e0       0x28 build/default/debug/_ext/1644529106/heap_1.o
 .debug_ranges  0x0000000000000108       0x30 build/default/debug/_ext/1644529106/list.o
 .debug_ranges  0x0000000000000138      0x140 build/default/debug/_ext/1644529106/queue.o
 .debug_ranges  0x0000000000000278       0xa8 build/default/debug/_ext/1644529106/stream_buffer.o
 .debug_ranges  0x0000000000000320      0x1c8 build/default/debug/_ext/1644529106/tasks.o
 .debug_ranges  0x00000000000004e8       0xf0 build/default/debug/_ext/1644529106/timers.o
 .debug_ranges  0x00000000000005d8      0x110 build/default/debug/main.o
 .debug_ranges  0x00000000000006e8       0x48 build/default/debug/DSIO.o
 .debug_ranges  0x0000000000000730      0x120 build/default/debug/_ext/2083278984/MENUTASKS.o

.debug_macro
 *(.debug_macro)
OUTPUT(dist/default/debug/Menu.X.debug.elf elf32-avr)
LOAD linker stubs
LOAD data_init

.note.gnu.avr.deviceinfo
                0x0000000000000000       0x40
 .note.gnu.avr.deviceinfo
                0x0000000000000000       0x40 C:/Users/miste/.mchp_packs/Microchip/AVR-Dx_DFP/2.4.286/xc8/avr/lib/avrxmega4/memx-const/crtavr128da28.o

.bss.pucAlignedHeap.4046
                0x0000000000806d62        0x2
 .bss.pucAlignedHeap.4046
                0x0000000000806d62        0x2 build/default/debug/_ext/1644529106/heap_1.o

.bss.xNextFreeByte
                0x0000000000806d64        0x2
 .bss.xNextFreeByte
                0x0000000000806d64        0x2 build/default/debug/_ext/1644529106/heap_1.o

.bss.ucHeap     0x0000000000804000     0x2000
 .bss.ucHeap    0x0000000000804000     0x2000 build/default/debug/_ext/1644529106/heap_1.o

.bss.xQueueRegistry
                0x0000000000806d1e        0xa
 .bss.xQueueRegistry
                0x0000000000806d1e        0xa build/default/debug/_ext/1644529106/queue.o
                0x0000000000806d1e                xQueueRegistry

.bss.uxSchedulerSuspended
                0x0000000000806da2        0x1
 .bss.uxSchedulerSuspended
                0x0000000000806da2        0x1 build/default/debug/_ext/1644529106/tasks.o

.bss.xIdleTaskHandle
                0x0000000000806d66        0x2
 .bss.xIdleTaskHandle
                0x0000000000806d66        0x2 build/default/debug/_ext/1644529106/tasks.o

.bss.xNextTaskUnblockTime
                0x0000000000806d68        0x2
 .bss.xNextTaskUnblockTime
                0x0000000000806d68        0x2 build/default/debug/_ext/1644529106/tasks.o

.bss.uxTaskNumber
                0x0000000000806da3        0x1
 .bss.uxTaskNumber
                0x0000000000806da3        0x1 build/default/debug/_ext/1644529106/tasks.o

.bss.xNumOfOverflows
                0x0000000000806da4        0x1
 .bss.xNumOfOverflows
                0x0000000000806da4        0x1 build/default/debug/_ext/1644529106/tasks.o

.bss.xYieldPending
                0x0000000000806da5        0x1
 .bss.xYieldPending
                0x0000000000806da5        0x1 build/default/debug/_ext/1644529106/tasks.o

.bss.xPendedTicks
                0x0000000000806d6a        0x2
 .bss.xPendedTicks
                0x0000000000806d6a        0x2 build/default/debug/_ext/1644529106/tasks.o

.bss.xSchedulerRunning
                0x0000000000806da6        0x1
 .bss.xSchedulerRunning
                0x0000000000806da6        0x1 build/default/debug/_ext/1644529106/tasks.o

.bss.uxTopReadyPriority
                0x0000000000806da7        0x1
 .bss.uxTopReadyPriority
                0x0000000000806da7        0x1 build/default/debug/_ext/1644529106/tasks.o

.bss.xTickCount
                0x0000000000806d6c        0x2
 .bss.xTickCount
                0x0000000000806d6c        0x2 build/default/debug/_ext/1644529106/tasks.o

.bss.uxCurrentNumberOfTasks
                0x0000000000806da8        0x1
 .bss.uxCurrentNumberOfTasks
                0x0000000000806da8        0x1 build/default/debug/_ext/1644529106/tasks.o

.bss.xSuspendedTaskList
                0x0000000000806d28        0x9
 .bss.xSuspendedTaskList
                0x0000000000806d28        0x9 build/default/debug/_ext/1644529106/tasks.o

.bss.xPendingReadyList
                0x0000000000806d31        0x9
 .bss.xPendingReadyList
                0x0000000000806d31        0x9 build/default/debug/_ext/1644529106/tasks.o

.bss.pxOverflowDelayedTaskList
                0x0000000000806d6e        0x2
 .bss.pxOverflowDelayedTaskList
                0x0000000000806d6e        0x2 build/default/debug/_ext/1644529106/tasks.o

.bss.pxDelayedTaskList
                0x0000000000806d70        0x2
 .bss.pxDelayedTaskList
                0x0000000000806d70        0x2 build/default/debug/_ext/1644529106/tasks.o

.bss.xDelayedTaskList2
                0x0000000000806d3a        0x9
 .bss.xDelayedTaskList2
                0x0000000000806d3a        0x9 build/default/debug/_ext/1644529106/tasks.o

.bss.xDelayedTaskList1
                0x0000000000806d43        0x9
 .bss.xDelayedTaskList1
                0x0000000000806d43        0x9 build/default/debug/_ext/1644529106/tasks.o

.bss.pxReadyTasksLists
                0x0000000000806ce4       0x2d
 .bss.pxReadyTasksLists
                0x0000000000806ce4       0x2d build/default/debug/_ext/1644529106/tasks.o

.bss.pxCurrentTCB
                0x0000000000806d72        0x2
 .bss.pxCurrentTCB
                0x0000000000806d72        0x2 build/default/debug/_ext/1644529106/tasks.o
                0x0000000000806d72                pxCurrentTCB

.bss.xLastTime.4369
                0x0000000000806d74        0x2
 .bss.xLastTime.4369
                0x0000000000806d74        0x2 build/default/debug/_ext/1644529106/timers.o

.bss.xTimerTaskHandle
                0x0000000000806d76        0x2
 .bss.xTimerTaskHandle
                0x0000000000806d76        0x2 build/default/debug/_ext/1644529106/timers.o

.bss.xTimerQueue
                0x0000000000806d78        0x2
 .bss.xTimerQueue
                0x0000000000806d78        0x2 build/default/debug/_ext/1644529106/timers.o

.bss.pxOverflowTimerList
                0x0000000000806d7a        0x2
 .bss.pxOverflowTimerList
                0x0000000000806d7a        0x2 build/default/debug/_ext/1644529106/timers.o

.bss.pxCurrentTimerList
                0x0000000000806d7c        0x2
 .bss.pxCurrentTimerList
                0x0000000000806d7c        0x2 build/default/debug/_ext/1644529106/timers.o

.bss.xActiveTimerList2
                0x0000000000806d4c        0x9
 .bss.xActiveTimerList2
                0x0000000000806d4c        0x9 build/default/debug/_ext/1644529106/timers.o

.bss.xActiveTimerList1
                0x0000000000806d55        0x9
 .bss.xActiveTimerList1
                0x0000000000806d55        0x9 build/default/debug/_ext/1644529106/timers.o

.bss.xRetransmitTimer
                0x0000000000806d7e        0x2
 .bss.xRetransmitTimer
                0x0000000000806d7e        0x2 build/default/debug/main.o
                0x0000000000806d7e                xRetransmitTimer

.bss.ErrorTable
                0x0000000000806bb8      0x12c
 .bss.ErrorTable
                0x0000000000806bb8      0x12c build/default/debug/main.o
                0x0000000000806bb8                ErrorTable

.bss.GLOBAL_Channel
                0x0000000000806dab        0x1
 .bss.GLOBAL_Channel
                0x0000000000806dab        0x1 build/default/debug/main.o
                0x0000000000806dab                GLOBAL_Channel

.bss.GLOBAL_DeviceID
                0x0000000000806dac        0x1
 .bss.GLOBAL_DeviceID
                0x0000000000806dac        0x1 build/default/debug/main.o
                0x0000000000806dac                GLOBAL_DeviceID

.bss.state.4600
                0x0000000000806dad        0x1
 .bss.state.4600
                0x0000000000806dad        0x1 build/default/debug/DSIO.o

.bss.flash.4601
                0x0000000000806dae        0x1
 .bss.flash.4601
                0x0000000000806dae        0x1 build/default/debug/DSIO.o

.bss.ms250.4603
                0x0000000000806daf        0x1
 .bss.ms250.4603
                0x0000000000806daf        0x1 build/default/debug/DSIO.o

.bss.displaytype.4599
                0x0000000000806db0        0x1
 .bss.displaytype.4599
                0x0000000000806db0        0x1 build/default/debug/DSIO.o

.bss.DigitTwo.4598
                0x0000000000806db1        0x1
 .bss.DigitTwo.4598
                0x0000000000806db1        0x1 build/default/debug/DSIO.o

.bss.DigitOne.4597
                0x0000000000806db2        0x1
 .bss.DigitOne.4597
                0x0000000000806db2        0x1 build/default/debug/DSIO.o

.bss.xI2C_Sem   0x0000000000806d80        0x2
 .bss.xI2C_Sem  0x0000000000806d80        0x2 build/default/debug/DSIO.o
                0x0000000000806d80                xI2C_Sem

.bss.xI2C_out_Buffer
                0x0000000000806d82        0x2
 .bss.xI2C_out_Buffer
                0x0000000000806d82        0x2 build/default/debug/DSIO.o
                0x0000000000806d82                xI2C_out_Buffer

.bss.xDeviceIN_Queue
                0x0000000000806d84        0x2
 .bss.xDeviceIN_Queue
                0x0000000000806d84        0x2 build/default/debug/DSIO.o
                0x0000000000806d84                xDeviceIN_Queue

.bss.xIND_Queue
                0x0000000000806d86        0x2
 .bss.xIND_Queue
                0x0000000000806d86        0x2 build/default/debug/DSIO.o
                0x0000000000806d86                xIND_Queue

.bss.xPB_Queue  0x0000000000806d88        0x2
 .bss.xPB_Queue
                0x0000000000806d88        0x2 build/default/debug/DSIO.o
                0x0000000000806d88                xPB_Queue

.bss.xPBTimer   0x0000000000806d8a        0x2
 .bss.xPBTimer  0x0000000000806d8a        0x2 build/default/debug/DSIO.o
                0x0000000000806d8a                xPBTimer

.bss.xINDTimer  0x0000000000806d8c        0x2
 .bss.xINDTimer
                0x0000000000806d8c        0x2 build/default/debug/DSIO.o
                0x0000000000806d8c                xINDTimer

.bss.xPBTimerSet
                0x0000000000806db3        0x1
 .bss.xPBTimerSet
                0x0000000000806db3        0x1 build/default/debug/DSIO.o
                0x0000000000806db3                xPBTimerSet

.bss.xINDTimerSet
                0x0000000000806db4        0x1
 .bss.xINDTimerSet
                0x0000000000806db4        0x1 build/default/debug/DSIO.o
                0x0000000000806db4                xINDTimerSet

.bss.xPeriodicJoinTimer
                0x0000000000806d8e        0x2
 .bss.xPeriodicJoinTimer
                0x0000000000806d8e        0x2 build/default/debug/_ext/2083278984/MENUTASKS.o
                0x0000000000806d8e                xPeriodicJoinTimer

.bss.xOFFSETTimer
                0x0000000000806d90        0x2
 .bss.xOFFSETTimer
                0x0000000000806d90        0x2 build/default/debug/_ext/2083278984/MENUTASKS.o
                0x0000000000806d90                xOFFSETTimer

.bss.xDevice_Buffer
                0x0000000000806d92        0x2
 .bss.xDevice_Buffer
                0x0000000000806d92        0x2 build/default/debug/_ext/2083278984/MENUTASKS.o
                0x0000000000806d92                xDevice_Buffer

.bss.xCOMM_out_Buffer
                0x0000000000806d94        0x2
 .bss.xCOMM_out_Buffer
                0x0000000000806d94        0x2 build/default/debug/_ext/2083278984/MENUTASKS.o
                0x0000000000806d94                xCOMM_out_Buffer

.bss.xCOMM_out_Stream
                0x0000000000806d96        0x2
 .bss.xCOMM_out_Stream
                0x0000000000806d96        0x2 build/default/debug/_ext/2083278984/MENUTASKS.o
                0x0000000000806d96                xCOMM_out_Stream

.bss.xCOMM_in_Stream
                0x0000000000806d98        0x2
 .bss.xCOMM_in_Stream
                0x0000000000806d98        0x2 build/default/debug/_ext/2083278984/MENUTASKS.o
                0x0000000000806d98                xCOMM_in_Stream

.bss.xEventInit
                0x0000000000806d9a        0x2
 .bss.xEventInit
                0x0000000000806d9a        0x2 build/default/debug/_ext/2083278984/MENUTASKS.o
                0x0000000000806d9a                xEventInit

.bss.xNotify    0x0000000000806d9c        0x2
 .bss.xNotify   0x0000000000806d9c        0x2 build/default/debug/_ext/2083278984/MENUTASKS.o
                0x0000000000806d9c                xNotify

.bss.xTXC       0x0000000000806d9e        0x2
 .bss.xTXC      0x0000000000806d9e        0x2 build/default/debug/_ext/2083278984/MENUTASKS.o
                0x0000000000806d9e                xTXC

.bss.TimerCounter
                0x0000000000806da0        0x2
 .bss.TimerCounter
                0x0000000000806da0        0x2 build/default/debug/_ext/2083278984/MENUTASKS.o
                0x0000000000806da0                TimerCounter

.bss.GLOBAL_TableLength
                0x0000000000806db7        0x1
 .bss.GLOBAL_TableLength
                0x0000000000806db7        0x1 build/default/debug/_ext/2083278984/MENUTASKS.o
                0x0000000000806db7                GLOBAL_TableLength

.bss.GLOBAL_DEVICE_TABLE
                0x0000000000806000      0xbb8
 .bss.GLOBAL_DEVICE_TABLE
                0x0000000000806000      0xbb8 build/default/debug/_ext/2083278984/MENUTASKS.o
                0x0000000000806000                GLOBAL_DEVICE_TABLE

.progmemx.data  0x0000000000000252       0x19
 .progmemx.data
                0x0000000000000252       0x19 build/default/debug/_ext/2083278984/MENUTASKS.o

.progmemx.data  0x000000000000026b       0x16
 .progmemx.data
                0x000000000000026b       0x16 build/default/debug/DSIO.o

.progmemx.data  0x0000000000000281        0xe
 .progmemx.data
                0x0000000000000281        0xe build/default/debug/main.o

.progmemx.data  0x000000000000028f        0xd
 .progmemx.data
                0x000000000000028f        0xd build/default/debug/_ext/1644529106/timers.o

.progmemx.data  0x000000000000029c        0x6
 .progmemx.data
                0x000000000000029c        0x6 build/default/debug/_ext/1644529106/tasks.o
                0x00000000000002a1                uxTopUsedPriority

.text.modCOMMInTask
                0x00000000000002a2      0x5fa
 .text.modCOMMInTask
                0x00000000000002a2      0x5fa build/default/debug/_ext/2083278984/MENUTASKS.o
                0x00000000000002a2                modCOMMInTask

.text.prvMENUTask
                0x000000000000089c      0x56c
 .text.prvMENUTask
                0x000000000000089c      0x56c build/default/debug/main.o
                0x000000000000089c                prvMENUTask

.text.modCOMMOutTask
                0x0000000000000e08      0x2ea
 .text.modCOMMOutTask
                0x0000000000000e08      0x2ea build/default/debug/_ext/2083278984/MENUTASKS.o
                0x0000000000000e08                modCOMMOutTask

.text.xTaskCreate
                0x00000000000010f2      0x288
 .text.xTaskCreate
                0x00000000000010f2      0x288 build/default/debug/_ext/1644529106/tasks.o
                0x00000000000010f2                xTaskCreate

.text.xTaskGenericNotifyFromISR
                0x000000000000137a      0x258
 .text.xTaskGenericNotifyFromISR
                0x000000000000137a      0x258 build/default/debug/_ext/1644529106/tasks.o
                0x000000000000137a                xTaskGenericNotifyFromISR

.text.dsIOOutTask
                0x00000000000015d2      0x254
 .text.dsIOOutTask
                0x00000000000015d2      0x254 build/default/debug/DSIO.o
                0x00000000000015d2                dsIOOutTask

.text.xTaskIncrementTick
                0x0000000000001826      0x232
 .text.xTaskIncrementTick
                0x0000000000001826      0x232 build/default/debug/_ext/1644529106/tasks.o
                0x0000000000001826                xTaskIncrementTick

.text.xTaskGenericNotify
                0x0000000000001a58      0x204
 .text.xTaskGenericNotify
                0x0000000000001a58      0x204 build/default/debug/_ext/1644529106/tasks.o
                0x0000000000001a58                xTaskGenericNotify

.text.xTaskResumeAll
                0x0000000000001c5c      0x1bc
 .text.xTaskResumeAll
                0x0000000000001c5c      0x1bc build/default/debug/_ext/1644529106/tasks.o
                0x0000000000001c5c                xTaskResumeAll

.text.xQueueSemaphoreTake
                0x0000000000001e18      0x1ba
 .text.xQueueSemaphoreTake
                0x0000000000001e18      0x1ba build/default/debug/_ext/1644529106/queue.o
                0x0000000000001e18                xQueueSemaphoreTake

.text.prvTimerTask
                0x0000000000001fd2      0x1b6
 .text.prvTimerTask
                0x0000000000001fd2      0x1b6 build/default/debug/_ext/1644529106/timers.o

.text.I2C_translate
                0x0000000000002188      0x18a
 .text.I2C_translate
                0x0000000000002188      0x18a build/default/debug/_ext/83377035/I2C.o
                0x0000000000002188                I2C_translate

.text.xTaskRemoveFromEventList
                0x0000000000002312      0x186
 .text.xTaskRemoveFromEventList
                0x0000000000002312      0x186 build/default/debug/_ext/1644529106/tasks.o
                0x0000000000002312                xTaskRemoveFromEventList

.text.xQueueGenericSend
                0x0000000000002498      0x176
 .text.xQueueGenericSend
                0x0000000000002498      0x176 build/default/debug/_ext/1644529106/queue.o
                0x0000000000002498                xQueueGenericSend

.text.xStreamBufferSend
                0x000000000000260e      0x16c
 .text.xStreamBufferSend
                0x000000000000260e      0x16c build/default/debug/_ext/1644529106/stream_buffer.o
                0x000000000000260e                xStreamBufferSend

.text.vTaskRemoveFromUnorderedEventList
                0x000000000000277a      0x14e
 .text.vTaskRemoveFromUnorderedEventList
                0x000000000000277a      0x14e build/default/debug/_ext/1644529106/tasks.o
                0x000000000000277a                vTaskRemoveFromUnorderedEventList

.text.xQueueReceive
                0x00000000000028c8      0x142
 .text.xQueueReceive
                0x00000000000028c8      0x142 build/default/debug/_ext/1644529106/queue.o
                0x00000000000028c8                xQueueReceive

.text.xTaskGenericNotifyWait
                0x0000000000002a0a      0x142
 .text.xTaskGenericNotifyWait
                0x0000000000002a0a      0x142 build/default/debug/_ext/1644529106/tasks.o
                0x0000000000002a0a                xTaskGenericNotifyWait

.text.COMMSetup
                0x0000000000002b4c      0x142
 .text.COMMSetup
                0x0000000000002b4c      0x142 build/default/debug/_ext/2083278984/MENUTASKS.o
                0x0000000000002b4c                COMMSetup

.text.xTaskPriorityInherit
                0x0000000000002c8e      0x128
 .text.xTaskPriorityInherit
                0x0000000000002c8e      0x128 build/default/debug/_ext/1644529106/tasks.o
                0x0000000000002c8e                xTaskPriorityInherit

.text.xStreamBufferReceive
                0x0000000000002db6      0x11a
 .text.xStreamBufferReceive
                0x0000000000002db6      0x11a build/default/debug/_ext/1644529106/stream_buffer.o
                0x0000000000002db6                xStreamBufferReceive

.text.xEventGroupWaitBits
                0x0000000000002ed0      0x110
 .text.xEventGroupWaitBits
                0x0000000000002ed0      0x110 build/default/debug/_ext/1644529106/event_groups.o
                0x0000000000002ed0                xEventGroupWaitBits

.text.prvWiredInitTask
                0x0000000000002fe0      0x110
 .text.prvWiredInitTask
                0x0000000000002fe0      0x110 build/default/debug/main.o
                0x0000000000002fe0                prvWiredInitTask

.text.DSIOSetup
                0x00000000000030f0      0x10a
 .text.DSIOSetup
                0x00000000000030f0      0x10a build/default/debug/DSIO.o
                0x00000000000030f0                DSIOSetup

.text.prvAddCurrentTaskToDelayedList
                0x00000000000031fa      0x102
 .text.prvAddCurrentTaskToDelayedList
                0x00000000000031fa      0x102 build/default/debug/_ext/1644529106/tasks.o

.text.xEventGroupSetBits
                0x00000000000032fc       0xea
 .text.xEventGroupSetBits
                0x00000000000032fc       0xea build/default/debug/_ext/1644529106/event_groups.o
                0x00000000000032fc                xEventGroupSetBits

.text.vTaskPriorityDisinheritAfterTimeout
                0x00000000000033e6       0xe6
 .text.vTaskPriorityDisinheritAfterTimeout
                0x00000000000033e6       0xe6 build/default/debug/_ext/1644529106/tasks.o
                0x00000000000033e6                vTaskPriorityDisinheritAfterTimeout

.text           0x00000000000034cc       0xde
 .text          0x00000000000034cc       0xde c:/program files/microchip/xc8/v2.45/avr/bin/../lib/gcc/avr/5.4.0/../../../../avr/lib/avrxmega4/memx-const\libm.a(divsf3x.o)
                0x00000000000034cc                __divsf3x
                0x00000000000034f4                __divsf3_pse

.text.__vector_22
                0x00000000000035aa       0xd6
 .text.__vector_22
                0x00000000000035aa       0xd6 build/default/debug/DSIO.o
                0x00000000000035aa                __vector_22

.text           0x0000000000003680       0xd4
 .text          0x0000000000003680       0xd4 c:/program files/microchip/xc8/v2.45/avr/bin/../lib/gcc/avr/5.4.0/../../../../avr/lib/avrxmega4/memx-const\libm.a(mulsf3x.o)
                0x0000000000003680                __mulsf3x
                0x00000000000036a6                __mulsf3_pse

.text           0x0000000000003754       0xce
 .text          0x0000000000003754       0xce c:/program files/microchip/xc8/v2.45/avr/bin/../lib/gcc/avr/5.4.0/../../../../avr/lib/avrxmega4/memx-const\libm.a(addsf3x.o)
                0x0000000000003754                __addsf3x

.text.vTaskSwitchContext
                0x0000000000003822       0xcc
 .text.vTaskSwitchContext
                0x0000000000003822       0xcc build/default/debug/_ext/1644529106/tasks.o
                0x0000000000003822                vTaskSwitchContext

.text.xQueueGenericReset
                0x00000000000038ee       0xc8
 .text.xQueueGenericReset
                0x00000000000038ee       0xc8 build/default/debug/_ext/1644529106/queue.o
                0x00000000000038ee                xQueueGenericReset

.text.xTaskPriorityDisinherit
                0x00000000000039b6       0xc6
 .text.xTaskPriorityDisinherit
                0x00000000000039b6       0xc6 build/default/debug/_ext/1644529106/tasks.o
                0x00000000000039b6                xTaskPriorityDisinherit

.text.vPortYieldFromTick
                0x0000000000003a7c       0xc0
 .text.vPortYieldFromTick
                0x0000000000003a7c       0xc0 build/default/debug/_ext/1347852338/port.o
                0x0000000000003a7c                vPortYieldFromTick

.text.prvCopyDataToQueue
                0x0000000000003b3c       0xbe
 .text.prvCopyDataToQueue
                0x0000000000003b3c       0xbe build/default/debug/_ext/1644529106/queue.o

.text.vPortYield
                0x0000000000003bfa       0xba
 .text.vPortYield
                0x0000000000003bfa       0xba build/default/debug/_ext/1347852338/port.o
                0x0000000000003bfa                vPortYield

.text.vQueueAddToRegistry
                0x0000000000003cb4       0xac
 .text.vQueueAddToRegistry
                0x0000000000003cb4       0xac build/default/debug/_ext/1644529106/queue.o
                0x0000000000003cb4                vQueueAddToRegistry

.text.vTaskSuspend
                0x0000000000003d60       0xac
 .text.vTaskSuspend
                0x0000000000003d60       0xac build/default/debug/_ext/1644529106/tasks.o
                0x0000000000003d60                vTaskSuspend

.text.__vector_17
                0x0000000000003e0c       0xac
 .text.__vector_17
                0x0000000000003e0c       0xac build/default/debug/DSIO.o
                0x0000000000003e0c                __vector_17

.text.prvUnlockQueue
                0x0000000000003eb8       0xaa
 .text.prvUnlockQueue
                0x0000000000003eb8       0xaa build/default/debug/_ext/1644529106/queue.o

.text.xStreamBufferSendFromISR
                0x0000000000003f62       0xa2
 .text.xStreamBufferSendFromISR
                0x0000000000003f62       0xa2 build/default/debug/_ext/1644529106/stream_buffer.o
                0x0000000000003f62                xStreamBufferSendFromISR

.text.prvWriteMessageToBuffer
                0x0000000000004004       0xa0
 .text.prvWriteMessageToBuffer
                0x0000000000004004       0xa0 build/default/debug/_ext/1644529106/stream_buffer.o

.text.dsIOInTask
                0x00000000000040a4       0xa0
 .text.dsIOInTask
                0x00000000000040a4       0xa0 build/default/debug/DSIO.o
                0x00000000000040a4                dsIOInTask

.text.xTimerGenericCommand
                0x0000000000004144       0x98
 .text.xTimerGenericCommand
                0x0000000000004144       0x98 build/default/debug/_ext/1644529106/timers.o
                0x0000000000004144                xTimerGenericCommand

.text.prvWriteBytesToBuffer
                0x00000000000041dc       0x96
 .text.prvWriteBytesToBuffer
                0x00000000000041dc       0x96 build/default/debug/_ext/1644529106/stream_buffer.o

.text.vTaskPlaceOnEventListRestricted
                0x0000000000004272       0x92
 .text.vTaskPlaceOnEventListRestricted
                0x0000000000004272       0x92 build/default/debug/_ext/1644529106/tasks.o
                0x0000000000004272                vTaskPlaceOnEventListRestricted

.text.prvReadMessageFromBuffer
                0x0000000000004304       0x90
 .text.prvReadMessageFromBuffer
                0x0000000000004304       0x90 build/default/debug/_ext/1644529106/stream_buffer.o

.text.prvReadBytesFromBuffer
                0x0000000000004394       0x8c
 .text.prvReadBytesFromBuffer
                0x0000000000004394       0x8c build/default/debug/_ext/1644529106/stream_buffer.o

.text.xStreamBufferReceiveFromISR
                0x0000000000004420       0x8c
 .text.xStreamBufferReceiveFromISR
                0x0000000000004420       0x8c build/default/debug/_ext/1644529106/stream_buffer.o
                0x0000000000004420                xStreamBufferReceiveFromISR

.text.vTaskPlaceOnUnorderedEventList
                0x00000000000044ac       0x8c
 .text.vTaskPlaceOnUnorderedEventList
                0x00000000000044ac       0x8c build/default/debug/_ext/1644529106/tasks.o
                0x00000000000044ac                vTaskPlaceOnUnorderedEventList

.text.__vector_20
                0x0000000000004538       0x8c
 .text.__vector_20
                0x0000000000004538       0x8c build/default/debug/_ext/2083278984/MENUTASKS.o
                0x0000000000004538                __vector_20

.text.__vector_19
                0x00000000000045c4       0x86
 .text.__vector_19
                0x00000000000045c4       0x86 build/default/debug/_ext/2083278984/MENUTASKS.o
                0x00000000000045c4                __vector_19

.text.xQueueGenericCreate
                0x000000000000464a       0x84
 .text.xQueueGenericCreate
                0x000000000000464a       0x84 build/default/debug/_ext/1644529106/queue.o
                0x000000000000464a                xQueueGenericCreate

.text.prvSampleTimeNow
                0x00000000000046ce       0x84
 .text.prvSampleTimeNow
                0x00000000000046ce       0x84 build/default/debug/_ext/1644529106/timers.o

.text.xQueueGenericSendFromISR
                0x0000000000004752       0x80
 .text.xQueueGenericSendFromISR
                0x0000000000004752       0x80 build/default/debug/_ext/1644529106/queue.o
                0x0000000000004752                xQueueGenericSendFromISR

.text.xStreamBufferSpacesAvailable
                0x00000000000047d2       0x80
 .text.xStreamBufferSpacesAvailable
                0x00000000000047d2       0x80 build/default/debug/_ext/1644529106/stream_buffer.o
                0x00000000000047d2                xStreamBufferSpacesAvailable

.text.main      0x0000000000004852       0x7e
 .text.main     0x0000000000004852       0x7e build/default/debug/main.o
                0x0000000000004852                main

.text           0x00000000000048d0       0x7a
 .text          0x00000000000048d0       0x7a c:/program files/microchip/xc8/v2.45/avr/bin/../lib/gcc/avr/5.4.0/../../../../avr/lib/avrxmega4/memx-const\libm.a(floatsisf.o)
                0x00000000000048d0                __floatunsisf
                0x00000000000048d4                __floatsisf

.text.xQueueGiveFromISR
                0x000000000000494a       0x78
 .text.xQueueGiveFromISR
                0x000000000000494a       0x78 build/default/debug/_ext/1644529106/queue.o
                0x000000000000494a                xQueueGiveFromISR

.text.pvPortMalloc
                0x00000000000049c2       0x74
 .text.pvPortMalloc
                0x00000000000049c2       0x74 build/default/debug/_ext/1644529106/heap_1.o
                0x00000000000049c2                pvPortMalloc

.text.xTimerCreate
                0x0000000000004a36       0x74
 .text.xTimerCreate
                0x0000000000004a36       0x74 build/default/debug/_ext/1644529106/timers.o
                0x0000000000004a36                xTimerCreate

.text.xTaskCheckForTimeOut
                0x0000000000004aaa       0x72
 .text.xTaskCheckForTimeOut
                0x0000000000004aaa       0x72 build/default/debug/_ext/1644529106/tasks.o
                0x0000000000004aaa                xTaskCheckForTimeOut

.text.xPortStartScheduler
                0x0000000000004b1c       0x6e
 .text.xPortStartScheduler
                0x0000000000004b1c       0x6e build/default/debug/_ext/1347852338/port.o
                0x0000000000004b1c                xPortStartScheduler

.text.xStreamBufferGenericCreate
                0x0000000000004b8a       0x6c
 .text.xStreamBufferGenericCreate
                0x0000000000004b8a       0x6c build/default/debug/_ext/1644529106/stream_buffer.o
                0x0000000000004b8a                xStreamBufferGenericCreate

.text.vOFFSETTimerFunc
                0x0000000000004bf6       0x6c
 .text.vOFFSETTimerFunc
                0x0000000000004bf6       0x6c build/default/debug/_ext/2083278984/MENUTASKS.o
                0x0000000000004bf6                vOFFSETTimerFunc

.text.USART0_init
                0x0000000000004c62       0x68
 .text.USART0_init
                0x0000000000004c62       0x68 build/default/debug/_ext/83377035/USART.o
                0x0000000000004c62                USART0_init

.text.vTaskStartScheduler
                0x0000000000004cca       0x66
 .text.vTaskStartScheduler
                0x0000000000004cca       0x66 build/default/debug/_ext/1644529106/tasks.o
                0x0000000000004cca                vTaskStartScheduler

.text.__vector_21
                0x0000000000004d30       0x66
 .text.__vector_21
                0x0000000000004d30       0x66 build/default/debug/_ext/2083278984/MENUTASKS.o
                0x0000000000004d30                __vector_21

.text.vListInsert
                0x0000000000004d96       0x62
 .text.vListInsert
                0x0000000000004d96       0x62 build/default/debug/_ext/1644529106/list.o
                0x0000000000004d96                vListInsert

.text.prvCheckForValidListAndQueue
                0x0000000000004df8       0x60
 .text.prvCheckForValidListAndQueue
                0x0000000000004df8       0x60 build/default/debug/_ext/1644529106/timers.o

.text.prvInsertTimerInActiveList
                0x0000000000004e58       0x5e
 .text.prvInsertTimerInActiveList
                0x0000000000004e58       0x5e build/default/debug/_ext/1644529106/timers.o

.text           0x0000000000004eb6       0x5e
 .text          0x0000000000004eb6       0x5e c:/program files/microchip/xc8/v2.45/avr/bin/../lib/gcc/avr/5.4.0/../../../../avr/lib/avrxmega4/memx-const\libm.a(fixunssfsi.o)
                0x0000000000004eb6                __fixunssfsi

.text.prvProcessExpiredTimer
                0x0000000000004f14       0x56
 .text.prvProcessExpiredTimer
                0x0000000000004f14       0x56 build/default/debug/_ext/1644529106/timers.o

.text.prvBytesInBuffer
                0x0000000000004f6a       0x54
 .text.prvBytesInBuffer
                0x0000000000004f6a       0x54 build/default/debug/_ext/1644529106/stream_buffer.o

.text.xTimerCreateTimerTask
                0x0000000000004fbe       0x52
 .text.xTimerCreateTimerTask
                0x0000000000004fbe       0x52 build/default/debug/_ext/1644529106/timers.o
                0x0000000000004fbe                xTimerCreateTimerTask

.text.vPeriodicJoinTimerFunc
                0x0000000000005010       0x50
 .text.vPeriodicJoinTimerFunc
                0x0000000000005010       0x50 build/default/debug/_ext/2083278984/MENUTASKS.o
                0x0000000000005010                vPeriodicJoinTimerFunc

.text.uxListRemove
                0x0000000000005060       0x4e
 .text.uxListRemove
                0x0000000000005060       0x4e build/default/debug/_ext/1644529106/list.o
                0x0000000000005060                uxListRemove

.text.prvReloadTimer
                0x00000000000050ae       0x48
 .text.prvReloadTimer
                0x00000000000050ae       0x48 build/default/debug/_ext/1644529106/timers.o

.text           0x00000000000050f6       0x44
 .text          0x00000000000050f6       0x44 c:/program files/microchip/xc8/v2.45/avr/bin/../lib/gcc/avr/5.4.0/../../../../avr/lib/avrxmega4/memx-const\libm.a(fp_split3.o)
                0x00000000000050f6                __fp_split3
                0x0000000000005106                __fp_splitA

.text.vListInsertEnd
                0x000000000000513a       0x42
 .text.vListInsertEnd
                0x000000000000513a       0x42 build/default/debug/_ext/1644529106/list.o
                0x000000000000513a                vListInsertEnd

.text.vQueueWaitForMessageRestricted
                0x000000000000517c       0x3a
 .text.vQueueWaitForMessageRestricted
                0x000000000000517c       0x3a build/default/debug/_ext/1644529106/queue.o
                0x000000000000517c                vQueueWaitForMessageRestricted

.text.prvResetNextTaskUnblockTime
                0x00000000000051b6       0x38
 .text.prvResetNextTaskUnblockTime
                0x00000000000051b6       0x38 build/default/debug/_ext/1644529106/tasks.o

.text.prvCopyDataFromQueue
                0x00000000000051ee       0x36
 .text.prvCopyDataFromQueue
                0x00000000000051ee       0x36 build/default/debug/_ext/1644529106/queue.o

.text.xTaskGenericNotifyStateClear
                0x0000000000005224       0x34
 .text.xTaskGenericNotifyStateClear
                0x0000000000005224       0x34 build/default/debug/_ext/1644529106/tasks.o
                0x0000000000005224                xTaskGenericNotifyStateClear

.text.memcpy    0x0000000000005258       0x32
 .text.memcpy   0x0000000000005258       0x32 c:/program files/microchip/xc8/v2.45/avr/bin/../lib/gcc/avr/5.4.0/../../../../avr/lib/avrxmega4/memx-const\libc.a(memcpy.o)
                0x0000000000005258                memcpy

.text.uxTaskResetEventItemValue
                0x000000000000528a       0x2e
 .text.uxTaskResetEventItemValue
                0x000000000000528a       0x2e build/default/debug/_ext/1644529106/tasks.o
                0x000000000000528a                uxTaskResetEventItemValue

.text.libgcc.div
                0x00000000000052b8       0x28
 .text.libgcc.div
                0x00000000000052b8       0x28 c:/program files/microchip/xc8/v2.45/avr/bin/../lib/gcc/avr/5.4.0/avrxmega4/memx-const\libgcc.a(_udivmodhi4.o)
                0x00000000000052b8                __udivmodhi4

.text.pxPortInitialiseStack
                0x00000000000052e0       0x26
 .text.pxPortInitialiseStack
                0x00000000000052e0       0x26 build/default/debug/_ext/1347852338/port.o
                0x00000000000052e0                pxPortInitialiseStack

.text.xEventGroupCreate
                0x0000000000005306       0x26
 .text.xEventGroupCreate
                0x0000000000005306       0x26 build/default/debug/_ext/1644529106/event_groups.o
                0x0000000000005306                xEventGroupCreate

.text.vTaskPlaceOnEventList
                0x000000000000532c       0x24
 .text.vTaskPlaceOnEventList
                0x000000000000532c       0x24 build/default/debug/_ext/1644529106/tasks.o
                0x000000000000532c                vTaskPlaceOnEventList

.text.pvTaskIncrementMutexHeldCount
                0x0000000000005350       0x24
 .text.pvTaskIncrementMutexHeldCount
                0x0000000000005350       0x24 build/default/debug/_ext/1644529106/tasks.o
                0x0000000000005350                pvTaskIncrementMutexHeldCount

.text.prvIsQueueEmpty
                0x0000000000005374       0x22
 .text.prvIsQueueEmpty
                0x0000000000005374       0x22 build/default/debug/_ext/1644529106/queue.o

.text           0x0000000000005396       0x22
 .text          0x0000000000005396       0x22 c:/program files/microchip/xc8/v2.45/avr/bin/../lib/gcc/avr/5.4.0/../../../../avr/lib/avrxmega4/memx-const\libm.a(fp_round.o)
                0x0000000000005396                __fp_round

.text.vTaskSetTimeOutState
                0x00000000000053b8       0x20
 .text.vTaskSetTimeOutState
                0x00000000000053b8       0x20 build/default/debug/_ext/1644529106/tasks.o
                0x00000000000053b8                vTaskSetTimeOutState

.text.vListInitialise
                0x00000000000053d8       0x1c
 .text.vListInitialise
                0x00000000000053d8       0x1c build/default/debug/_ext/1644529106/list.o
                0x00000000000053d8                vListInitialise

.text.xTaskGetSchedulerState
                0x00000000000053f4       0x1c
 .text.xTaskGetSchedulerState
                0x00000000000053f4       0x1c build/default/debug/_ext/1644529106/tasks.o
                0x00000000000053f4                xTaskGetSchedulerState

.text.I2C_init  0x0000000000005410       0x16
 .text.I2C_init
                0x0000000000005410       0x16 build/default/debug/_ext/83377035/I2C.o
                0x0000000000005410                I2C_init

.text.vTaskInternalSetTimeOutState
                0x0000000000005426       0x16
 .text.vTaskInternalSetTimeOutState
                0x0000000000005426       0x16 build/default/debug/_ext/1644529106/tasks.o
                0x0000000000005426                vTaskInternalSetTimeOutState

.text.exit      0x000000000000543c       0x16
 .text.exit     0x000000000000543c       0x16 c:/program files/microchip/xc8/v2.45/avr/bin/../lib/gcc/avr/5.4.0/../../../../avr/lib/avrxmega4/memx-const\libc.a(exit.o)
                0x000000000000543c                exit

.text.xTaskGetTickCount
                0x0000000000005452       0x14
 .text.xTaskGetTickCount
                0x0000000000005452       0x14 build/default/debug/_ext/1644529106/tasks.o
                0x0000000000005452                xTaskGetTickCount

.text.libgcc    0x0000000000005466       0x12
 .text.libgcc   0x0000000000005466       0x12 c:/program files/microchip/xc8/v2.45/avr/bin/../lib/gcc/avr/5.4.0/avrxmega4/memx-const\libgcc.a(_tablejump2.o)
                0x0000000000005466                __tablejump2__

.text.libgcc    0x0000000000005478       0x12
 .text.libgcc   0x0000000000005478       0x12 c:/program files/microchip/xc8/v2.45/avr/bin/../lib/gcc/avr/5.4.0/avrxmega4/memx-const\libgcc.a(_xload_2.o)
                0x0000000000005478                __xload_2

.text.__vector_12
                0x000000000000548a       0x10
 .text.__vector_12
                0x000000000000548a       0x10 build/default/debug/_ext/1347852338/port.o
                0x000000000000548a                __vector_12

.text.prvIdleTask
                0x000000000000549a       0x10
 .text.prvIdleTask
                0x000000000000549a       0x10 build/default/debug/_ext/1644529106/tasks.o

.text           0x00000000000054aa        0xe
 .text          0x00000000000054aa        0xe c:/program files/microchip/xc8/v2.45/avr/bin/../lib/gcc/avr/5.4.0/../../../../avr/lib/avrxmega4/memx-const\libm.a(addsf3.o)
                0x00000000000054aa                __subsf3
                0x00000000000054ac                __addsf3

.text           0x00000000000054b8        0xe
 .text          0x00000000000054b8        0xe c:/program files/microchip/xc8/v2.45/avr/bin/../lib/gcc/avr/5.4.0/../../../../avr/lib/avrxmega4/memx-const\libm.a(fp_pscA.o)
                0x00000000000054b8                __fp_pscA

.text           0x00000000000054c6        0xe
 .text          0x00000000000054c6        0xe c:/program files/microchip/xc8/v2.45/avr/bin/../lib/gcc/avr/5.4.0/../../../../avr/lib/avrxmega4/memx-const\libm.a(fp_pscB.o)
                0x00000000000054c6                __fp_pscB

.text           0x00000000000054d4        0xe
 .text          0x00000000000054d4        0xe c:/program files/microchip/xc8/v2.45/avr/bin/../lib/gcc/avr/5.4.0/../../../../avr/lib/avrxmega4/memx-const\libm.a(fp_zero.o)
                0x00000000000054d4                __fp_zero
                0x00000000000054d6                __fp_szero

.text.libgcc    0x00000000000054e2        0xe
 .text.libgcc   0x00000000000054e2        0xe c:/program files/microchip/xc8/v2.45/avr/bin/../lib/gcc/avr/5.4.0/avrxmega4/memx-const\libgcc.a(_xload_1.o)
                0x00000000000054e2                __xload_1

.text.vTaskSuspendAll
                0x00000000000054f0        0xc
 .text.vTaskSuspendAll
                0x00000000000054f0        0xc build/default/debug/_ext/1644529106/tasks.o
                0x00000000000054f0                vTaskSuspendAll

.text           0x00000000000054fc        0xc
 .text          0x00000000000054fc        0xc c:/program files/microchip/xc8/v2.45/avr/bin/../lib/gcc/avr/5.4.0/../../../../avr/lib/avrxmega4/memx-const\libm.a(fp_inf.o)
                0x00000000000054fc                __fp_inf

.text.xTaskGetCurrentTaskHandle
                0x0000000000005508        0xa
 .text.xTaskGetCurrentTaskHandle
                0x0000000000005508        0xa build/default/debug/_ext/1644529106/tasks.o
                0x0000000000005508                xTaskGetCurrentTaskHandle

.text.vListInitialiseItem
                0x0000000000005512        0x8
 .text.vListInitialiseItem
                0x0000000000005512        0x8 build/default/debug/_ext/1644529106/list.o
                0x0000000000005512                vListInitialiseItem

.text.vTaskMissedYield
                0x000000000000551a        0x8
 .text.vTaskMissedYield
                0x000000000000551a        0x8 build/default/debug/_ext/1644529106/tasks.o
                0x000000000000551a                vTaskMissedYield

.text.vRetransmitTimerFunc
                0x0000000000005522        0x8
 .text.vRetransmitTimerFunc
                0x0000000000005522        0x8 build/default/debug/main.o
                0x0000000000005522                vRetransmitTimerFunc

.text.vINDTimerFunc
                0x000000000000552a        0x8
 .text.vINDTimerFunc
                0x000000000000552a        0x8 build/default/debug/DSIO.o
                0x000000000000552a                vINDTimerFunc

.text           0x0000000000005532        0x8
 .text          0x0000000000005532        0x8 c:/program files/microchip/xc8/v2.45/avr/bin/../lib/gcc/avr/5.4.0/../../../../avr/lib/avrxmega4/memx-const\libm.a(divsf3.o)
                0x0000000000005532                __divsf3

.text           0x000000000000553a        0x8
 .text          0x000000000000553a        0x8 c:/program files/microchip/xc8/v2.45/avr/bin/../lib/gcc/avr/5.4.0/../../../../avr/lib/avrxmega4/memx-const\libm.a(mulsf3.o)
                0x000000000000553a                __mulsf3

.text.uxTaskGetNumberOfTasks
                0x0000000000005542        0x6
 .text.uxTaskGetNumberOfTasks
                0x0000000000005542        0x6 build/default/debug/_ext/1644529106/tasks.o
                0x0000000000005542                uxTaskGetNumberOfTasks

.text.vPBTimerFunc
                0x0000000000005548        0x6
 .text.vPBTimerFunc
                0x0000000000005548        0x6 build/default/debug/DSIO.o
                0x0000000000005548                vPBTimerFunc

.text           0x000000000000554e        0x6
 .text          0x000000000000554e        0x6 c:/program files/microchip/xc8/v2.45/avr/bin/../lib/gcc/avr/5.4.0/../../../../avr/lib/avrxmega4/memx-const\libm.a(fp_nan.o)
                0x000000000000554e                __fp_nan

.text           0x0000000000005554        0x4
 .text          0x0000000000005554        0x4 C:/Users/miste/.mchp_packs/Microchip/AVR-Dx_DFP/2.4.286/xc8/avr/lib/avrxmega4/memx-const/crtavr128da28.o
                0x0000000000005554                __vector_38
                0x0000000000005554                __vector_28
                0x0000000000005554                __vector_1
                0x0000000000005554                __vector_32
                0x0000000000005554                __vector_34
                0x0000000000005554                __vector_24
                0x0000000000005554                __bad_interrupt
                0x0000000000005554                __vector_6
                0x0000000000005554                __vector_31
                0x0000000000005554                __vector_35
                0x0000000000005554                __vector_39
                0x0000000000005554                __vector_3
                0x0000000000005554                __vector_23
                0x0000000000005554                __vector_30
                0x0000000000005554                __vector_25
                0x0000000000005554                __vector_11
                0x0000000000005554                __vector_13
                0x0000000000005554                __vector_7
                0x0000000000005554                __vector_27
                0x0000000000005554                __vector_5
                0x0000000000005554                __vector_33
                0x0000000000005554                __vector_37
                0x0000000000005554                __vector_4
                0x0000000000005554                __vector_9
                0x0000000000005554                __vector_2
                0x0000000000005554                __vector_15
                0x0000000000005554                __vector_36
                0x0000000000005554                __vector_29
                0x0000000000005554                __vector_40
                0x0000000000005554                __vector_8
                0x0000000000005554                __vector_26
                0x0000000000005554                __vector_14
                0x0000000000005554                __vector_10
                0x0000000000005554                __vector_16
                0x0000000000005554                __vector_18

.text._Exit     0x0000000000005558        0x4
 .text._Exit    0x0000000000005558        0x4 c:/program files/microchip/xc8/v2.45/avr/bin/../lib/gcc/avr/5.4.0/../../../../avr/lib/avrxmega4/memx-const\libc.a(_Exit.o)
                0x0000000000005558                _Exit

.text.vPortFree
                0x000000000000555c        0x2
 .text.vPortFree
                0x000000000000555c        0x2 build/default/debug/_ext/1644529106/heap_1.o
                0x000000000000555c                vPortFree

.text.__dummy_fini
                0x000000000000555e        0x2
 .text.__dummy_fini
                0x000000000000555e        0x2 c:/program files/microchip/xc8/v2.45/avr/bin/../lib/gcc/avr/5.4.0/../../../../avr/lib/avrxmega4/memx-const\libc.a(exit.o)
                0x000000000000555e                _fini

.text.__dummy_funcs_on_exit
                0x0000000000005560        0x2
 .text.__dummy_funcs_on_exit
                0x0000000000005560        0x2 c:/program files/microchip/xc8/v2.45/avr/bin/../lib/gcc/avr/5.4.0/../../../../avr/lib/avrxmega4/memx-const\libc.a(exit.o)
                0x0000000000005560                __funcs_on_exit

.text.__dummy_simulator_exit
                0x0000000000005562        0x2
 .text.__dummy_simulator_exit
                0x0000000000005562        0x2 c:/program files/microchip/xc8/v2.45/avr/bin/../lib/gcc/avr/5.4.0/../../../../avr/lib/avrxmega4/memx-const\libc.a(exit.o)
                0x0000000000005562                __simulator_exit

.rodata         0x0000000000806d11        0xd load address 0x0000000000005564
 .rodata        0x0000000000806d11        0xd build/default/debug/main.o

.data.USART0BAUD
                0x0000000000806d5e        0x4 load address 0x0000000000005571
 .data.USART0BAUD
                0x0000000000806d5e        0x4 build/default/debug/_ext/83377035/USART.o
                0x0000000000806d5e                USART0BAUD

.data.GLOBAL_RetransmissionTimerSet
                0x0000000000806da9        0x1 load address 0x0000000000005575
 .data.GLOBAL_RetransmissionTimerSet
                0x0000000000806da9        0x1 build/default/debug/main.o
                0x0000000000806da9                GLOBAL_RetransmissionTimerSet

.data.GLOBAL_DeviceType
                0x0000000000806daa        0x1 load address 0x0000000000005576
 .data.GLOBAL_DeviceType
                0x0000000000806daa        0x1 build/default/debug/main.o
                0x0000000000806daa                GLOBAL_DeviceType

.data.GLOBAL_MessageSent
                0x0000000000806db5        0x1 load address 0x0000000000005577
 .data.GLOBAL_MessageSent
                0x0000000000806db5        0x1 build/default/debug/_ext/2083278984/MENUTASKS.o
                0x0000000000806db5                GLOBAL_MessageSent

.data.GLOBAL_NetNum
                0x0000000000806db6        0x1 load address 0x0000000000005578
 .data.GLOBAL_NetNum
                0x0000000000806db6        0x1 build/default/debug/_ext/2083278984/MENUTASKS.o
                0x0000000000806db6                GLOBAL_NetNum
