Archive member included to satisfy reference by file (symbol)

c:/program files/microchip/xc8/v2.45/avr/bin/../lib/gcc/avr/5.4.0/avrxmega4/memx-const\libgcc.a(_udivmodhi4.o)
                              build/default/production/_ext/1614498856/queue.o (__udivmodhi4)
c:/program files/microchip/xc8/v2.45/avr/bin/../lib/gcc/avr/5.4.0/avrxmega4/memx-const\libgcc.a(_tablejump2.o)
                              build/default/production/_ext/1614498856/timers.o (__tablejump2__)
c:/program files/microchip/xc8/v2.45/avr/bin/../lib/gcc/avr/5.4.0/avrxmega4/memx-const\libgcc.a(_copy_data.o)
                              build/default/production/_ext/1614498856/queue.o (__do_clear_bss)
c:/program files/microchip/xc8/v2.45/avr/bin/../lib/gcc/avr/5.4.0/avrxmega4/memx-const\libgcc.a(_xload_1.o)
                              build/default/production/_ext/1614498856/event_groups.o (__xload_1)
c:/program files/microchip/xc8/v2.45/avr/bin/../lib/gcc/avr/5.4.0/avrxmega4/memx-const\libgcc.a(_xload_2.o)
                              build/default/production/_ext/1614498856/event_groups.o (__xload_2)
c:/program files/microchip/xc8/v2.45/avr/bin/../lib/gcc/avr/5.4.0/../../../../avr/lib/avrxmega4/memx-const\libc.a(exit.o)
                              C:/Users/miste/.mchp_packs/Microchip/AVR-Dx_DFP/2.4.286/xc8/avr/lib/avrxmega4/memx-const/crtavr128da28.o (exit)
c:/program files/microchip/xc8/v2.45/avr/bin/../lib/gcc/avr/5.4.0/../../../../avr/lib/avrxmega4/memx-const\libc.a(memcpy.o)
                              build/default/production/_ext/1614498856/queue.o (memcpy)
c:/program files/microchip/xc8/v2.45/avr/bin/../lib/gcc/avr/5.4.0/../../../../avr/lib/avrxmega4/memx-const\libc.a(_Exit.o)
                              c:/program files/microchip/xc8/v2.45/avr/bin/../lib/gcc/avr/5.4.0/../../../../avr/lib/avrxmega4/memx-const\libc.a(exit.o) (_Exit)
c:/program files/microchip/xc8/v2.45/avr/bin/../lib/gcc/avr/5.4.0/avrxmega4/memx-const\libgcc.a(_exit.o)
                              c:/program files/microchip/xc8/v2.45/avr/bin/../lib/gcc/avr/5.4.0/../../../../avr/lib/avrxmega4/memx-const\libc.a(_Exit.o) (_exit)

Discarded input sections

 .data          0x0000000000000000        0x0 C:/Users/miste/.mchp_packs/Microchip/AVR-Dx_DFP/2.4.286/xc8/avr/lib/avrxmega4/memx-const/crtavr128da28.o
 .bss           0x0000000000000000        0x0 C:/Users/miste/.mchp_packs/Microchip/AVR-Dx_DFP/2.4.286/xc8/avr/lib/avrxmega4/memx-const/crtavr128da28.o
 .text          0x0000000000000000        0x0 build/default/production/_ext/1913665898/port.o
 .data          0x0000000000000000        0x0 build/default/production/_ext/1913665898/port.o
 .bss           0x0000000000000000        0x0 build/default/production/_ext/1913665898/port.o
 .text.vPortEndScheduler
                0x0000000000000000        0x2 build/default/production/_ext/1913665898/port.o
 .text.vPortYieldFromISR
                0x0000000000000000       0xba build/default/production/_ext/1913665898/port.o
 .text          0x0000000000000000        0x0 build/default/production/_ext/1614498856/event_groups.o
 .data          0x0000000000000000        0x0 build/default/production/_ext/1614498856/event_groups.o
 .bss           0x0000000000000000        0x0 build/default/production/_ext/1614498856/event_groups.o
 .text.xEventGroupClearBits
                0x0000000000000000       0x1e build/default/production/_ext/1614498856/event_groups.o
 .text.xEventGroupGetBitsFromISR
                0x0000000000000000        0xe build/default/production/_ext/1614498856/event_groups.o
 .text.xEventGroupSync
                0x0000000000000000       0xd6 build/default/production/_ext/1614498856/event_groups.o
 .text.vEventGroupDelete
                0x0000000000000000       0x5a build/default/production/_ext/1614498856/event_groups.o
 .text.vEventGroupSetBitsCallback
                0x0000000000000000        0x8 build/default/production/_ext/1614498856/event_groups.o
 .text.vEventGroupClearBitsCallback
                0x0000000000000000        0x8 build/default/production/_ext/1614498856/event_groups.o
 .text          0x0000000000000000        0x0 build/default/production/_ext/1614498856/list.o
 .data          0x0000000000000000        0x0 build/default/production/_ext/1614498856/list.o
 .bss           0x0000000000000000        0x0 build/default/production/_ext/1614498856/list.o
 .text          0x0000000000000000        0x0 build/default/production/_ext/1614498856/queue.o
 .data          0x0000000000000000        0x0 build/default/production/_ext/1614498856/queue.o
 .bss           0x0000000000000000        0x0 build/default/production/_ext/1614498856/queue.o
 .text.xQueueGiveMutexRecursive
                0x0000000000000000       0x48 build/default/production/_ext/1614498856/queue.o
 .text.xQueueGiveFromISR
                0x0000000000000000       0x78 build/default/production/_ext/1614498856/queue.o
 .text.xQueueTakeMutexRecursive
                0x0000000000000000       0x48 build/default/production/_ext/1614498856/queue.o
 .text.xQueuePeek
                0x0000000000000000      0x126 build/default/production/_ext/1614498856/queue.o
 .text.xQueueReceiveFromISR
                0x0000000000000000       0x7e build/default/production/_ext/1614498856/queue.o
 .text.xQueuePeekFromISR
                0x0000000000000000       0x2e build/default/production/_ext/1614498856/queue.o
 .text.uxQueueMessagesWaiting
                0x0000000000000000       0x10 build/default/production/_ext/1614498856/queue.o
 .text.uxQueueSpacesAvailable
                0x0000000000000000       0x16 build/default/production/_ext/1614498856/queue.o
 .text.uxQueueMessagesWaitingFromISR
                0x0000000000000000        0x6 build/default/production/_ext/1614498856/queue.o
 .text.xQueueIsQueueEmptyFromISR
                0x0000000000000000       0x10 build/default/production/_ext/1614498856/queue.o
 .text.xQueueIsQueueFullFromISR
                0x0000000000000000       0x12 build/default/production/_ext/1614498856/queue.o
 .text.pcQueueGetName
                0x0000000000000000       0x50 build/default/production/_ext/1614498856/queue.o
 .text.vQueueUnregisterQueue
                0x0000000000000000       0x4e build/default/production/_ext/1614498856/queue.o
 .text.vQueueDelete
                0x0000000000000000       0x16 build/default/production/_ext/1614498856/queue.o
 .text          0x0000000000000000        0x0 build/default/production/_ext/1614498856/stream_buffer.o
 .data          0x0000000000000000        0x0 build/default/production/_ext/1614498856/stream_buffer.o
 .bss           0x0000000000000000        0x0 build/default/production/_ext/1614498856/stream_buffer.o
 .text.vStreamBufferDelete
                0x0000000000000000       0x1a build/default/production/_ext/1614498856/stream_buffer.o
 .text.xStreamBufferReset
                0x0000000000000000       0x56 build/default/production/_ext/1614498856/stream_buffer.o
 .text.xStreamBufferSetTriggerLevel
                0x0000000000000000       0x22 build/default/production/_ext/1614498856/stream_buffer.o
 .text.xStreamBufferBytesAvailable
                0x0000000000000000        0xa build/default/production/_ext/1614498856/stream_buffer.o
 .text.xStreamBufferNextMessageLengthBytes
                0x0000000000000000       0x58 build/default/production/_ext/1614498856/stream_buffer.o
 .text.xStreamBufferIsEmpty
                0x0000000000000000       0x26 build/default/production/_ext/1614498856/stream_buffer.o
 .text.xStreamBufferIsFull
                0x0000000000000000       0x3a build/default/production/_ext/1614498856/stream_buffer.o
 .text.xStreamBufferSendCompletedFromISR
                0x0000000000000000       0x4c build/default/production/_ext/1614498856/stream_buffer.o
 .text.xStreamBufferReceiveCompletedFromISR
                0x0000000000000000       0x4c build/default/production/_ext/1614498856/stream_buffer.o
 .text          0x0000000000000000        0x0 build/default/production/_ext/1614498856/tasks.o
 .data          0x0000000000000000        0x0 build/default/production/_ext/1614498856/tasks.o
 .bss           0x0000000000000000        0x0 build/default/production/_ext/1614498856/tasks.o
 .text.prvTaskIsTaskSuspended
                0x0000000000000000       0x42 build/default/production/_ext/1614498856/tasks.o
 .text.vTaskPrioritySet
                0x0000000000000000      0x13e build/default/production/_ext/1614498856/tasks.o
 .text.vTaskResume
                0x0000000000000000       0xcc build/default/production/_ext/1614498856/tasks.o
 .text.vTaskEndScheduler
                0x0000000000000000        0xc build/default/production/_ext/1614498856/tasks.o
 .text.xTaskGetTickCountFromISR
                0x0000000000000000        0xa build/default/production/_ext/1614498856/tasks.o
 .text.pcTaskGetName
                0x0000000000000000       0x10 build/default/production/_ext/1614498856/tasks.o
 .text.xTaskDelayUntil
                0x0000000000000000       0x84 build/default/production/_ext/1614498856/tasks.o
 .text.xTaskCatchUpTicks
                0x0000000000000000       0x32 build/default/production/_ext/1614498856/tasks.o
 .text.xTaskGetSchedulerState
                0x0000000000000000       0x1c build/default/production/_ext/1614498856/tasks.o
 .text.ulTaskGenericNotifyTake
                0x0000000000000000      0x106 build/default/production/_ext/1614498856/tasks.o
 .text.vTaskGenericNotifyGiveFromISR
                0x0000000000000000      0x194 build/default/production/_ext/1614498856/tasks.o
 .text.ulTaskGenericNotifyValueClear
                0x0000000000000000       0x6c build/default/production/_ext/1614498856/tasks.o
 .text          0x0000000000000000        0x0 build/default/production/_ext/1614498856/timers.o
 .data          0x0000000000000000        0x0 build/default/production/_ext/1614498856/timers.o
 .bss           0x0000000000000000        0x0 build/default/production/_ext/1614498856/timers.o
 .text.prvInitialiseNewTimer
                0x0000000000000000       0x6c build/default/production/_ext/1614498856/timers.o
 .text.xTimerCreate
                0x0000000000000000       0x62 build/default/production/_ext/1614498856/timers.o
 .text.xTimerGenericCommand
                0x0000000000000000       0x98 build/default/production/_ext/1614498856/timers.o
 .text.xTimerGetTimerDaemonTaskHandle
                0x0000000000000000        0xa build/default/production/_ext/1614498856/timers.o
 .text.xTimerGetPeriod
                0x0000000000000000        0x8 build/default/production/_ext/1614498856/timers.o
 .text.vTimerSetReloadMode
                0x0000000000000000       0x22 build/default/production/_ext/1614498856/timers.o
 .text.xTimerGetReloadMode
                0x0000000000000000       0x1a build/default/production/_ext/1614498856/timers.o
 .text.uxTimerGetReloadMode
                0x0000000000000000        0x6 build/default/production/_ext/1614498856/timers.o
 .text.xTimerGetExpiryTime
                0x0000000000000000        0x8 build/default/production/_ext/1614498856/timers.o
 .text.pcTimerGetName
                0x0000000000000000        0xa build/default/production/_ext/1614498856/timers.o
 .text.xTimerIsTimerActive
                0x0000000000000000       0x1a build/default/production/_ext/1614498856/timers.o
 .text.pvTimerGetTimerID
                0x0000000000000000       0x12 build/default/production/_ext/1614498856/timers.o
 .text.vTimerSetTimerID
                0x0000000000000000       0x12 build/default/production/_ext/1614498856/timers.o
 .text          0x0000000000000000        0x0 build/default/production/_ext/2145274299/heap_1.o
 .data          0x0000000000000000        0x0 build/default/production/_ext/2145274299/heap_1.o
 .bss           0x0000000000000000        0x0 build/default/production/_ext/2145274299/heap_1.o
 .text.vPortInitialiseBlocks
                0x0000000000000000        0xa build/default/production/_ext/2145274299/heap_1.o
 .text.xPortGetFreeHeapSize
                0x0000000000000000       0x12 build/default/production/_ext/2145274299/heap_1.o
 .text          0x0000000000000000        0x0 build/default/production/USART.o
 .data          0x0000000000000000        0x0 build/default/production/USART.o
 .bss           0x0000000000000000        0x0 build/default/production/USART.o
 .text          0x0000000000000000        0x0 build/default/production/main.o
 .data          0x0000000000000000        0x0 build/default/production/main.o
 .bss           0x0000000000000000        0x0 build/default/production/main.o
 .text          0x0000000000000000        0x0 build/default/production/ShiftReg.o
 .data          0x0000000000000000        0x0 build/default/production/ShiftReg.o
 .bss           0x0000000000000000        0x0 build/default/production/ShiftReg.o
 .text.ShiftOut
                0x0000000000000000       0x52 build/default/production/ShiftReg.o
 .text.CLROut   0x0000000000000000       0x14 build/default/production/ShiftReg.o
 .text.LTCHOut  0x0000000000000000       0x14 build/default/production/ShiftReg.o
 .text.ShiftIn  0x0000000000000000       0x28 build/default/production/ShiftReg.o
 .text.LTCHIn   0x0000000000000000       0x14 build/default/production/ShiftReg.o
 .text.InitShiftIn
                0x0000000000000000        0xe build/default/production/ShiftReg.o
 .text.InitShiftOut
                0x0000000000000000        0xe build/default/production/ShiftReg.o
 .debug_info    0x0000000000000000      0x7f0 build/default/production/ShiftReg.o
 .debug_abbrev  0x0000000000000000      0x15a build/default/production/ShiftReg.o
 .debug_loc     0x0000000000000000      0x2ed build/default/production/ShiftReg.o
 .debug_aranges
                0x0000000000000000       0x50 build/default/production/ShiftReg.o
 .debug_ranges  0x0000000000000000       0x40 build/default/production/ShiftReg.o
 .debug_line    0x0000000000000000      0x2c7 build/default/production/ShiftReg.o
 .debug_str     0x0000000000000000        0x0 build/default/production/ShiftReg.o
 .comment       0x0000000000000000       0x30 build/default/production/ShiftReg.o
 .debug_frame   0x0000000000000000       0x84 build/default/production/ShiftReg.o
 .text          0x0000000000000000        0x0 c:/program files/microchip/xc8/v2.45/avr/bin/../lib/gcc/avr/5.4.0/avrxmega4/memx-const\libgcc.a(_udivmodhi4.o)
 .data          0x0000000000000000        0x0 c:/program files/microchip/xc8/v2.45/avr/bin/../lib/gcc/avr/5.4.0/avrxmega4/memx-const\libgcc.a(_udivmodhi4.o)
 .bss           0x0000000000000000        0x0 c:/program files/microchip/xc8/v2.45/avr/bin/../lib/gcc/avr/5.4.0/avrxmega4/memx-const\libgcc.a(_udivmodhi4.o)
 .text.libgcc.mul
                0x0000000000000000        0x0 c:/program files/microchip/xc8/v2.45/avr/bin/../lib/gcc/avr/5.4.0/avrxmega4/memx-const\libgcc.a(_udivmodhi4.o)
 .stack.descriptors
                0x0000000000000000       0x1a c:/program files/microchip/xc8/v2.45/avr/bin/../lib/gcc/avr/5.4.0/avrxmega4/memx-const\libgcc.a(_udivmodhi4.o)
 .text.libgcc   0x0000000000000000        0x0 c:/program files/microchip/xc8/v2.45/avr/bin/../lib/gcc/avr/5.4.0/avrxmega4/memx-const\libgcc.a(_udivmodhi4.o)
 .text.libgcc.prologue
                0x0000000000000000        0x0 c:/program files/microchip/xc8/v2.45/avr/bin/../lib/gcc/avr/5.4.0/avrxmega4/memx-const\libgcc.a(_udivmodhi4.o)
 .text.libgcc.builtins
                0x0000000000000000        0x0 c:/program files/microchip/xc8/v2.45/avr/bin/../lib/gcc/avr/5.4.0/avrxmega4/memx-const\libgcc.a(_udivmodhi4.o)
 .text.libgcc.fmul
                0x0000000000000000        0x0 c:/program files/microchip/xc8/v2.45/avr/bin/../lib/gcc/avr/5.4.0/avrxmega4/memx-const\libgcc.a(_udivmodhi4.o)
 .text.libgcc.fixed
                0x0000000000000000        0x0 c:/program files/microchip/xc8/v2.45/avr/bin/../lib/gcc/avr/5.4.0/avrxmega4/memx-const\libgcc.a(_udivmodhi4.o)
 .text          0x0000000000000000        0x0 c:/program files/microchip/xc8/v2.45/avr/bin/../lib/gcc/avr/5.4.0/avrxmega4/memx-const\libgcc.a(_tablejump2.o)
 .data          0x0000000000000000        0x0 c:/program files/microchip/xc8/v2.45/avr/bin/../lib/gcc/avr/5.4.0/avrxmega4/memx-const\libgcc.a(_tablejump2.o)
 .bss           0x0000000000000000        0x0 c:/program files/microchip/xc8/v2.45/avr/bin/../lib/gcc/avr/5.4.0/avrxmega4/memx-const\libgcc.a(_tablejump2.o)
 .text.libgcc.mul
                0x0000000000000000        0x0 c:/program files/microchip/xc8/v2.45/avr/bin/../lib/gcc/avr/5.4.0/avrxmega4/memx-const\libgcc.a(_tablejump2.o)
 .text.libgcc.div
                0x0000000000000000        0x0 c:/program files/microchip/xc8/v2.45/avr/bin/../lib/gcc/avr/5.4.0/avrxmega4/memx-const\libgcc.a(_tablejump2.o)
 .text.libgcc.prologue
                0x0000000000000000        0x0 c:/program files/microchip/xc8/v2.45/avr/bin/../lib/gcc/avr/5.4.0/avrxmega4/memx-const\libgcc.a(_tablejump2.o)
 .stack.descriptors
                0x0000000000000000       0x1c c:/program files/microchip/xc8/v2.45/avr/bin/../lib/gcc/avr/5.4.0/avrxmega4/memx-const\libgcc.a(_tablejump2.o)
 .text.libgcc.builtins
                0x0000000000000000        0x0 c:/program files/microchip/xc8/v2.45/avr/bin/../lib/gcc/avr/5.4.0/avrxmega4/memx-const\libgcc.a(_tablejump2.o)
 .text.libgcc.fmul
                0x0000000000000000        0x0 c:/program files/microchip/xc8/v2.45/avr/bin/../lib/gcc/avr/5.4.0/avrxmega4/memx-const\libgcc.a(_tablejump2.o)
 .text.libgcc.fixed
                0x0000000000000000        0x0 c:/program files/microchip/xc8/v2.45/avr/bin/../lib/gcc/avr/5.4.0/avrxmega4/memx-const\libgcc.a(_tablejump2.o)
 .text          0x0000000000000000        0x0 c:/program files/microchip/xc8/v2.45/avr/bin/../lib/gcc/avr/5.4.0/avrxmega4/memx-const\libgcc.a(_copy_data.o)
 .data          0x0000000000000000        0x0 c:/program files/microchip/xc8/v2.45/avr/bin/../lib/gcc/avr/5.4.0/avrxmega4/memx-const\libgcc.a(_copy_data.o)
 .bss           0x0000000000000000        0x0 c:/program files/microchip/xc8/v2.45/avr/bin/../lib/gcc/avr/5.4.0/avrxmega4/memx-const\libgcc.a(_copy_data.o)
 .text.libgcc.mul
                0x0000000000000000        0x0 c:/program files/microchip/xc8/v2.45/avr/bin/../lib/gcc/avr/5.4.0/avrxmega4/memx-const\libgcc.a(_copy_data.o)
 .text.libgcc.div
                0x0000000000000000        0x0 c:/program files/microchip/xc8/v2.45/avr/bin/../lib/gcc/avr/5.4.0/avrxmega4/memx-const\libgcc.a(_copy_data.o)
 .text.libgcc   0x0000000000000000        0x0 c:/program files/microchip/xc8/v2.45/avr/bin/../lib/gcc/avr/5.4.0/avrxmega4/memx-const\libgcc.a(_copy_data.o)
 .text.libgcc.prologue
                0x0000000000000000        0x0 c:/program files/microchip/xc8/v2.45/avr/bin/../lib/gcc/avr/5.4.0/avrxmega4/memx-const\libgcc.a(_copy_data.o)
 .text.libgcc.builtins
                0x0000000000000000        0x0 c:/program files/microchip/xc8/v2.45/avr/bin/../lib/gcc/avr/5.4.0/avrxmega4/memx-const\libgcc.a(_copy_data.o)
 .text.libgcc.fmul
                0x0000000000000000        0x0 c:/program files/microchip/xc8/v2.45/avr/bin/../lib/gcc/avr/5.4.0/avrxmega4/memx-const\libgcc.a(_copy_data.o)
 .text.libgcc.fixed
                0x0000000000000000        0x0 c:/program files/microchip/xc8/v2.45/avr/bin/../lib/gcc/avr/5.4.0/avrxmega4/memx-const\libgcc.a(_copy_data.o)
 .text          0x0000000000000000        0x0 c:/program files/microchip/xc8/v2.45/avr/bin/../lib/gcc/avr/5.4.0/avrxmega4/memx-const\libgcc.a(_xload_1.o)
 .data          0x0000000000000000        0x0 c:/program files/microchip/xc8/v2.45/avr/bin/../lib/gcc/avr/5.4.0/avrxmega4/memx-const\libgcc.a(_xload_1.o)
 .bss           0x0000000000000000        0x0 c:/program files/microchip/xc8/v2.45/avr/bin/../lib/gcc/avr/5.4.0/avrxmega4/memx-const\libgcc.a(_xload_1.o)
 .text.libgcc.mul
                0x0000000000000000        0x0 c:/program files/microchip/xc8/v2.45/avr/bin/../lib/gcc/avr/5.4.0/avrxmega4/memx-const\libgcc.a(_xload_1.o)
 .text.libgcc.div
                0x0000000000000000        0x0 c:/program files/microchip/xc8/v2.45/avr/bin/../lib/gcc/avr/5.4.0/avrxmega4/memx-const\libgcc.a(_xload_1.o)
 .text.libgcc.prologue
                0x0000000000000000        0x0 c:/program files/microchip/xc8/v2.45/avr/bin/../lib/gcc/avr/5.4.0/avrxmega4/memx-const\libgcc.a(_xload_1.o)
 .stack.descriptors
                0x0000000000000000       0x17 c:/program files/microchip/xc8/v2.45/avr/bin/../lib/gcc/avr/5.4.0/avrxmega4/memx-const\libgcc.a(_xload_1.o)
 .text.libgcc.builtins
                0x0000000000000000        0x0 c:/program files/microchip/xc8/v2.45/avr/bin/../lib/gcc/avr/5.4.0/avrxmega4/memx-const\libgcc.a(_xload_1.o)
 .text.libgcc.fmul
                0x0000000000000000        0x0 c:/program files/microchip/xc8/v2.45/avr/bin/../lib/gcc/avr/5.4.0/avrxmega4/memx-const\libgcc.a(_xload_1.o)
 .text.libgcc.fixed
                0x0000000000000000        0x0 c:/program files/microchip/xc8/v2.45/avr/bin/../lib/gcc/avr/5.4.0/avrxmega4/memx-const\libgcc.a(_xload_1.o)
 .text          0x0000000000000000        0x0 c:/program files/microchip/xc8/v2.45/avr/bin/../lib/gcc/avr/5.4.0/avrxmega4/memx-const\libgcc.a(_xload_2.o)
 .data          0x0000000000000000        0x0 c:/program files/microchip/xc8/v2.45/avr/bin/../lib/gcc/avr/5.4.0/avrxmega4/memx-const\libgcc.a(_xload_2.o)
 .bss           0x0000000000000000        0x0 c:/program files/microchip/xc8/v2.45/avr/bin/../lib/gcc/avr/5.4.0/avrxmega4/memx-const\libgcc.a(_xload_2.o)
 .text.libgcc.mul
                0x0000000000000000        0x0 c:/program files/microchip/xc8/v2.45/avr/bin/../lib/gcc/avr/5.4.0/avrxmega4/memx-const\libgcc.a(_xload_2.o)
 .text.libgcc.div
                0x0000000000000000        0x0 c:/program files/microchip/xc8/v2.45/avr/bin/../lib/gcc/avr/5.4.0/avrxmega4/memx-const\libgcc.a(_xload_2.o)
 .text.libgcc.prologue
                0x0000000000000000        0x0 c:/program files/microchip/xc8/v2.45/avr/bin/../lib/gcc/avr/5.4.0/avrxmega4/memx-const\libgcc.a(_xload_2.o)
 .stack.descriptors
                0x0000000000000000       0x17 c:/program files/microchip/xc8/v2.45/avr/bin/../lib/gcc/avr/5.4.0/avrxmega4/memx-const\libgcc.a(_xload_2.o)
 .text.libgcc.builtins
                0x0000000000000000        0x0 c:/program files/microchip/xc8/v2.45/avr/bin/../lib/gcc/avr/5.4.0/avrxmega4/memx-const\libgcc.a(_xload_2.o)
 .text.libgcc.fmul
                0x0000000000000000        0x0 c:/program files/microchip/xc8/v2.45/avr/bin/../lib/gcc/avr/5.4.0/avrxmega4/memx-const\libgcc.a(_xload_2.o)
 .text.libgcc.fixed
                0x0000000000000000        0x0 c:/program files/microchip/xc8/v2.45/avr/bin/../lib/gcc/avr/5.4.0/avrxmega4/memx-const\libgcc.a(_xload_2.o)
 .text          0x0000000000000000        0x0 c:/program files/microchip/xc8/v2.45/avr/bin/../lib/gcc/avr/5.4.0/../../../../avr/lib/avrxmega4/memx-const\libc.a(exit.o)
 .data          0x0000000000000000        0x0 c:/program files/microchip/xc8/v2.45/avr/bin/../lib/gcc/avr/5.4.0/../../../../avr/lib/avrxmega4/memx-const\libc.a(exit.o)
 .bss           0x0000000000000000        0x0 c:/program files/microchip/xc8/v2.45/avr/bin/../lib/gcc/avr/5.4.0/../../../../avr/lib/avrxmega4/memx-const\libc.a(exit.o)
 .stack.descriptors
                0x0000000000000000       0x73 c:/program files/microchip/xc8/v2.45/avr/bin/../lib/gcc/avr/5.4.0/../../../../avr/lib/avrxmega4/memx-const\libc.a(exit.o)
 .text          0x0000000000000000        0x0 c:/program files/microchip/xc8/v2.45/avr/bin/../lib/gcc/avr/5.4.0/../../../../avr/lib/avrxmega4/memx-const\libc.a(memcpy.o)
 .data          0x0000000000000000        0x0 c:/program files/microchip/xc8/v2.45/avr/bin/../lib/gcc/avr/5.4.0/../../../../avr/lib/avrxmega4/memx-const\libc.a(memcpy.o)
 .bss           0x0000000000000000        0x0 c:/program files/microchip/xc8/v2.45/avr/bin/../lib/gcc/avr/5.4.0/../../../../avr/lib/avrxmega4/memx-const\libc.a(memcpy.o)
 .stack.descriptors
                0x0000000000000000       0x14 c:/program files/microchip/xc8/v2.45/avr/bin/../lib/gcc/avr/5.4.0/../../../../avr/lib/avrxmega4/memx-const\libc.a(memcpy.o)
 .text          0x0000000000000000        0x0 c:/program files/microchip/xc8/v2.45/avr/bin/../lib/gcc/avr/5.4.0/../../../../avr/lib/avrxmega4/memx-const\libc.a(_Exit.o)
 .data          0x0000000000000000        0x0 c:/program files/microchip/xc8/v2.45/avr/bin/../lib/gcc/avr/5.4.0/../../../../avr/lib/avrxmega4/memx-const\libc.a(_Exit.o)
 .bss           0x0000000000000000        0x0 c:/program files/microchip/xc8/v2.45/avr/bin/../lib/gcc/avr/5.4.0/../../../../avr/lib/avrxmega4/memx-const\libc.a(_Exit.o)
 .stack.descriptors
                0x0000000000000000       0x13 c:/program files/microchip/xc8/v2.45/avr/bin/../lib/gcc/avr/5.4.0/../../../../avr/lib/avrxmega4/memx-const\libc.a(_Exit.o)
 .text          0x0000000000000000        0x0 c:/program files/microchip/xc8/v2.45/avr/bin/../lib/gcc/avr/5.4.0/avrxmega4/memx-const\libgcc.a(_exit.o)
 .data          0x0000000000000000        0x0 c:/program files/microchip/xc8/v2.45/avr/bin/../lib/gcc/avr/5.4.0/avrxmega4/memx-const\libgcc.a(_exit.o)
 .bss           0x0000000000000000        0x0 c:/program files/microchip/xc8/v2.45/avr/bin/../lib/gcc/avr/5.4.0/avrxmega4/memx-const\libgcc.a(_exit.o)
 .text.libgcc.mul
                0x0000000000000000        0x0 c:/program files/microchip/xc8/v2.45/avr/bin/../lib/gcc/avr/5.4.0/avrxmega4/memx-const\libgcc.a(_exit.o)
 .text.libgcc.div
                0x0000000000000000        0x0 c:/program files/microchip/xc8/v2.45/avr/bin/../lib/gcc/avr/5.4.0/avrxmega4/memx-const\libgcc.a(_exit.o)
 .text.libgcc   0x0000000000000000        0x0 c:/program files/microchip/xc8/v2.45/avr/bin/../lib/gcc/avr/5.4.0/avrxmega4/memx-const\libgcc.a(_exit.o)
 .text.libgcc.prologue
                0x0000000000000000        0x0 c:/program files/microchip/xc8/v2.45/avr/bin/../lib/gcc/avr/5.4.0/avrxmega4/memx-const\libgcc.a(_exit.o)
 .stack.descriptors
                0x0000000000000000       0x13 c:/program files/microchip/xc8/v2.45/avr/bin/../lib/gcc/avr/5.4.0/avrxmega4/memx-const\libgcc.a(_exit.o)
 .text.libgcc.builtins
                0x0000000000000000        0x0 c:/program files/microchip/xc8/v2.45/avr/bin/../lib/gcc/avr/5.4.0/avrxmega4/memx-const\libgcc.a(_exit.o)
 .text.libgcc.fmul
                0x0000000000000000        0x0 c:/program files/microchip/xc8/v2.45/avr/bin/../lib/gcc/avr/5.4.0/avrxmega4/memx-const\libgcc.a(_exit.o)
 .text.libgcc.fixed
                0x0000000000000000        0x0 c:/program files/microchip/xc8/v2.45/avr/bin/../lib/gcc/avr/5.4.0/avrxmega4/memx-const\libgcc.a(_exit.o)

Memory Configuration

Name             Origin             Length             Attributes
text             0x0000000000000000 0x0000000000020000 xr
data             0x0000000000804000 0x0000000000004000 rw !x
eeprom           0x0000000000810000 0x0000000000000200 rw !x
fuse             0x0000000000820000 0x0000000000000010 rw !x
lock             0x0000000000830000 0x0000000000000400 rw !x
signature        0x0000000000840000 0x0000000000000400 rw !x
user_signatures  0x0000000000850000 0x0000000000000400 rw !x
bootrow          0x0000000000860000 0x0000000000000400 rw !x
*default*        0x0000000000000000 0xffffffffffffffff

Linker script and memory map

Address of section .data set to 0x804000
                0x0000000000008000                __RODATA_PM_OFFSET__ = 0x8000
LOAD C:/Users/miste/.mchp_packs/Microchip/AVR-Dx_DFP/2.4.286/xc8/avr/lib/avrxmega4/memx-const/crtavr128da28.o
                0x0000000000000001                __MPLAB_BUILD = 0x1
LOAD build/default/production/_ext/1913665898/port.o
LOAD build/default/production/_ext/1614498856/event_groups.o
LOAD build/default/production/_ext/1614498856/list.o
LOAD build/default/production/_ext/1614498856/queue.o
LOAD build/default/production/_ext/1614498856/stream_buffer.o
LOAD build/default/production/_ext/1614498856/tasks.o
LOAD build/default/production/_ext/1614498856/timers.o
LOAD build/default/production/_ext/2145274299/heap_1.o
LOAD build/default/production/USART.o
LOAD build/default/production/main.o
LOAD build/default/production/ShiftReg.o
START GROUP
LOAD c:/program files/microchip/xc8/v2.45/avr/bin/../lib/gcc/avr/5.4.0/../../../../avr/lib/avrxmega4/memx-const\libm.a
END GROUP
START GROUP
LOAD c:/program files/microchip/xc8/v2.45/avr/bin/../lib/gcc/avr/5.4.0/avrxmega4/memx-const\libgcc.a
LOAD c:/program files/microchip/xc8/v2.45/avr/bin/../lib/gcc/avr/5.4.0/../../../../avr/lib/avrxmega4/memx-const\libm.a
LOAD c:/program files/microchip/xc8/v2.45/avr/bin/../lib/gcc/avr/5.4.0/../../../../avr/lib/avrxmega4/memx-const\libc.a
LOAD C:/Users/miste/.mchp_packs/Microchip/AVR-Dx_DFP/2.4.286/xc8/avr/lib/avrxmega4/memx-const\libavr128da28.a
END GROUP
                [0x0000000000000000]                __TEXT_REGION_ORIGIN__ = DEFINED (__TEXT_REGION_ORIGIN__)?__TEXT_REGION_ORIGIN__:0x0
                [0x0000000000804000]                __DATA_REGION_ORIGIN__ = DEFINED (__DATA_REGION_ORIGIN__)?__DATA_REGION_ORIGIN__:0x802000
                [0x0000000000020000]                __TEXT_REGION_LENGTH__ = DEFINED (__TEXT_REGION_LENGTH__)?__TEXT_REGION_LENGTH__:0x100000
                [0x0000000000004000]                __DATA_REGION_LENGTH__ = DEFINED (__DATA_REGION_LENGTH__)?__DATA_REGION_LENGTH__:0xffa0
                [0x0000000000000200]                __EEPROM_REGION_LENGTH__ = DEFINED (__EEPROM_REGION_LENGTH__)?__EEPROM_REGION_LENGTH__:0x10000
                [0x0000000000000010]                __FUSE_REGION_LENGTH__ = DEFINED (__FUSE_REGION_LENGTH__)?__FUSE_REGION_LENGTH__:0x400
                0x0000000000000400                __LOCK_REGION_LENGTH__ = DEFINED (__LOCK_REGION_LENGTH__)?__LOCK_REGION_LENGTH__:0x400
                0x0000000000000400                __SIGNATURE_REGION_LENGTH__ = DEFINED (__SIGNATURE_REGION_LENGTH__)?__SIGNATURE_REGION_LENGTH__:0x400
                0x0000000000000400                __USER_SIGNATURE_REGION_LENGTH__ = DEFINED (__USER_SIGNATURE_REGION_LENGTH__)?__USER_SIGNATURE_REGION_LENGTH__:0x400
                0x0000000000000400                __BOOTROW_REGION_LENGTH__ = DEFINED (__BOOTROW_REGION_LENGTH__)?__BOOTROW_REGION_LENGTH__:0x400

.hash
 *(.hash)

.dynsym
 *(.dynsym)

.dynstr
 *(.dynstr)

.gnu.version
 *(.gnu.version)

.gnu.version_d
 *(.gnu.version_d)

.gnu.version_r
 *(.gnu.version_r)

.rel.init
 *(.rel.init)

.rela.init
 *(.rela.init)

.rel.text
 *(.rel.text)
 *(.rel.text.*)
 *(.rel.gnu.linkonce.t*)

.rela.text
 *(.rela.text)
 *(.rela.text.*)
 *(.rela.gnu.linkonce.t*)

.rel.fini
 *(.rel.fini)

.rela.fini
 *(.rela.fini)

.rel.rodata
 *(.rel.rodata)
 *(.rel.rodata.*)
 *(.rel.gnu.linkonce.r*)

.rela.rodata
 *(.rela.rodata)
 *(.rela.rodata.*)
 *(.rela.gnu.linkonce.r*)

.rel.data
 *(.rel.data)
 *(.rel.data.*)
 *(.rel.gnu.linkonce.d*)

.rela.data
 *(.rela.data)
 *(.rela.data.*)
 *(.rela.gnu.linkonce.d*)

.rel.ctors
 *(.rel.ctors)

.rela.ctors
 *(.rela.ctors)

.rel.dtors
 *(.rel.dtors)

.rela.dtors
 *(.rela.dtors)

.rel.got
 *(.rel.got)

.rela.got
 *(.rela.got)

.rel.bss
 *(.rel.bss)

.rela.bss
 *(.rela.bss)

.rel.plt
 *(.rel.plt)

.rela.plt
 *(.rela.plt)

.text           0x0000000000000000      0x114
 *(.vectors)
 .vectors       0x0000000000000000       0xa4 C:/Users/miste/.mchp_packs/Microchip/AVR-Dx_DFP/2.4.286/xc8/avr/lib/avrxmega4/memx-const/crtavr128da28.o
                0x0000000000000000                __vector_default
                0x0000000000000000                __vectors
 *(.vectors)
 *(.progmem.gcc*)
 .progmem.gcc_sw_table.prvProcessReceivedCommands
                0x00000000000000a4       0x12 build/default/production/_ext/1614498856/timers.o
 *(.dinit)
 .dinit         0x00000000000000b6        0x5 data_init
                0x00000000000000bc                . = ALIGN (0x2)
 *fill*         0x00000000000000bb        0x1 
                0x00000000000000bc                __trampolines_start = .
 *(.trampolines)
 .trampolines   0x00000000000000bc        0x0 linker stubs
 *(.trampolines*)
                0x00000000000000bc                __trampolines_end = .
 *libprintf_flt.a:*(.progmem.data)
 *libc.a:*(.progmem.data)
                0x00000000000000bc                . = ALIGN (0x2)
 *(.jumptables)
 *(.jumptables*)
 *(.lowtext)
 *(.lowtext*)
                0x00000000000000bc                __ctors_start = .
 *(.ctors)
                0x00000000000000bc                __ctors_end = .
                0x00000000000000bc                __dtors_start = .
 *(.dtors)
                0x00000000000000bc                __dtors_end = .
 SORT(*)(.ctors)
 SORT(*)(.dtors)
 *(.init0)
 .init0         0x00000000000000bc        0x0 C:/Users/miste/.mchp_packs/Microchip/AVR-Dx_DFP/2.4.286/xc8/avr/lib/avrxmega4/memx-const/crtavr128da28.o
                0x00000000000000bc                __init
 *(.init0)
 *(.init1)
 *(.init1)
 *(.init2)
 .init2         0x00000000000000bc        0xc C:/Users/miste/.mchp_packs/Microchip/AVR-Dx_DFP/2.4.286/xc8/avr/lib/avrxmega4/memx-const/crtavr128da28.o
 *(.init2)
 *(.init3)
 *(.init3)
 *(.init4)
 .init4         0x00000000000000c8       0x40 c:/program files/microchip/xc8/v2.45/avr/bin/../lib/gcc/avr/5.4.0/avrxmega4/memx-const\libgcc.a(_copy_data.o)
                0x00000000000000c8                __do_copy_data
                0x00000000000000fa                __do_clear_bss
 *(.init4)
 *(.init5)
 *(.init5)
 *(.init6)
 *(.init6)
 *(.init7)
 *(.init7)
 *(.init8)
 *(.init8)
 *(.init9)
 .init9         0x0000000000000108        0x8 C:/Users/miste/.mchp_packs/Microchip/AVR-Dx_DFP/2.4.286/xc8/avr/lib/avrxmega4/memx-const/crtavr128da28.o
 *(.init9)
                0x0000000000000110                . = ALIGN (0x2)
 *(.fini9)
 .fini9         0x0000000000000110        0x0 c:/program files/microchip/xc8/v2.45/avr/bin/../lib/gcc/avr/5.4.0/avrxmega4/memx-const\libgcc.a(_exit.o)
                0x0000000000000110                _exit
 *(.fini9)
 *(.fini8)
 *(.fini8)
 *(.fini7)
 *(.fini7)
 *(.fini6)
 *(.fini6)
 *(.fini5)
 *(.fini5)
 *(.fini4)
 *(.fini4)
 *(.fini3)
 *(.fini3)
 *(.fini2)
 *(.fini2)
 *(.fini1)
 *(.fini1)
 *(.fini0)
 .fini0         0x0000000000000110        0x4 c:/program files/microchip/xc8/v2.45/avr/bin/../lib/gcc/avr/5.4.0/avrxmega4/memx-const\libgcc.a(_exit.o)
 *(.fini0)
                0x0000000000000114                _etext = .

.data           0x0000000000804000        0x0 load address 0x0000000000000114
                [!provide]                        PROVIDE (__data_start, .)
 *(.gnu.linkonce.d*)
 *(.gnu.linkonce.r*)
                0x0000000000804000                . = ALIGN (0x2)
                0x0000000000804000                _edata = .
                [!provide]                        PROVIDE (__data_end, .)

.bss            0x0000000000804000        0x0
                [!provide]                        PROVIDE (__bss_start, .)
 *(COMMON)
                [!provide]                        PROVIDE (__bss_end, .)
                0x0000000000000114                __data_load_start = LOADADDR (.data)
                0x0000000000000114                __data_load_end = (__data_load_start + SIZEOF (.data))

.noinit         0x0000000000804000        0x0
                [!provide]                        PROVIDE (__noinit_start, .)
 *(.noinit*)
                [!provide]                        PROVIDE (__noinit_end, .)
                0x0000000000804000                _end = .

.eeprom         0x0000000000810000        0x0
 *(.eeprom*)
                0x0000000000810000                __eeprom_end = .

.fuse
 *(.fuse)
 *(.lfuse)
 *(.hfuse)
 *(.efuse)

.lock
 *(.lock*)

.signature
 *(.signature*)

.user_signatures
 *(.user_signatures*)

.bootrow
 *(.bootrow*)

.stab
 *(.stab)

.stabstr
 *(.stabstr)

.stab.excl
 *(.stab.excl)

.stab.exclstr
 *(.stab.exclstr)

.stab.index
 *(.stab.index)

.stab.indexstr
 *(.stab.indexstr)

.comment        0x0000000000000000       0x5b
 *(.comment)
 .comment       0x0000000000000000       0x2f build/default/production/_ext/1913665898/port.o
                                         0x30 (size before relaxing)
 .comment       0x000000000000002f       0x30 build/default/production/_ext/1614498856/event_groups.o
 .comment       0x000000000000002f       0x30 build/default/production/_ext/1614498856/list.o
 .comment       0x000000000000002f       0x30 build/default/production/_ext/1614498856/queue.o
 .comment       0x000000000000002f       0x30 build/default/production/_ext/1614498856/stream_buffer.o
 .comment       0x000000000000002f       0x30 build/default/production/_ext/1614498856/tasks.o
 .comment       0x000000000000002f       0x30 build/default/production/_ext/1614498856/timers.o
 .comment       0x000000000000002f       0x30 build/default/production/_ext/2145274299/heap_1.o
 .comment       0x000000000000002f       0x30 build/default/production/USART.o
 .comment       0x000000000000002f       0x30 build/default/production/main.o
 .comment       0x000000000000002f       0x2c c:/program files/microchip/xc8/v2.45/avr/bin/../lib/gcc/avr/5.4.0/../../../../avr/lib/avrxmega4/memx-const\libc.a(exit.o)
                                         0x2d (size before relaxing)
 .comment       0x000000000000005b       0x2d c:/program files/microchip/xc8/v2.45/avr/bin/../lib/gcc/avr/5.4.0/../../../../avr/lib/avrxmega4/memx-const\libc.a(memcpy.o)
 .comment       0x000000000000005b       0x2d c:/program files/microchip/xc8/v2.45/avr/bin/../lib/gcc/avr/5.4.0/../../../../avr/lib/avrxmega4/memx-const\libc.a(_Exit.o)

.stack.descriptors.hdr
                0x0000000000000000       0x70
 .stack.descriptors.hdr
                0x0000000000000000        0xe c:/program files/microchip/xc8/v2.45/avr/bin/../lib/gcc/avr/5.4.0/avrxmega4/memx-const\libgcc.a(_udivmodhi4.o)
 .stack.descriptors.hdr
                0x000000000000000e        0xe c:/program files/microchip/xc8/v2.45/avr/bin/../lib/gcc/avr/5.4.0/avrxmega4/memx-const\libgcc.a(_tablejump2.o)
 .stack.descriptors.hdr
                0x000000000000001c        0xe c:/program files/microchip/xc8/v2.45/avr/bin/../lib/gcc/avr/5.4.0/avrxmega4/memx-const\libgcc.a(_xload_1.o)
 .stack.descriptors.hdr
                0x000000000000002a        0xe c:/program files/microchip/xc8/v2.45/avr/bin/../lib/gcc/avr/5.4.0/avrxmega4/memx-const\libgcc.a(_xload_2.o)
 .stack.descriptors.hdr
                0x0000000000000038        0xe c:/program files/microchip/xc8/v2.45/avr/bin/../lib/gcc/avr/5.4.0/../../../../avr/lib/avrxmega4/memx-const\libc.a(exit.o)
 .stack.descriptors.hdr
                0x0000000000000046        0xe c:/program files/microchip/xc8/v2.45/avr/bin/../lib/gcc/avr/5.4.0/../../../../avr/lib/avrxmega4/memx-const\libc.a(memcpy.o)
 .stack.descriptors.hdr
                0x0000000000000054        0xe c:/program files/microchip/xc8/v2.45/avr/bin/../lib/gcc/avr/5.4.0/../../../../avr/lib/avrxmega4/memx-const\libc.a(_Exit.o)
 .stack.descriptors.hdr
                0x0000000000000062        0xe c:/program files/microchip/xc8/v2.45/avr/bin/../lib/gcc/avr/5.4.0/avrxmega4/memx-const\libgcc.a(_exit.o)

.note.GNU-stack
                0x0000000000000000        0x0
 .note.GNU-stack
                0x0000000000000000        0x0 c:/program files/microchip/xc8/v2.45/avr/bin/../lib/gcc/avr/5.4.0/../../../../avr/lib/avrxmega4/memx-const\libc.a(exit.o)
 .note.GNU-stack
                0x0000000000000000        0x0 c:/program files/microchip/xc8/v2.45/avr/bin/../lib/gcc/avr/5.4.0/../../../../avr/lib/avrxmega4/memx-const\libc.a(memcpy.o)
 .note.GNU-stack
                0x0000000000000000        0x0 c:/program files/microchip/xc8/v2.45/avr/bin/../lib/gcc/avr/5.4.0/../../../../avr/lib/avrxmega4/memx-const\libc.a(_Exit.o)

.note.gnu.build-id
 *(.note.gnu.build-id)

.debug
 *(.debug)

.line
 *(.line)

.debug_srcinfo
 *(.debug_srcinfo)

.debug_sfnames
 *(.debug_sfnames)

.debug_aranges  0x0000000000000000      0x608
 *(.debug_aranges)
 .debug_aranges
                0x0000000000000000       0x58 build/default/production/_ext/1913665898/port.o
 .debug_aranges
                0x0000000000000058       0x68 build/default/production/_ext/1614498856/event_groups.o
 .debug_aranges
                0x00000000000000c0       0x40 build/default/production/_ext/1614498856/list.o
 .debug_aranges
                0x0000000000000100      0x110 build/default/production/_ext/1614498856/queue.o
 .debug_aranges
                0x0000000000000210       0xc0 build/default/production/_ext/1614498856/stream_buffer.o
 .debug_aranges
                0x00000000000002d0      0x190 build/default/production/_ext/1614498856/tasks.o
 .debug_aranges
                0x0000000000000460       0xd8 build/default/production/_ext/1614498856/timers.o
 .debug_aranges
                0x0000000000000538       0x38 build/default/production/_ext/2145274299/heap_1.o
 .debug_aranges
                0x0000000000000570       0x20 build/default/production/USART.o
 .debug_aranges
                0x0000000000000590       0x78 build/default/production/main.o

.debug_pubnames
 *(.debug_pubnames)

.debug_info     0x0000000000000000     0xdf72
 *(.debug_info .gnu.linkonce.wi.*)
 .debug_info    0x0000000000000000     0x2504 C:/Users/miste/.mchp_packs/Microchip/AVR-Dx_DFP/2.4.286/xc8/avr/lib/avrxmega4/memx-const/crtavr128da28.o
 .debug_info    0x0000000000002504      0x68f build/default/production/_ext/1913665898/port.o
 .debug_info    0x0000000000002b93      0xc91 build/default/production/_ext/1614498856/event_groups.o
 .debug_info    0x0000000000003824      0x585 build/default/production/_ext/1614498856/list.o
 .debug_info    0x0000000000003da9     0x1ee1 build/default/production/_ext/1614498856/queue.o
 .debug_info    0x0000000000005c8a     0x18a2 build/default/production/_ext/1614498856/stream_buffer.o
 .debug_info    0x000000000000752c     0x26c4 build/default/production/_ext/1614498856/tasks.o
 .debug_info    0x0000000000009bf0     0x15a1 build/default/production/_ext/1614498856/timers.o
 .debug_info    0x000000000000b191      0x41c build/default/production/_ext/2145274299/heap_1.o
 .debug_info    0x000000000000b5ad      0x7a8 build/default/production/USART.o
 .debug_info    0x000000000000bd55     0x221d build/default/production/main.o

.debug_abbrev   0x0000000000000000     0x35d6
 *(.debug_abbrev)
 .debug_abbrev  0x0000000000000000     0x230e C:/Users/miste/.mchp_packs/Microchip/AVR-Dx_DFP/2.4.286/xc8/avr/lib/avrxmega4/memx-const/crtavr128da28.o
 .debug_abbrev  0x000000000000230e      0x177 build/default/production/_ext/1913665898/port.o
 .debug_abbrev  0x0000000000002485      0x1fc build/default/production/_ext/1614498856/event_groups.o
 .debug_abbrev  0x0000000000002681      0x116 build/default/production/_ext/1614498856/list.o
 .debug_abbrev  0x0000000000002797      0x258 build/default/production/_ext/1614498856/queue.o
 .debug_abbrev  0x00000000000029ef      0x233 build/default/production/_ext/1614498856/stream_buffer.o
 .debug_abbrev  0x0000000000002c22      0x2d2 build/default/production/_ext/1614498856/tasks.o
 .debug_abbrev  0x0000000000002ef4      0x26d build/default/production/_ext/1614498856/timers.o
 .debug_abbrev  0x0000000000003161      0x111 build/default/production/_ext/2145274299/heap_1.o
 .debug_abbrev  0x0000000000003272       0xea build/default/production/USART.o
 .debug_abbrev  0x000000000000335c      0x27a build/default/production/main.o

.debug_line     0x0000000000000000     0x47da
 *(.debug_line .debug_line.* .debug_line_end)
 .debug_line    0x0000000000000000      0x190 C:/Users/miste/.mchp_packs/Microchip/AVR-Dx_DFP/2.4.286/xc8/avr/lib/avrxmega4/memx-const/crtavr128da28.o
 .debug_line    0x0000000000000190      0x2bc build/default/production/_ext/1913665898/port.o
 .debug_line    0x000000000000044c      0x456 build/default/production/_ext/1614498856/event_groups.o
 .debug_line    0x00000000000008a2      0x218 build/default/production/_ext/1614498856/list.o
 .debug_line    0x0000000000000aba      0xd8f build/default/production/_ext/1614498856/queue.o
 .debug_line    0x0000000000001849      0x7a6 build/default/production/_ext/1614498856/stream_buffer.o
 .debug_line    0x0000000000001fef     0x12da build/default/production/_ext/1614498856/tasks.o
 .debug_line    0x00000000000032c9      0x671 build/default/production/_ext/1614498856/timers.o
 .debug_line    0x000000000000393a      0x16c build/default/production/_ext/2145274299/heap_1.o
 .debug_line    0x0000000000003aa6      0x105 build/default/production/USART.o
 .debug_line    0x0000000000003bab      0xc2f build/default/production/main.o

.debug_frame    0x0000000000000000     0x1808
 *(.debug_frame)
 .debug_frame   0x0000000000000000       0x94 build/default/production/_ext/1913665898/port.o
 .debug_frame   0x0000000000000094      0x180 build/default/production/_ext/1614498856/event_groups.o
 .debug_frame   0x0000000000000214       0x88 build/default/production/_ext/1614498856/list.o
 .debug_frame   0x000000000000029c      0x42c build/default/production/_ext/1614498856/queue.o
 .debug_frame   0x00000000000006c8      0x474 build/default/production/_ext/1614498856/stream_buffer.o
 .debug_frame   0x0000000000000b3c      0x618 build/default/production/_ext/1614498856/tasks.o
 .debug_frame   0x0000000000001154      0x318 build/default/production/_ext/1614498856/timers.o
 .debug_frame   0x000000000000146c       0x60 build/default/production/_ext/2145274299/heap_1.o
 .debug_frame   0x00000000000014cc       0x24 build/default/production/USART.o
 .debug_frame   0x00000000000014f0      0x318 build/default/production/main.o

.debug_str      0x0000000000000000     0x1cf0
 *(.debug_str)
 .debug_str     0x0000000000000000      0xfdc C:/Users/miste/.mchp_packs/Microchip/AVR-Dx_DFP/2.4.286/xc8/avr/lib/avrxmega4/memx-const/crtavr128da28.o
 .debug_str     0x0000000000000fdc       0x26 build/default/production/_ext/1913665898/port.o
 .debug_str     0x0000000000001002      0x192 build/default/production/_ext/1614498856/event_groups.o
 .debug_str     0x0000000000001194       0x2b build/default/production/_ext/1614498856/list.o
 .debug_str     0x00000000000011bf      0x2d2 build/default/production/_ext/1614498856/queue.o
 .debug_str     0x0000000000001491      0x242 build/default/production/_ext/1614498856/stream_buffer.o
 .debug_str     0x00000000000016d3      0x26a build/default/production/_ext/1614498856/tasks.o
 .debug_str     0x000000000000193d      0x1fc build/default/production/_ext/1614498856/timers.o
 .debug_str     0x0000000000001b39       0x1f build/default/production/_ext/2145274299/heap_1.o
 .debug_str     0x0000000000001b58        0xb build/default/production/USART.o
 .debug_str     0x0000000000001b63      0x18d build/default/production/main.o

.debug_loc      0x0000000000000000     0x6642
 *(.debug_loc)
 .debug_loc     0x0000000000000000       0xc8 build/default/production/_ext/1913665898/port.o
 .debug_loc     0x00000000000000c8      0x934 build/default/production/_ext/1614498856/event_groups.o
 .debug_loc     0x00000000000009fc       0xb8 build/default/production/_ext/1614498856/list.o
 .debug_loc     0x0000000000000ab4     0x1ae2 build/default/production/_ext/1614498856/queue.o
 .debug_loc     0x0000000000002596     0x14b8 build/default/production/_ext/1614498856/stream_buffer.o
 .debug_loc     0x0000000000003a4e     0x1b51 build/default/production/_ext/1614498856/tasks.o
 .debug_loc     0x000000000000559f      0xa8f build/default/production/_ext/1614498856/timers.o
 .debug_loc     0x000000000000602e       0xe0 build/default/production/_ext/2145274299/heap_1.o
 .debug_loc     0x000000000000610e      0x534 build/default/production/main.o

.debug_macinfo
 *(.debug_macinfo)

.debug_weaknames
 *(.debug_weaknames)

.debug_funcnames
 *(.debug_funcnames)

.debug_typenames
 *(.debug_typenames)

.debug_varnames
 *(.debug_varnames)

.debug_pubtypes
 *(.debug_pubtypes)

.debug_ranges   0x0000000000000000      0x650
 *(.debug_ranges)
 .debug_ranges  0x0000000000000000       0x48 build/default/production/_ext/1913665898/port.o
 .debug_ranges  0x0000000000000048       0x70 build/default/production/_ext/1614498856/event_groups.o
 .debug_ranges  0x00000000000000b8       0x30 build/default/production/_ext/1614498856/list.o
 .debug_ranges  0x00000000000000e8      0x148 build/default/production/_ext/1614498856/queue.o
 .debug_ranges  0x0000000000000230       0xb0 build/default/production/_ext/1614498856/stream_buffer.o
 .debug_ranges  0x00000000000002e0      0x1c0 build/default/production/_ext/1614498856/tasks.o
 .debug_ranges  0x00000000000004a0       0xc8 build/default/production/_ext/1614498856/timers.o
 .debug_ranges  0x0000000000000568       0x28 build/default/production/_ext/2145274299/heap_1.o
 .debug_ranges  0x0000000000000590       0x10 build/default/production/USART.o
 .debug_ranges  0x00000000000005a0       0xb0 build/default/production/main.o

.debug_macro
 *(.debug_macro)
OUTPUT(dist/default/production/GenericWBM.X.production.elf elf32-avr)
LOAD linker stubs
LOAD data_init

.note.gnu.avr.deviceinfo
                0x0000000000000000       0x40
 .note.gnu.avr.deviceinfo
                0x0000000000000000       0x40 C:/Users/miste/.mchp_packs/Microchip/AVR-Dx_DFP/2.4.286/xc8/avr/lib/avrxmega4/memx-const/crtavr128da28.o

.bss.xQueueRegistry
                0x0000000000807bdc        0xa
 .bss.xQueueRegistry
                0x0000000000807bdc        0xa build/default/production/_ext/1614498856/queue.o
                0x0000000000807bdc                xQueueRegistry

.bss.uxSchedulerSuspended
                0x0000000000807c50        0x1
 .bss.uxSchedulerSuspended
                0x0000000000807c50        0x1 build/default/production/_ext/1614498856/tasks.o

.bss.xIdleTaskHandle
                0x0000000000807c1c        0x2
 .bss.xIdleTaskHandle
                0x0000000000807c1c        0x2 build/default/production/_ext/1614498856/tasks.o

.bss.xNextTaskUnblockTime
                0x0000000000807c1e        0x2
 .bss.xNextTaskUnblockTime
                0x0000000000807c1e        0x2 build/default/production/_ext/1614498856/tasks.o

.bss.uxTaskNumber
                0x0000000000807c51        0x1
 .bss.uxTaskNumber
                0x0000000000807c51        0x1 build/default/production/_ext/1614498856/tasks.o

.bss.xNumOfOverflows
                0x0000000000807c52        0x1
 .bss.xNumOfOverflows
                0x0000000000807c52        0x1 build/default/production/_ext/1614498856/tasks.o

.bss.xYieldPending
                0x0000000000807c53        0x1
 .bss.xYieldPending
                0x0000000000807c53        0x1 build/default/production/_ext/1614498856/tasks.o

.bss.xPendedTicks
                0x0000000000807c20        0x2
 .bss.xPendedTicks
                0x0000000000807c20        0x2 build/default/production/_ext/1614498856/tasks.o

.bss.xSchedulerRunning
                0x0000000000807c54        0x1
 .bss.xSchedulerRunning
                0x0000000000807c54        0x1 build/default/production/_ext/1614498856/tasks.o

.bss.uxTopReadyPriority
                0x0000000000807c55        0x1
 .bss.uxTopReadyPriority
                0x0000000000807c55        0x1 build/default/production/_ext/1614498856/tasks.o

.bss.xTickCount
                0x0000000000807c22        0x2
 .bss.xTickCount
                0x0000000000807c22        0x2 build/default/production/_ext/1614498856/tasks.o

.bss.uxCurrentNumberOfTasks
                0x0000000000807c56        0x1
 .bss.uxCurrentNumberOfTasks
                0x0000000000807c56        0x1 build/default/production/_ext/1614498856/tasks.o

.bss.xSuspendedTaskList
                0x0000000000807be6        0x9
 .bss.xSuspendedTaskList
                0x0000000000807be6        0x9 build/default/production/_ext/1614498856/tasks.o

.bss.xPendingReadyList
                0x0000000000807bef        0x9
 .bss.xPendingReadyList
                0x0000000000807bef        0x9 build/default/production/_ext/1614498856/tasks.o

.bss.pxOverflowDelayedTaskList
                0x0000000000807c24        0x2
 .bss.pxOverflowDelayedTaskList
                0x0000000000807c24        0x2 build/default/production/_ext/1614498856/tasks.o

.bss.pxDelayedTaskList
                0x0000000000807c26        0x2
 .bss.pxDelayedTaskList
                0x0000000000807c26        0x2 build/default/production/_ext/1614498856/tasks.o

.bss.xDelayedTaskList2
                0x0000000000807bf8        0x9
 .bss.xDelayedTaskList2
                0x0000000000807bf8        0x9 build/default/production/_ext/1614498856/tasks.o

.bss.xDelayedTaskList1
                0x0000000000807c01        0x9
 .bss.xDelayedTaskList1
                0x0000000000807c01        0x9 build/default/production/_ext/1614498856/tasks.o

.bss.pxReadyTasksLists
                0x0000000000807bb8       0x24
 .bss.pxReadyTasksLists
                0x0000000000807bb8       0x24 build/default/production/_ext/1614498856/tasks.o

.bss.pxCurrentTCB
                0x0000000000807c28        0x2
 .bss.pxCurrentTCB
                0x0000000000807c28        0x2 build/default/production/_ext/1614498856/tasks.o
                0x0000000000807c28                pxCurrentTCB

.bss.xLastTime.4369
                0x0000000000807c2a        0x2
 .bss.xLastTime.4369
                0x0000000000807c2a        0x2 build/default/production/_ext/1614498856/timers.o

.bss.xTimerTaskHandle
                0x0000000000807c2c        0x2
 .bss.xTimerTaskHandle
                0x0000000000807c2c        0x2 build/default/production/_ext/1614498856/timers.o

.bss.xTimerQueue
                0x0000000000807c2e        0x2
 .bss.xTimerQueue
                0x0000000000807c2e        0x2 build/default/production/_ext/1614498856/timers.o

.bss.pxOverflowTimerList
                0x0000000000807c30        0x2
 .bss.pxOverflowTimerList
                0x0000000000807c30        0x2 build/default/production/_ext/1614498856/timers.o

.bss.pxCurrentTimerList
                0x0000000000807c32        0x2
 .bss.pxCurrentTimerList
                0x0000000000807c32        0x2 build/default/production/_ext/1614498856/timers.o

.bss.xActiveTimerList2
                0x0000000000807c0a        0x9
 .bss.xActiveTimerList2
                0x0000000000807c0a        0x9 build/default/production/_ext/1614498856/timers.o

.bss.xActiveTimerList1
                0x0000000000807c13        0x9
 .bss.xActiveTimerList1
                0x0000000000807c13        0x9 build/default/production/_ext/1614498856/timers.o

.bss.pucAlignedHeap.4046
                0x0000000000807c34        0x2
 .bss.pucAlignedHeap.4046
                0x0000000000807c34        0x2 build/default/production/_ext/2145274299/heap_1.o

.bss.xNextFreeByte
                0x0000000000807c36        0x2
 .bss.xNextFreeByte
                0x0000000000807c36        0x2 build/default/production/_ext/2145274299/heap_1.o

.bss.ucHeap     0x0000000000804000     0x3000
 .bss.ucHeap    0x0000000000804000     0x3000 build/default/production/_ext/2145274299/heap_1.o

.bss.xIND_Queue
                0x0000000000807c38        0x2
 .bss.xIND_Queue
                0x0000000000807c38        0x2 build/default/production/main.o

.bss.xPB_Queue  0x0000000000807c3a        0x2
 .bss.xPB_Queue
                0x0000000000807c3a        0x2 build/default/production/main.o

.bss.xDevice_Buffer
                0x0000000000807c3c        0x2
 .bss.xDevice_Buffer
                0x0000000000807c3c        0x2 build/default/production/main.o

.bss.xRS485_out_Buffer
                0x0000000000807c3e        0x2
 .bss.xRS485_out_Buffer
                0x0000000000807c3e        0x2 build/default/production/main.o

.bss.xRS485_out_Stream
                0x0000000000807c40        0x2
 .bss.xRS485_out_Stream
                0x0000000000807c40        0x2 build/default/production/main.o

.bss.xRS485_in_Stream
                0x0000000000807c42        0x2
 .bss.xRS485_in_Stream
                0x0000000000807c42        0x2 build/default/production/main.o

.bss.xInit      0x0000000000807c44        0x2
 .bss.xInit     0x0000000000807c44        0x2 build/default/production/main.o

.bss.xTXC       0x0000000000807c46        0x2
 .bss.xTXC      0x0000000000807c46        0x2 build/default/production/main.o

.bss.xPermission
                0x0000000000807c48        0x2
 .bss.xPermission
                0x0000000000807c48        0x2 build/default/production/main.o

.bss.xTABLE_MUTEX
                0x0000000000807c4a        0x2
 .bss.xTABLE_MUTEX
                0x0000000000807c4a        0x2 build/default/production/main.o

.bss.xDeviceBuffer_MUTEX
                0x0000000000807c4c        0x2
 .bss.xDeviceBuffer_MUTEX
                0x0000000000807c4c        0x2 build/default/production/main.o

.bss.xUSART0_MUTEX
                0x0000000000807c4e        0x2
 .bss.xUSART0_MUTEX
                0x0000000000807c4e        0x2 build/default/production/main.o

.bss.GLOBAL_DEVICE_TABLE
                0x0000000000807000      0xbb8
 .bss.GLOBAL_DEVICE_TABLE
                0x0000000000807000      0xbb8 build/default/production/main.o

.bss.GLOBAL_TableLength
                0x0000000000807c57        0x1
 .bss.GLOBAL_TableLength
                0x0000000000807c57        0x1 build/default/production/main.o

.progmemx.data  0x0000000000000114       0x20
 .progmemx.data
                0x0000000000000114       0x20 build/default/production/main.o

.progmemx.data  0x0000000000000134        0xd
 .progmemx.data
                0x0000000000000134        0xd build/default/production/_ext/1614498856/timers.o

.progmemx.data  0x0000000000000141        0x6
 .progmemx.data
                0x0000000000000141        0x6 build/default/production/_ext/1614498856/tasks.o
                0x0000000000000146                uxTopUsedPriority

.progmemx.data.end_delimiter
                0x0000000000000147        0x3
 .progmemx.data.end_delimiter
                0x0000000000000147        0x3 build/default/production/main.o

.text.prvRS485OutTask
                0x000000000000014a      0x5d2
 .text.prvRS485OutTask
                0x000000000000014a      0x5d2 build/default/production/main.o

.text.prvRS485InTask
                0x000000000000071c      0x4b0
 .text.prvRS485InTask
                0x000000000000071c      0x4b0 build/default/production/main.o

.text.prvWBMTask
                0x0000000000000bcc      0x2bc
 .text.prvWBMTask
                0x0000000000000bcc      0x2bc build/default/production/main.o

.text.xTaskGenericNotifyFromISR
                0x0000000000000e88      0x260
 .text.xTaskGenericNotifyFromISR
                0x0000000000000e88      0x260 build/default/production/_ext/1614498856/tasks.o
                0x0000000000000e88                xTaskGenericNotifyFromISR

.text.xTaskIncrementTick
                0x00000000000010e8      0x234
 .text.xTaskIncrementTick
                0x00000000000010e8      0x234 build/default/production/_ext/1614498856/tasks.o
                0x00000000000010e8                xTaskIncrementTick

.text.xTaskGenericNotify
                0x000000000000131c      0x20a
 .text.xTaskGenericNotify
                0x000000000000131c      0x20a build/default/production/_ext/1614498856/tasks.o
                0x000000000000131c                xTaskGenericNotify

.text.xTaskResumeAll
                0x0000000000001526      0x1aa
 .text.xTaskResumeAll
                0x0000000000001526      0x1aa build/default/production/_ext/1614498856/tasks.o
                0x0000000000001526                xTaskResumeAll

.text.main      0x00000000000016d0      0x1a6
 .text.main     0x00000000000016d0      0x1a6 build/default/production/main.o
                0x00000000000016d0                main

.text.xTaskRemoveFromEventList
                0x0000000000001876      0x184
 .text.xTaskRemoveFromEventList
                0x0000000000001876      0x184 build/default/production/_ext/1614498856/tasks.o
                0x0000000000001876                xTaskRemoveFromEventList

.text.prvWiredInitTask
                0x00000000000019fa      0x184
 .text.prvWiredInitTask
                0x00000000000019fa      0x184 build/default/production/main.o

.text.xQueueSemaphoreTake
                0x0000000000001b7e      0x17e
 .text.xQueueSemaphoreTake
                0x0000000000001b7e      0x17e build/default/production/_ext/1614498856/queue.o
                0x0000000000001b7e                xQueueSemaphoreTake

.text.xStreamBufferSend
                0x0000000000001cfc      0x172
 .text.xStreamBufferSend
                0x0000000000001cfc      0x172 build/default/production/_ext/1614498856/stream_buffer.o
                0x0000000000001cfc                xStreamBufferSend

.text.vTaskRemoveFromUnorderedEventList
                0x0000000000001e6e      0x14c
 .text.vTaskRemoveFromUnorderedEventList
                0x0000000000001e6e      0x14c build/default/production/_ext/1614498856/tasks.o
                0x0000000000001e6e                vTaskRemoveFromUnorderedEventList

.text.xTaskGenericNotifyWait
                0x0000000000001fba      0x142
 .text.xTaskGenericNotifyWait
                0x0000000000001fba      0x142 build/default/production/_ext/1614498856/tasks.o
                0x0000000000001fba                xTaskGenericNotifyWait

.text.prvProcessReceivedCommands
                0x00000000000020fc      0x13a
 .text.prvProcessReceivedCommands
                0x00000000000020fc      0x13a build/default/production/_ext/1614498856/timers.o

.text.xQueueGenericSend
                0x0000000000002236      0x12a
 .text.xQueueGenericSend
                0x0000000000002236      0x12a build/default/production/_ext/1614498856/queue.o
                0x0000000000002236                xQueueGenericSend

.text.xTaskPriorityInherit
                0x0000000000002360      0x128
 .text.xTaskPriorityInherit
                0x0000000000002360      0x128 build/default/production/_ext/1614498856/tasks.o
                0x0000000000002360                xTaskPriorityInherit

.text.xQueueReceive
                0x0000000000002488      0x122
 .text.xQueueReceive
                0x0000000000002488      0x122 build/default/production/_ext/1614498856/queue.o
                0x0000000000002488                xQueueReceive

.text.xStreamBufferReceive
                0x00000000000025aa      0x11a
 .text.xStreamBufferReceive
                0x00000000000025aa      0x11a build/default/production/_ext/1614498856/stream_buffer.o
                0x00000000000025aa                xStreamBufferReceive

.text.prvAddCurrentTaskToDelayedList
                0x00000000000026c4      0x102
 .text.prvAddCurrentTaskToDelayedList
                0x00000000000026c4      0x102 build/default/production/_ext/1614498856/tasks.o

.text.prvInitialiseNewTask
                0x00000000000027c6       0xfc
 .text.prvInitialiseNewTask
                0x00000000000027c6       0xfc build/default/production/_ext/1614498856/tasks.o

.text.prvAddNewTaskToReadyList
                0x00000000000028c2       0xfa
 .text.prvAddNewTaskToReadyList
                0x00000000000028c2       0xfa build/default/production/_ext/1614498856/tasks.o

.text.xEventGroupSetBits
                0x00000000000029bc       0xee
 .text.xEventGroupSetBits
                0x00000000000029bc       0xee build/default/production/_ext/1614498856/event_groups.o
                0x00000000000029bc                xEventGroupSetBits

.text.vTaskPriorityDisinheritAfterTimeout
                0x0000000000002aaa       0xe6
 .text.vTaskPriorityDisinheritAfterTimeout
                0x0000000000002aaa       0xe6 build/default/production/_ext/1614498856/tasks.o
                0x0000000000002aaa                vTaskPriorityDisinheritAfterTimeout

.text.xEventGroupWaitBits
                0x0000000000002b90       0xe4
 .text.xEventGroupWaitBits
                0x0000000000002b90       0xe4 build/default/production/_ext/1614498856/event_groups.o
                0x0000000000002b90                xEventGroupWaitBits

.text.xTaskCreate
                0x0000000000002c74       0xda
 .text.xTaskCreate
                0x0000000000002c74       0xda build/default/production/_ext/1614498856/tasks.o
                0x0000000000002c74                xTaskCreate

.text.prvIndOutTask
                0x0000000000002d4e       0xca
 .text.prvIndOutTask
                0x0000000000002d4e       0xca build/default/production/main.o

.text.xTaskPriorityDisinherit
                0x0000000000002e18       0xc6
 .text.xTaskPriorityDisinherit
                0x0000000000002e18       0xc6 build/default/production/_ext/1614498856/tasks.o
                0x0000000000002e18                xTaskPriorityDisinherit

.text.xQueueGenericReset
                0x0000000000002ede       0xc2
 .text.xQueueGenericReset
                0x0000000000002ede       0xc2 build/default/production/_ext/1614498856/queue.o
                0x0000000000002ede                xQueueGenericReset

.text.vTaskSuspend
                0x0000000000002fa0       0xc2
 .text.vTaskSuspend
                0x0000000000002fa0       0xc2 build/default/production/_ext/1614498856/tasks.o
                0x0000000000002fa0                vTaskSuspend

.text.vPortYieldFromTick
                0x0000000000003062       0xc0
 .text.vPortYieldFromTick
                0x0000000000003062       0xc0 build/default/production/_ext/1913665898/port.o
                0x0000000000003062                vPortYieldFromTick

.text.prvCopyDataToQueue
                0x0000000000003122       0xbe
 .text.prvCopyDataToQueue
                0x0000000000003122       0xbe build/default/production/_ext/1614498856/queue.o

.text.__vector_22
                0x00000000000031e0       0xbe
 .text.__vector_22
                0x00000000000031e0       0xbe build/default/production/main.o
                0x00000000000031e0                __vector_22

.text.vPortYield
                0x000000000000329e       0xba
 .text.vPortYield
                0x000000000000329e       0xba build/default/production/_ext/1913665898/port.o
                0x000000000000329e                vPortYield

.text.vTaskSwitchContext
                0x0000000000003358       0xa8
 .text.vTaskSwitchContext
                0x0000000000003358       0xa8 build/default/production/_ext/1614498856/tasks.o
                0x0000000000003358                vTaskSwitchContext

.text.xStreamBufferSendFromISR
                0x0000000000003400       0xa2
 .text.xStreamBufferSendFromISR
                0x0000000000003400       0xa2 build/default/production/_ext/1614498856/stream_buffer.o
                0x0000000000003400                xStreamBufferSendFromISR

.text.prvWriteMessageToBuffer
                0x00000000000034a2       0xa0
 .text.prvWriteMessageToBuffer
                0x00000000000034a2       0xa0 build/default/production/_ext/1614498856/stream_buffer.o

.text.vQueueAddToRegistry
                0x0000000000003542       0x9e
 .text.vQueueAddToRegistry
                0x0000000000003542       0x9e build/default/production/_ext/1614498856/queue.o
                0x0000000000003542                vQueueAddToRegistry

.text.prvWriteBytesToBuffer
                0x00000000000035e0       0x96
 .text.prvWriteBytesToBuffer
                0x00000000000035e0       0x96 build/default/production/_ext/1614498856/stream_buffer.o

.text.vTaskPlaceOnEventListRestricted
                0x0000000000003676       0x92
 .text.vTaskPlaceOnEventListRestricted
                0x0000000000003676       0x92 build/default/production/_ext/1614498856/tasks.o
                0x0000000000003676                vTaskPlaceOnEventListRestricted

.text.prvPbInTask
                0x0000000000003708       0x92
 .text.prvPbInTask
                0x0000000000003708       0x92 build/default/production/main.o

.text.prvReadMessageFromBuffer
                0x000000000000379a       0x90
 .text.prvReadMessageFromBuffer
                0x000000000000379a       0x90 build/default/production/_ext/1614498856/stream_buffer.o

.text.prvProcessTimerOrBlockTask
                0x000000000000382a       0x90
 .text.prvProcessTimerOrBlockTask
                0x000000000000382a       0x90 build/default/production/_ext/1614498856/timers.o

.text.prvReadBytesFromBuffer
                0x00000000000038ba       0x8c
 .text.prvReadBytesFromBuffer
                0x00000000000038ba       0x8c build/default/production/_ext/1614498856/stream_buffer.o

.text.xStreamBufferReceiveFromISR
                0x0000000000003946       0x8c
 .text.xStreamBufferReceiveFromISR
                0x0000000000003946       0x8c build/default/production/_ext/1614498856/stream_buffer.o
                0x0000000000003946                xStreamBufferReceiveFromISR

.text.vTaskPlaceOnUnorderedEventList
                0x00000000000039d2       0x8c
 .text.vTaskPlaceOnUnorderedEventList
                0x00000000000039d2       0x8c build/default/production/_ext/1614498856/tasks.o
                0x00000000000039d2                vTaskPlaceOnUnorderedEventList

.text.__vector_20
                0x0000000000003a5e       0x8c
 .text.__vector_20
                0x0000000000003a5e       0x8c build/default/production/main.o
                0x0000000000003a5e                __vector_20

.text.__vector_19
                0x0000000000003aea       0x86
 .text.__vector_19
                0x0000000000003aea       0x86 build/default/production/main.o
                0x0000000000003aea                __vector_19

.text.__vector_29
                0x0000000000003b70       0x84
 .text.__vector_29
                0x0000000000003b70       0x84 build/default/production/main.o
                0x0000000000003b70                __vector_29

.text.xQueueGenericCreate
                0x0000000000003bf4       0x82
 .text.xQueueGenericCreate
                0x0000000000003bf4       0x82 build/default/production/_ext/1614498856/queue.o
                0x0000000000003bf4                xQueueGenericCreate

.text.xQueueGenericSendFromISR
                0x0000000000003c76       0x80
 .text.xQueueGenericSendFromISR
                0x0000000000003c76       0x80 build/default/production/_ext/1614498856/queue.o
                0x0000000000003c76                xQueueGenericSendFromISR

.text.xStreamBufferGenericCreate
                0x0000000000003cf6       0x80
 .text.xStreamBufferGenericCreate
                0x0000000000003cf6       0x80 build/default/production/_ext/1614498856/stream_buffer.o
                0x0000000000003cf6                xStreamBufferGenericCreate

.text.xTaskCheckForTimeOut
                0x0000000000003d76       0x7e
 .text.xTaskCheckForTimeOut
                0x0000000000003d76       0x7e build/default/production/_ext/1614498856/tasks.o
                0x0000000000003d76                xTaskCheckForTimeOut

.text.pvPortMalloc
                0x0000000000003df4       0x74
 .text.pvPortMalloc
                0x0000000000003df4       0x74 build/default/production/_ext/2145274299/heap_1.o
                0x0000000000003df4                pvPortMalloc

.text.__vector_21
                0x0000000000003e68       0x72
 .text.__vector_21
                0x0000000000003e68       0x72 build/default/production/main.o
                0x0000000000003e68                __vector_21

.text.prvUnlockQueue
                0x0000000000003eda       0x70
 .text.prvUnlockQueue
                0x0000000000003eda       0x70 build/default/production/_ext/1614498856/queue.o

.text.xStreamBufferSpacesAvailable
                0x0000000000003f4a       0x66
 .text.xStreamBufferSpacesAvailable
                0x0000000000003f4a       0x66 build/default/production/_ext/1614498856/stream_buffer.o
                0x0000000000003f4a                xStreamBufferSpacesAvailable

.text.prvInitialiseTaskLists
                0x0000000000003fb0       0x66
 .text.prvInitialiseTaskLists
                0x0000000000003fb0       0x66 build/default/production/_ext/1614498856/tasks.o

.text.vTaskStartScheduler
                0x0000000000004016       0x66
 .text.vTaskStartScheduler
                0x0000000000004016       0x66 build/default/production/_ext/1614498856/tasks.o
                0x0000000000004016                vTaskStartScheduler

.text.xPortStartScheduler
                0x000000000000407c       0x62
 .text.xPortStartScheduler
                0x000000000000407c       0x62 build/default/production/_ext/1913665898/port.o
                0x000000000000407c                xPortStartScheduler

.text.vListInsert
                0x00000000000040de       0x62
 .text.vListInsert
                0x00000000000040de       0x62 build/default/production/_ext/1614498856/list.o
                0x00000000000040de                vListInsert

.text.prvCheckForValidListAndQueue
                0x0000000000004140       0x60
 .text.prvCheckForValidListAndQueue
                0x0000000000004140       0x60 build/default/production/_ext/1614498856/timers.o

.text.prvInsertTimerInActiveList
                0x00000000000041a0       0x5e
 .text.prvInsertTimerInActiveList
                0x00000000000041a0       0x5e build/default/production/_ext/1614498856/timers.o

.text.prvProcessExpiredTimer
                0x00000000000041fe       0x56
 .text.prvProcessExpiredTimer
                0x00000000000041fe       0x56 build/default/production/_ext/1614498856/timers.o

.text.prvBytesInBuffer
                0x0000000000004254       0x54
 .text.prvBytesInBuffer
                0x0000000000004254       0x54 build/default/production/_ext/1614498856/stream_buffer.o

.text.xTimerCreateTimerTask
                0x00000000000042a8       0x54
 .text.xTimerCreateTimerTask
                0x00000000000042a8       0x54 build/default/production/_ext/1614498856/timers.o
                0x00000000000042a8                xTimerCreateTimerTask

.text.uxListRemove
                0x00000000000042fc       0x4e
 .text.uxListRemove
                0x00000000000042fc       0x4e build/default/production/_ext/1614498856/list.o
                0x00000000000042fc                uxListRemove

.text.prvReloadTimer
                0x000000000000434a       0x48
 .text.prvReloadTimer
                0x000000000000434a       0x48 build/default/production/_ext/1614498856/timers.o

.text.vListInsertEnd
                0x0000000000004392       0x42
 .text.vListInsertEnd
                0x0000000000004392       0x42 build/default/production/_ext/1614498856/list.o
                0x0000000000004392                vListInsertEnd

.text.prvSampleTimeNow
                0x00000000000043d4       0x42
 .text.prvSampleTimeNow
                0x00000000000043d4       0x42 build/default/production/_ext/1614498856/timers.o

.text.prvSwitchTimerLists
                0x0000000000004416       0x3c
 .text.prvSwitchTimerLists
                0x0000000000004416       0x3c build/default/production/_ext/1614498856/timers.o

.text.prvIsQueueFull
                0x0000000000004452       0x3a
 .text.prvIsQueueFull
                0x0000000000004452       0x3a build/default/production/_ext/1614498856/queue.o

.text.vQueueWaitForMessageRestricted
                0x000000000000448c       0x3a
 .text.vQueueWaitForMessageRestricted
                0x000000000000448c       0x3a build/default/production/_ext/1614498856/queue.o
                0x000000000000448c                vQueueWaitForMessageRestricted

.text.prvResetNextTaskUnblockTime
                0x00000000000044c6       0x38
 .text.prvResetNextTaskUnblockTime
                0x00000000000044c6       0x38 build/default/production/_ext/1614498856/tasks.o

.text.prvCopyDataFromQueue
                0x00000000000044fe       0x36
 .text.prvCopyDataFromQueue
                0x00000000000044fe       0x36 build/default/production/_ext/1614498856/queue.o

.text.prvGetDisinheritPriorityAfterTimeout
                0x0000000000004534       0x34
 .text.prvGetDisinheritPriorityAfterTimeout
                0x0000000000004534       0x34 build/default/production/_ext/1614498856/queue.o

.text.xTaskGenericNotifyStateClear
                0x0000000000004568       0x34
 .text.xTaskGenericNotifyStateClear
                0x0000000000004568       0x34 build/default/production/_ext/1614498856/tasks.o
                0x0000000000004568                xTaskGenericNotifyStateClear

.text.memcpy    0x000000000000459c       0x32
 .text.memcpy   0x000000000000459c       0x32 c:/program files/microchip/xc8/v2.45/avr/bin/../lib/gcc/avr/5.4.0/../../../../avr/lib/avrxmega4/memx-const\libc.a(memcpy.o)
                0x000000000000459c                memcpy

.text.uxTaskResetEventItemValue
                0x00000000000045ce       0x2e
 .text.uxTaskResetEventItemValue
                0x00000000000045ce       0x2e build/default/production/_ext/1614498856/tasks.o
                0x00000000000045ce                uxTaskResetEventItemValue

.text.vTaskDelay
                0x00000000000045fc       0x2c
 .text.vTaskDelay
                0x00000000000045fc       0x2c build/default/production/_ext/1614498856/tasks.o
                0x00000000000045fc                vTaskDelay

.text.USART0_init
                0x0000000000004628       0x2c
 .text.USART0_init
                0x0000000000004628       0x2c build/default/production/USART.o
                0x0000000000004628                USART0_init

.text.prvGetNextExpireTime
                0x0000000000004654       0x2a
 .text.prvGetNextExpireTime
                0x0000000000004654       0x2a build/default/production/_ext/1614498856/timers.o

.text.libgcc.div
                0x000000000000467e       0x28
 .text.libgcc.div
                0x000000000000467e       0x28 c:/program files/microchip/xc8/v2.45/avr/bin/../lib/gcc/avr/5.4.0/avrxmega4/memx-const\libgcc.a(_udivmodhi4.o)
                0x000000000000467e                __udivmodhi4

.text.pxPortInitialiseStack
                0x00000000000046a6       0x26
 .text.pxPortInitialiseStack
                0x00000000000046a6       0x26 build/default/production/_ext/1913665898/port.o
                0x00000000000046a6                pxPortInitialiseStack

.text.prvTestWaitCondition
                0x00000000000046cc       0x26
 .text.prvTestWaitCondition
                0x00000000000046cc       0x26 build/default/production/_ext/1614498856/event_groups.o

.text.xEventGroupCreate
                0x00000000000046f2       0x26
 .text.xEventGroupCreate
                0x00000000000046f2       0x26 build/default/production/_ext/1614498856/event_groups.o
                0x00000000000046f2                xEventGroupCreate

.text.prvIsQueueEmpty
                0x0000000000004718       0x26
 .text.prvIsQueueEmpty
                0x0000000000004718       0x26 build/default/production/_ext/1614498856/queue.o

.text.prvInitialiseNewQueue
                0x000000000000473e       0x26
 .text.prvInitialiseNewQueue
                0x000000000000473e       0x26 build/default/production/_ext/1614498856/queue.o

.text.prvInitialiseMutex
                0x0000000000004764       0x26
 .text.prvInitialiseMutex
                0x0000000000004764       0x26 build/default/production/_ext/1614498856/queue.o

.text.vTaskPlaceOnEventList
                0x000000000000478a       0x24
 .text.vTaskPlaceOnEventList
                0x000000000000478a       0x24 build/default/production/_ext/1614498856/tasks.o
                0x000000000000478a                vTaskPlaceOnEventList

.text.pvTaskIncrementMutexHeldCount
                0x00000000000047ae       0x24
 .text.pvTaskIncrementMutexHeldCount
                0x00000000000047ae       0x24 build/default/production/_ext/1614498856/tasks.o
                0x00000000000047ae                pvTaskIncrementMutexHeldCount

.text.prvInitialiseNewStreamBuffer
                0x00000000000047d2       0x20
 .text.prvInitialiseNewStreamBuffer
                0x00000000000047d2       0x20 build/default/production/_ext/1614498856/stream_buffer.o

.text.vTaskSetTimeOutState
                0x00000000000047f2       0x20
 .text.vTaskSetTimeOutState
                0x00000000000047f2       0x20 build/default/production/_ext/1614498856/tasks.o
                0x00000000000047f2                vTaskSetTimeOutState

.text.prvTimerTask
                0x0000000000004812       0x1e
 .text.prvTimerTask
                0x0000000000004812       0x1e build/default/production/_ext/1614498856/timers.o

.text.vListInitialise
                0x0000000000004830       0x1c
 .text.vListInitialise
                0x0000000000004830       0x1c build/default/production/_ext/1614498856/list.o
                0x0000000000004830                vListInitialise

.text.xQueueCreateMutex
                0x000000000000484c       0x1c
 .text.xQueueCreateMutex
                0x000000000000484c       0x1c build/default/production/_ext/1614498856/queue.o
                0x000000000000484c                xQueueCreateMutex

.text.vTaskInternalSetTimeOutState
                0x0000000000004868       0x16
 .text.vTaskInternalSetTimeOutState
                0x0000000000004868       0x16 build/default/production/_ext/1614498856/tasks.o
                0x0000000000004868                vTaskInternalSetTimeOutState

.text.exit      0x000000000000487e       0x16
 .text.exit     0x000000000000487e       0x16 c:/program files/microchip/xc8/v2.45/avr/bin/../lib/gcc/avr/5.4.0/../../../../avr/lib/avrxmega4/memx-const\libc.a(exit.o)
                0x000000000000487e                exit

.text.prvSetupTimerInterrupt
                0x0000000000004894       0x14
 .text.prvSetupTimerInterrupt
                0x0000000000004894       0x14 build/default/production/_ext/1913665898/port.o

.text.xTaskGetTickCount
                0x00000000000048a8       0x14
 .text.xTaskGetTickCount
                0x00000000000048a8       0x14 build/default/production/_ext/1614498856/tasks.o
                0x00000000000048a8                xTaskGetTickCount

.text.libgcc    0x00000000000048bc       0x12
 .text.libgcc   0x00000000000048bc       0x12 c:/program files/microchip/xc8/v2.45/avr/bin/../lib/gcc/avr/5.4.0/avrxmega4/memx-const\libgcc.a(_tablejump2.o)
                0x00000000000048bc                __tablejump2__

.text.libgcc    0x00000000000048ce       0x12
 .text.libgcc   0x00000000000048ce       0x12 c:/program files/microchip/xc8/v2.45/avr/bin/../lib/gcc/avr/5.4.0/avrxmega4/memx-const\libgcc.a(_xload_2.o)
                0x00000000000048ce                __xload_2

.text.__vector_12
                0x00000000000048e0       0x10
 .text.__vector_12
                0x00000000000048e0       0x10 build/default/production/_ext/1913665898/port.o
                0x00000000000048e0                __vector_12

.text.prvIdleTask
                0x00000000000048f0        0xe
 .text.prvIdleTask
                0x00000000000048f0        0xe build/default/production/_ext/1614498856/tasks.o

.text.libgcc    0x00000000000048fe        0xe
 .text.libgcc   0x00000000000048fe        0xe c:/program files/microchip/xc8/v2.45/avr/bin/../lib/gcc/avr/5.4.0/avrxmega4/memx-const\libgcc.a(_xload_1.o)
                0x00000000000048fe                __xload_1

.text.vTaskSuspendAll
                0x000000000000490c        0xc
 .text.vTaskSuspendAll
                0x000000000000490c        0xc build/default/production/_ext/1614498856/tasks.o
                0x000000000000490c                vTaskSuspendAll

.text.xTaskGetCurrentTaskHandle
                0x0000000000004918        0xa
 .text.xTaskGetCurrentTaskHandle
                0x0000000000004918        0xa build/default/production/_ext/1614498856/tasks.o
                0x0000000000004918                xTaskGetCurrentTaskHandle

.text.vListInitialiseItem
                0x0000000000004922        0x8
 .text.vListInitialiseItem
                0x0000000000004922        0x8 build/default/production/_ext/1614498856/list.o
                0x0000000000004922                vListInitialiseItem

.text.vTaskMissedYield
                0x000000000000492a        0x8
 .text.vTaskMissedYield
                0x000000000000492a        0x8 build/default/production/_ext/1614498856/tasks.o
                0x000000000000492a                vTaskMissedYield

.text.uxTaskGetNumberOfTasks
                0x0000000000004932        0x6
 .text.uxTaskGetNumberOfTasks
                0x0000000000004932        0x6 build/default/production/_ext/1614498856/tasks.o
                0x0000000000004932                uxTaskGetNumberOfTasks

.text           0x0000000000004938        0x4
 .text          0x0000000000004938        0x4 C:/Users/miste/.mchp_packs/Microchip/AVR-Dx_DFP/2.4.286/xc8/avr/lib/avrxmega4/memx-const/crtavr128da28.o
                0x0000000000004938                __vector_38
                0x0000000000004938                __vector_28
                0x0000000000004938                __vector_1
                0x0000000000004938                __vector_32
                0x0000000000004938                __vector_34
                0x0000000000004938                __vector_24
                0x0000000000004938                __bad_interrupt
                0x0000000000004938                __vector_6
                0x0000000000004938                __vector_31
                0x0000000000004938                __vector_35
                0x0000000000004938                __vector_39
                0x0000000000004938                __vector_3
                0x0000000000004938                __vector_23
                0x0000000000004938                __vector_30
                0x0000000000004938                __vector_25
                0x0000000000004938                __vector_11
                0x0000000000004938                __vector_13
                0x0000000000004938                __vector_17
                0x0000000000004938                __vector_7
                0x0000000000004938                __vector_27
                0x0000000000004938                __vector_5
                0x0000000000004938                __vector_33
                0x0000000000004938                __vector_37
                0x0000000000004938                __vector_4
                0x0000000000004938                __vector_9
                0x0000000000004938                __vector_2
                0x0000000000004938                __vector_15
                0x0000000000004938                __vector_36
                0x0000000000004938                __vector_40
                0x0000000000004938                __vector_8
                0x0000000000004938                __vector_26
                0x0000000000004938                __vector_14
                0x0000000000004938                __vector_10
                0x0000000000004938                __vector_16
                0x0000000000004938                __vector_18

.text._Exit     0x000000000000493c        0x4
 .text._Exit    0x000000000000493c        0x4 c:/program files/microchip/xc8/v2.45/avr/bin/../lib/gcc/avr/5.4.0/../../../../avr/lib/avrxmega4/memx-const\libc.a(_Exit.o)
                0x000000000000493c                _Exit

.text.vPortFree
                0x0000000000004940        0x2
 .text.vPortFree
                0x0000000000004940        0x2 build/default/production/_ext/2145274299/heap_1.o
                0x0000000000004940                vPortFree

.text.__dummy_fini
                0x0000000000004942        0x2
 .text.__dummy_fini
                0x0000000000004942        0x2 c:/program files/microchip/xc8/v2.45/avr/bin/../lib/gcc/avr/5.4.0/../../../../avr/lib/avrxmega4/memx-const\libc.a(exit.o)
                0x0000000000004942                _fini

.text.__dummy_funcs_on_exit
                0x0000000000004944        0x2
 .text.__dummy_funcs_on_exit
                0x0000000000004944        0x2 c:/program files/microchip/xc8/v2.45/avr/bin/../lib/gcc/avr/5.4.0/../../../../avr/lib/avrxmega4/memx-const\libc.a(exit.o)
                0x0000000000004944                __funcs_on_exit

.text.__dummy_simulator_exit
                0x0000000000004946        0x2
 .text.__dummy_simulator_exit
                0x0000000000004946        0x2 c:/program files/microchip/xc8/v2.45/avr/bin/../lib/gcc/avr/5.4.0/../../../../avr/lib/avrxmega4/memx-const\libc.a(exit.o)
                0x0000000000004946                __simulator_exit
