Archive member included to satisfy reference by file (symbol)

c:/program files/microchip/xc8/v2.45/avr/bin/../lib/gcc/avr/5.4.0/avrxmega4/memx-const\libgcc.a(_udivmodhi4.o)
                              build/default/production/_ext/1644529106/queue.o (__udivmodhi4)
c:/program files/microchip/xc8/v2.45/avr/bin/../lib/gcc/avr/5.4.0/avrxmega4/memx-const\libgcc.a(_tablejump2.o)
                              build/default/production/_ext/1644529106/timers.o (__tablejump2__)
c:/program files/microchip/xc8/v2.45/avr/bin/../lib/gcc/avr/5.4.0/avrxmega4/memx-const\libgcc.a(_copy_data.o)
                              build/default/production/main.o (__do_copy_data)
c:/program files/microchip/xc8/v2.45/avr/bin/../lib/gcc/avr/5.4.0/avrxmega4/memx-const\libgcc.a(_xload_1.o)
                              build/default/production/_ext/1644529106/event_groups.o (__xload_1)
c:/program files/microchip/xc8/v2.45/avr/bin/../lib/gcc/avr/5.4.0/avrxmega4/memx-const\libgcc.a(_xload_2.o)
                              build/default/production/_ext/1644529106/event_groups.o (__xload_2)
c:/program files/microchip/xc8/v2.45/avr/bin/../lib/gcc/avr/5.4.0/../../../../avr/lib/avrxmega4/memx-const\libc.a(exit.o)
                              C:/Users/miste/.mchp_packs/Microchip/AVR-Dx_DFP/2.4.286/xc8/avr/lib/avrxmega4/memx-const/crtavr128da28.o (exit)
c:/program files/microchip/xc8/v2.45/avr/bin/../lib/gcc/avr/5.4.0/../../../../avr/lib/avrxmega4/memx-const\libc.a(memcpy.o)
                              build/default/production/_ext/1644529106/queue.o (memcpy)
c:/program files/microchip/xc8/v2.45/avr/bin/../lib/gcc/avr/5.4.0/../../../../avr/lib/avrxmega4/memx-const\libc.a(_Exit.o)
                              c:/program files/microchip/xc8/v2.45/avr/bin/../lib/gcc/avr/5.4.0/../../../../avr/lib/avrxmega4/memx-const\libc.a(exit.o) (_Exit)
c:/program files/microchip/xc8/v2.45/avr/bin/../lib/gcc/avr/5.4.0/avrxmega4/memx-const\libgcc.a(_exit.o)
                              c:/program files/microchip/xc8/v2.45/avr/bin/../lib/gcc/avr/5.4.0/../../../../avr/lib/avrxmega4/memx-const\libc.a(_Exit.o) (_exit)

Discarded input sections

 .data          0x0000000000000000        0x0 C:/Users/miste/.mchp_packs/Microchip/AVR-Dx_DFP/2.4.286/xc8/avr/lib/avrxmega4/memx-const/crtavr128da28.o
 .bss           0x0000000000000000        0x0 C:/Users/miste/.mchp_packs/Microchip/AVR-Dx_DFP/2.4.286/xc8/avr/lib/avrxmega4/memx-const/crtavr128da28.o
 .text          0x0000000000000000        0x0 build/default/production/_ext/83377035/USART.o
 .data          0x0000000000000000        0x0 build/default/production/_ext/83377035/USART.o
 .bss           0x0000000000000000        0x0 build/default/production/_ext/83377035/USART.o
 .text          0x0000000000000000        0x0 build/default/production/_ext/83377035/ShiftReg.o
 .data          0x0000000000000000        0x0 build/default/production/_ext/83377035/ShiftReg.o
 .bss           0x0000000000000000        0x0 build/default/production/_ext/83377035/ShiftReg.o
 .text.ShiftOut
                0x0000000000000000       0x6c build/default/production/_ext/83377035/ShiftReg.o
 .text.CLROut   0x0000000000000000       0x18 build/default/production/_ext/83377035/ShiftReg.o
 .text.LTCHOut  0x0000000000000000       0x18 build/default/production/_ext/83377035/ShiftReg.o
 .text.InitShiftOut
                0x0000000000000000        0xe build/default/production/_ext/83377035/ShiftReg.o
 .text          0x0000000000000000        0x0 build/default/production/_ext/1347852338/port.o
 .data          0x0000000000000000        0x0 build/default/production/_ext/1347852338/port.o
 .bss           0x0000000000000000        0x0 build/default/production/_ext/1347852338/port.o
 .text.vPortEndScheduler
                0x0000000000000000        0x2 build/default/production/_ext/1347852338/port.o
 .text.vPortYieldFromISR
                0x0000000000000000       0xba build/default/production/_ext/1347852338/port.o
 .text          0x0000000000000000        0x0 build/default/production/_ext/1644529106/event_groups.o
 .data          0x0000000000000000        0x0 build/default/production/_ext/1644529106/event_groups.o
 .bss           0x0000000000000000        0x0 build/default/production/_ext/1644529106/event_groups.o
 .text.xEventGroupClearBits
                0x0000000000000000       0x1e build/default/production/_ext/1644529106/event_groups.o
 .text.xEventGroupGetBitsFromISR
                0x0000000000000000        0xe build/default/production/_ext/1644529106/event_groups.o
 .text.xEventGroupSync
                0x0000000000000000       0xd2 build/default/production/_ext/1644529106/event_groups.o
 .text.vEventGroupDelete
                0x0000000000000000       0x74 build/default/production/_ext/1644529106/event_groups.o
 .text.vEventGroupSetBitsCallback
                0x0000000000000000        0x8 build/default/production/_ext/1644529106/event_groups.o
 .text.vEventGroupClearBitsCallback
                0x0000000000000000        0x8 build/default/production/_ext/1644529106/event_groups.o
 .text          0x0000000000000000        0x0 build/default/production/_ext/1644529106/heap_1.o
 .data          0x0000000000000000        0x0 build/default/production/_ext/1644529106/heap_1.o
 .bss           0x0000000000000000        0x0 build/default/production/_ext/1644529106/heap_1.o
 .text.vPortInitialiseBlocks
                0x0000000000000000        0xa build/default/production/_ext/1644529106/heap_1.o
 .text.xPortGetFreeHeapSize
                0x0000000000000000       0x12 build/default/production/_ext/1644529106/heap_1.o
 .text          0x0000000000000000        0x0 build/default/production/_ext/1644529106/list.o
 .data          0x0000000000000000        0x0 build/default/production/_ext/1644529106/list.o
 .bss           0x0000000000000000        0x0 build/default/production/_ext/1644529106/list.o
 .text          0x0000000000000000        0x0 build/default/production/_ext/1644529106/queue.o
 .data          0x0000000000000000        0x0 build/default/production/_ext/1644529106/queue.o
 .bss           0x0000000000000000        0x0 build/default/production/_ext/1644529106/queue.o
 .text.xQueueGiveMutexRecursive
                0x0000000000000000       0x48 build/default/production/_ext/1644529106/queue.o
 .text.xQueueTakeMutexRecursive
                0x0000000000000000       0x48 build/default/production/_ext/1644529106/queue.o
 .text.xQueuePeek
                0x0000000000000000      0x142 build/default/production/_ext/1644529106/queue.o
 .text.xQueueReceiveFromISR
                0x0000000000000000       0x7e build/default/production/_ext/1644529106/queue.o
 .text.xQueuePeekFromISR
                0x0000000000000000       0x2e build/default/production/_ext/1644529106/queue.o
 .text.uxQueueMessagesWaiting
                0x0000000000000000       0x10 build/default/production/_ext/1644529106/queue.o
 .text.uxQueueSpacesAvailable
                0x0000000000000000       0x14 build/default/production/_ext/1644529106/queue.o
 .text.uxQueueMessagesWaitingFromISR
                0x0000000000000000        0x6 build/default/production/_ext/1644529106/queue.o
 .text.xQueueIsQueueEmptyFromISR
                0x0000000000000000        0xc build/default/production/_ext/1644529106/queue.o
 .text.xQueueIsQueueFullFromISR
                0x0000000000000000        0xe build/default/production/_ext/1644529106/queue.o
 .text.pcQueueGetName
                0x0000000000000000       0x4a build/default/production/_ext/1644529106/queue.o
 .text.vQueueUnregisterQueue
                0x0000000000000000       0x46 build/default/production/_ext/1644529106/queue.o
 .text.vQueueDelete
                0x0000000000000000       0x16 build/default/production/_ext/1644529106/queue.o
 .text          0x0000000000000000        0x0 build/default/production/_ext/1644529106/stream_buffer.o
 .data          0x0000000000000000        0x0 build/default/production/_ext/1644529106/stream_buffer.o
 .bss           0x0000000000000000        0x0 build/default/production/_ext/1644529106/stream_buffer.o
 .text.vStreamBufferDelete
                0x0000000000000000       0x1a build/default/production/_ext/1644529106/stream_buffer.o
 .text.xStreamBufferReset
                0x0000000000000000       0x74 build/default/production/_ext/1644529106/stream_buffer.o
 .text.xStreamBufferSetTriggerLevel
                0x0000000000000000       0x22 build/default/production/_ext/1644529106/stream_buffer.o
 .text.xStreamBufferBytesAvailable
                0x0000000000000000        0xa build/default/production/_ext/1644529106/stream_buffer.o
 .text.xStreamBufferNextMessageLengthBytes
                0x0000000000000000       0x58 build/default/production/_ext/1644529106/stream_buffer.o
 .text.xStreamBufferIsEmpty
                0x0000000000000000       0x24 build/default/production/_ext/1644529106/stream_buffer.o
 .text.xStreamBufferIsFull
                0x0000000000000000       0x3a build/default/production/_ext/1644529106/stream_buffer.o
 .text.xStreamBufferSendCompletedFromISR
                0x0000000000000000       0x4c build/default/production/_ext/1644529106/stream_buffer.o
 .text.xStreamBufferReceiveCompletedFromISR
                0x0000000000000000       0x4c build/default/production/_ext/1644529106/stream_buffer.o
 .text          0x0000000000000000        0x0 build/default/production/_ext/1644529106/tasks.o
 .data          0x0000000000000000        0x0 build/default/production/_ext/1644529106/tasks.o
 .bss           0x0000000000000000        0x0 build/default/production/_ext/1644529106/tasks.o
 .text.vTaskPrioritySet
                0x0000000000000000      0x13a build/default/production/_ext/1644529106/tasks.o
 .text.vTaskResume
                0x0000000000000000      0x108 build/default/production/_ext/1644529106/tasks.o
 .text.vTaskEndScheduler
                0x0000000000000000        0xc build/default/production/_ext/1644529106/tasks.o
 .text.xTaskGetTickCountFromISR
                0x0000000000000000        0xa build/default/production/_ext/1644529106/tasks.o
 .text.pcTaskGetName
                0x0000000000000000       0x10 build/default/production/_ext/1644529106/tasks.o
 .text.xTaskDelayUntil
                0x0000000000000000       0x8e build/default/production/_ext/1644529106/tasks.o
 .text.vTaskDelay
                0x0000000000000000       0x28 build/default/production/_ext/1644529106/tasks.o
 .text.xTaskCatchUpTicks
                0x0000000000000000       0x32 build/default/production/_ext/1644529106/tasks.o
 .text.ulTaskGenericNotifyTake
                0x0000000000000000      0x102 build/default/production/_ext/1644529106/tasks.o
 .text.vTaskGenericNotifyGiveFromISR
                0x0000000000000000      0x194 build/default/production/_ext/1644529106/tasks.o
 .text.ulTaskGenericNotifyValueClear
                0x0000000000000000       0x68 build/default/production/_ext/1644529106/tasks.o
 .text          0x0000000000000000        0x0 build/default/production/_ext/1644529106/timers.o
 .data          0x0000000000000000        0x0 build/default/production/_ext/1644529106/timers.o
 .bss           0x0000000000000000        0x0 build/default/production/_ext/1644529106/timers.o
 .text.xTimerGetTimerDaemonTaskHandle
                0x0000000000000000        0xa build/default/production/_ext/1644529106/timers.o
 .text.xTimerGetPeriod
                0x0000000000000000        0x8 build/default/production/_ext/1644529106/timers.o
 .text.vTimerSetReloadMode
                0x0000000000000000       0x22 build/default/production/_ext/1644529106/timers.o
 .text.xTimerGetReloadMode
                0x0000000000000000       0x16 build/default/production/_ext/1644529106/timers.o
 .text.uxTimerGetReloadMode
                0x0000000000000000        0x6 build/default/production/_ext/1644529106/timers.o
 .text.xTimerGetExpiryTime
                0x0000000000000000        0x8 build/default/production/_ext/1644529106/timers.o
 .text.pcTimerGetName
                0x0000000000000000        0xa build/default/production/_ext/1644529106/timers.o
 .text.xTimerIsTimerActive
                0x0000000000000000       0x12 build/default/production/_ext/1644529106/timers.o
 .text.pvTimerGetTimerID
                0x0000000000000000       0x12 build/default/production/_ext/1644529106/timers.o
 .text.vTimerSetTimerID
                0x0000000000000000       0x12 build/default/production/_ext/1644529106/timers.o
 .text          0x0000000000000000        0x0 build/default/production/_ext/2083278984/RS485TASKS.o
 .data          0x0000000000000000        0x0 build/default/production/_ext/2083278984/RS485TASKS.o
 .bss           0x0000000000000000        0x0 build/default/production/_ext/2083278984/RS485TASKS.o
 .text          0x0000000000000000        0x0 build/default/production/main.o
 .data          0x0000000000000000        0x0 build/default/production/main.o
 .bss           0x0000000000000000        0x0 build/default/production/main.o
 .text          0x0000000000000000        0x0 build/default/production/DSIO.o
 .data          0x0000000000000000        0x0 build/default/production/DSIO.o
 .bss           0x0000000000000000        0x0 build/default/production/DSIO.o
 .text.dsioGreenOn
                0x0000000000000000        0x8 build/default/production/DSIO.o
 .text.dsioGreenOff
                0x0000000000000000        0x8 build/default/production/DSIO.o
 .text.dsioGreenTGL
                0x0000000000000000        0x8 build/default/production/DSIO.o
 .text.dsioYellowOn
                0x0000000000000000        0x8 build/default/production/DSIO.o
 .text.dsioYellowOff
                0x0000000000000000        0x8 build/default/production/DSIO.o
 .text.dsioYellowTGL
                0x0000000000000000        0x8 build/default/production/DSIO.o
 .text.dsioBlueOn
                0x0000000000000000        0x8 build/default/production/DSIO.o
 .text.dsioBlueOff
                0x0000000000000000        0x8 build/default/production/DSIO.o
 .text.dsioBlueTGL
                0x0000000000000000        0x8 build/default/production/DSIO.o
 .text.dsioRedOn
                0x0000000000000000        0x8 build/default/production/DSIO.o
 .text.dsioRedOff
                0x0000000000000000        0x8 build/default/production/DSIO.o
 .text.dsioRedTGL
                0x0000000000000000        0x8 build/default/production/DSIO.o
 .text          0x0000000000000000        0x0 c:/program files/microchip/xc8/v2.45/avr/bin/../lib/gcc/avr/5.4.0/avrxmega4/memx-const\libgcc.a(_udivmodhi4.o)
 .data          0x0000000000000000        0x0 c:/program files/microchip/xc8/v2.45/avr/bin/../lib/gcc/avr/5.4.0/avrxmega4/memx-const\libgcc.a(_udivmodhi4.o)
 .bss           0x0000000000000000        0x0 c:/program files/microchip/xc8/v2.45/avr/bin/../lib/gcc/avr/5.4.0/avrxmega4/memx-const\libgcc.a(_udivmodhi4.o)
 .text.libgcc.mul
                0x0000000000000000        0x0 c:/program files/microchip/xc8/v2.45/avr/bin/../lib/gcc/avr/5.4.0/avrxmega4/memx-const\libgcc.a(_udivmodhi4.o)
 .stack.descriptors
                0x0000000000000000       0x1a c:/program files/microchip/xc8/v2.45/avr/bin/../lib/gcc/avr/5.4.0/avrxmega4/memx-const\libgcc.a(_udivmodhi4.o)
 .text.libgcc   0x0000000000000000        0x0 c:/program files/microchip/xc8/v2.45/avr/bin/../lib/gcc/avr/5.4.0/avrxmega4/memx-const\libgcc.a(_udivmodhi4.o)
 .text.libgcc.prologue
                0x0000000000000000        0x0 c:/program files/microchip/xc8/v2.45/avr/bin/../lib/gcc/avr/5.4.0/avrxmega4/memx-const\libgcc.a(_udivmodhi4.o)
 .text.libgcc.builtins
                0x0000000000000000        0x0 c:/program files/microchip/xc8/v2.45/avr/bin/../lib/gcc/avr/5.4.0/avrxmega4/memx-const\libgcc.a(_udivmodhi4.o)
 .text.libgcc.fmul
                0x0000000000000000        0x0 c:/program files/microchip/xc8/v2.45/avr/bin/../lib/gcc/avr/5.4.0/avrxmega4/memx-const\libgcc.a(_udivmodhi4.o)
 .text.libgcc.fixed
                0x0000000000000000        0x0 c:/program files/microchip/xc8/v2.45/avr/bin/../lib/gcc/avr/5.4.0/avrxmega4/memx-const\libgcc.a(_udivmodhi4.o)
 .text          0x0000000000000000        0x0 c:/program files/microchip/xc8/v2.45/avr/bin/../lib/gcc/avr/5.4.0/avrxmega4/memx-const\libgcc.a(_tablejump2.o)
 .data          0x0000000000000000        0x0 c:/program files/microchip/xc8/v2.45/avr/bin/../lib/gcc/avr/5.4.0/avrxmega4/memx-const\libgcc.a(_tablejump2.o)
 .bss           0x0000000000000000        0x0 c:/program files/microchip/xc8/v2.45/avr/bin/../lib/gcc/avr/5.4.0/avrxmega4/memx-const\libgcc.a(_tablejump2.o)
 .text.libgcc.mul
                0x0000000000000000        0x0 c:/program files/microchip/xc8/v2.45/avr/bin/../lib/gcc/avr/5.4.0/avrxmega4/memx-const\libgcc.a(_tablejump2.o)
 .text.libgcc.div
                0x0000000000000000        0x0 c:/program files/microchip/xc8/v2.45/avr/bin/../lib/gcc/avr/5.4.0/avrxmega4/memx-const\libgcc.a(_tablejump2.o)
 .text.libgcc.prologue
                0x0000000000000000        0x0 c:/program files/microchip/xc8/v2.45/avr/bin/../lib/gcc/avr/5.4.0/avrxmega4/memx-const\libgcc.a(_tablejump2.o)
 .stack.descriptors
                0x0000000000000000       0x1c c:/program files/microchip/xc8/v2.45/avr/bin/../lib/gcc/avr/5.4.0/avrxmega4/memx-const\libgcc.a(_tablejump2.o)
 .text.libgcc.builtins
                0x0000000000000000        0x0 c:/program files/microchip/xc8/v2.45/avr/bin/../lib/gcc/avr/5.4.0/avrxmega4/memx-const\libgcc.a(_tablejump2.o)
 .text.libgcc.fmul
                0x0000000000000000        0x0 c:/program files/microchip/xc8/v2.45/avr/bin/../lib/gcc/avr/5.4.0/avrxmega4/memx-const\libgcc.a(_tablejump2.o)
 .text.libgcc.fixed
                0x0000000000000000        0x0 c:/program files/microchip/xc8/v2.45/avr/bin/../lib/gcc/avr/5.4.0/avrxmega4/memx-const\libgcc.a(_tablejump2.o)
 .text          0x0000000000000000        0x0 c:/program files/microchip/xc8/v2.45/avr/bin/../lib/gcc/avr/5.4.0/avrxmega4/memx-const\libgcc.a(_copy_data.o)
 .data          0x0000000000000000        0x0 c:/program files/microchip/xc8/v2.45/avr/bin/../lib/gcc/avr/5.4.0/avrxmega4/memx-const\libgcc.a(_copy_data.o)
 .bss           0x0000000000000000        0x0 c:/program files/microchip/xc8/v2.45/avr/bin/../lib/gcc/avr/5.4.0/avrxmega4/memx-const\libgcc.a(_copy_data.o)
 .text.libgcc.mul
                0x0000000000000000        0x0 c:/program files/microchip/xc8/v2.45/avr/bin/../lib/gcc/avr/5.4.0/avrxmega4/memx-const\libgcc.a(_copy_data.o)
 .text.libgcc.div
                0x0000000000000000        0x0 c:/program files/microchip/xc8/v2.45/avr/bin/../lib/gcc/avr/5.4.0/avrxmega4/memx-const\libgcc.a(_copy_data.o)
 .text.libgcc   0x0000000000000000        0x0 c:/program files/microchip/xc8/v2.45/avr/bin/../lib/gcc/avr/5.4.0/avrxmega4/memx-const\libgcc.a(_copy_data.o)
 .text.libgcc.prologue
                0x0000000000000000        0x0 c:/program files/microchip/xc8/v2.45/avr/bin/../lib/gcc/avr/5.4.0/avrxmega4/memx-const\libgcc.a(_copy_data.o)
 .text.libgcc.builtins
                0x0000000000000000        0x0 c:/program files/microchip/xc8/v2.45/avr/bin/../lib/gcc/avr/5.4.0/avrxmega4/memx-const\libgcc.a(_copy_data.o)
 .text.libgcc.fmul
                0x0000000000000000        0x0 c:/program files/microchip/xc8/v2.45/avr/bin/../lib/gcc/avr/5.4.0/avrxmega4/memx-const\libgcc.a(_copy_data.o)
 .text.libgcc.fixed
                0x0000000000000000        0x0 c:/program files/microchip/xc8/v2.45/avr/bin/../lib/gcc/avr/5.4.0/avrxmega4/memx-const\libgcc.a(_copy_data.o)
 .text          0x0000000000000000        0x0 c:/program files/microchip/xc8/v2.45/avr/bin/../lib/gcc/avr/5.4.0/avrxmega4/memx-const\libgcc.a(_xload_1.o)
 .data          0x0000000000000000        0x0 c:/program files/microchip/xc8/v2.45/avr/bin/../lib/gcc/avr/5.4.0/avrxmega4/memx-const\libgcc.a(_xload_1.o)
 .bss           0x0000000000000000        0x0 c:/program files/microchip/xc8/v2.45/avr/bin/../lib/gcc/avr/5.4.0/avrxmega4/memx-const\libgcc.a(_xload_1.o)
 .text.libgcc.mul
                0x0000000000000000        0x0 c:/program files/microchip/xc8/v2.45/avr/bin/../lib/gcc/avr/5.4.0/avrxmega4/memx-const\libgcc.a(_xload_1.o)
 .text.libgcc.div
                0x0000000000000000        0x0 c:/program files/microchip/xc8/v2.45/avr/bin/../lib/gcc/avr/5.4.0/avrxmega4/memx-const\libgcc.a(_xload_1.o)
 .text.libgcc.prologue
                0x0000000000000000        0x0 c:/program files/microchip/xc8/v2.45/avr/bin/../lib/gcc/avr/5.4.0/avrxmega4/memx-const\libgcc.a(_xload_1.o)
 .stack.descriptors
                0x0000000000000000       0x17 c:/program files/microchip/xc8/v2.45/avr/bin/../lib/gcc/avr/5.4.0/avrxmega4/memx-const\libgcc.a(_xload_1.o)
 .text.libgcc.builtins
                0x0000000000000000        0x0 c:/program files/microchip/xc8/v2.45/avr/bin/../lib/gcc/avr/5.4.0/avrxmega4/memx-const\libgcc.a(_xload_1.o)
 .text.libgcc.fmul
                0x0000000000000000        0x0 c:/program files/microchip/xc8/v2.45/avr/bin/../lib/gcc/avr/5.4.0/avrxmega4/memx-const\libgcc.a(_xload_1.o)
 .text.libgcc.fixed
                0x0000000000000000        0x0 c:/program files/microchip/xc8/v2.45/avr/bin/../lib/gcc/avr/5.4.0/avrxmega4/memx-const\libgcc.a(_xload_1.o)
 .text          0x0000000000000000        0x0 c:/program files/microchip/xc8/v2.45/avr/bin/../lib/gcc/avr/5.4.0/avrxmega4/memx-const\libgcc.a(_xload_2.o)
 .data          0x0000000000000000        0x0 c:/program files/microchip/xc8/v2.45/avr/bin/../lib/gcc/avr/5.4.0/avrxmega4/memx-const\libgcc.a(_xload_2.o)
 .bss           0x0000000000000000        0x0 c:/program files/microchip/xc8/v2.45/avr/bin/../lib/gcc/avr/5.4.0/avrxmega4/memx-const\libgcc.a(_xload_2.o)
 .text.libgcc.mul
                0x0000000000000000        0x0 c:/program files/microchip/xc8/v2.45/avr/bin/../lib/gcc/avr/5.4.0/avrxmega4/memx-const\libgcc.a(_xload_2.o)
 .text.libgcc.div
                0x0000000000000000        0x0 c:/program files/microchip/xc8/v2.45/avr/bin/../lib/gcc/avr/5.4.0/avrxmega4/memx-const\libgcc.a(_xload_2.o)
 .text.libgcc.prologue
                0x0000000000000000        0x0 c:/program files/microchip/xc8/v2.45/avr/bin/../lib/gcc/avr/5.4.0/avrxmega4/memx-const\libgcc.a(_xload_2.o)
 .stack.descriptors
                0x0000000000000000       0x17 c:/program files/microchip/xc8/v2.45/avr/bin/../lib/gcc/avr/5.4.0/avrxmega4/memx-const\libgcc.a(_xload_2.o)
 .text.libgcc.builtins
                0x0000000000000000        0x0 c:/program files/microchip/xc8/v2.45/avr/bin/../lib/gcc/avr/5.4.0/avrxmega4/memx-const\libgcc.a(_xload_2.o)
 .text.libgcc.fmul
                0x0000000000000000        0x0 c:/program files/microchip/xc8/v2.45/avr/bin/../lib/gcc/avr/5.4.0/avrxmega4/memx-const\libgcc.a(_xload_2.o)
 .text.libgcc.fixed
                0x0000000000000000        0x0 c:/program files/microchip/xc8/v2.45/avr/bin/../lib/gcc/avr/5.4.0/avrxmega4/memx-const\libgcc.a(_xload_2.o)
 .text          0x0000000000000000        0x0 c:/program files/microchip/xc8/v2.45/avr/bin/../lib/gcc/avr/5.4.0/../../../../avr/lib/avrxmega4/memx-const\libc.a(exit.o)
 .data          0x0000000000000000        0x0 c:/program files/microchip/xc8/v2.45/avr/bin/../lib/gcc/avr/5.4.0/../../../../avr/lib/avrxmega4/memx-const\libc.a(exit.o)
 .bss           0x0000000000000000        0x0 c:/program files/microchip/xc8/v2.45/avr/bin/../lib/gcc/avr/5.4.0/../../../../avr/lib/avrxmega4/memx-const\libc.a(exit.o)
 .stack.descriptors
                0x0000000000000000       0x73 c:/program files/microchip/xc8/v2.45/avr/bin/../lib/gcc/avr/5.4.0/../../../../avr/lib/avrxmega4/memx-const\libc.a(exit.o)
 .text          0x0000000000000000        0x0 c:/program files/microchip/xc8/v2.45/avr/bin/../lib/gcc/avr/5.4.0/../../../../avr/lib/avrxmega4/memx-const\libc.a(memcpy.o)
 .data          0x0000000000000000        0x0 c:/program files/microchip/xc8/v2.45/avr/bin/../lib/gcc/avr/5.4.0/../../../../avr/lib/avrxmega4/memx-const\libc.a(memcpy.o)
 .bss           0x0000000000000000        0x0 c:/program files/microchip/xc8/v2.45/avr/bin/../lib/gcc/avr/5.4.0/../../../../avr/lib/avrxmega4/memx-const\libc.a(memcpy.o)
 .stack.descriptors
                0x0000000000000000       0x14 c:/program files/microchip/xc8/v2.45/avr/bin/../lib/gcc/avr/5.4.0/../../../../avr/lib/avrxmega4/memx-const\libc.a(memcpy.o)
 .text          0x0000000000000000        0x0 c:/program files/microchip/xc8/v2.45/avr/bin/../lib/gcc/avr/5.4.0/../../../../avr/lib/avrxmega4/memx-const\libc.a(_Exit.o)
 .data          0x0000000000000000        0x0 c:/program files/microchip/xc8/v2.45/avr/bin/../lib/gcc/avr/5.4.0/../../../../avr/lib/avrxmega4/memx-const\libc.a(_Exit.o)
 .bss           0x0000000000000000        0x0 c:/program files/microchip/xc8/v2.45/avr/bin/../lib/gcc/avr/5.4.0/../../../../avr/lib/avrxmega4/memx-const\libc.a(_Exit.o)
 .stack.descriptors
                0x0000000000000000       0x13 c:/program files/microchip/xc8/v2.45/avr/bin/../lib/gcc/avr/5.4.0/../../../../avr/lib/avrxmega4/memx-const\libc.a(_Exit.o)
 .text          0x0000000000000000        0x0 c:/program files/microchip/xc8/v2.45/avr/bin/../lib/gcc/avr/5.4.0/avrxmega4/memx-const\libgcc.a(_exit.o)
 .data          0x0000000000000000        0x0 c:/program files/microchip/xc8/v2.45/avr/bin/../lib/gcc/avr/5.4.0/avrxmega4/memx-const\libgcc.a(_exit.o)
 .bss           0x0000000000000000        0x0 c:/program files/microchip/xc8/v2.45/avr/bin/../lib/gcc/avr/5.4.0/avrxmega4/memx-const\libgcc.a(_exit.o)
 .text.libgcc.mul
                0x0000000000000000        0x0 c:/program files/microchip/xc8/v2.45/avr/bin/../lib/gcc/avr/5.4.0/avrxmega4/memx-const\libgcc.a(_exit.o)
 .text.libgcc.div
                0x0000000000000000        0x0 c:/program files/microchip/xc8/v2.45/avr/bin/../lib/gcc/avr/5.4.0/avrxmega4/memx-const\libgcc.a(_exit.o)
 .text.libgcc   0x0000000000000000        0x0 c:/program files/microchip/xc8/v2.45/avr/bin/../lib/gcc/avr/5.4.0/avrxmega4/memx-const\libgcc.a(_exit.o)
 .text.libgcc.prologue
                0x0000000000000000        0x0 c:/program files/microchip/xc8/v2.45/avr/bin/../lib/gcc/avr/5.4.0/avrxmega4/memx-const\libgcc.a(_exit.o)
 .stack.descriptors
                0x0000000000000000       0x13 c:/program files/microchip/xc8/v2.45/avr/bin/../lib/gcc/avr/5.4.0/avrxmega4/memx-const\libgcc.a(_exit.o)
 .text.libgcc.builtins
                0x0000000000000000        0x0 c:/program files/microchip/xc8/v2.45/avr/bin/../lib/gcc/avr/5.4.0/avrxmega4/memx-const\libgcc.a(_exit.o)
 .text.libgcc.fmul
                0x0000000000000000        0x0 c:/program files/microchip/xc8/v2.45/avr/bin/../lib/gcc/avr/5.4.0/avrxmega4/memx-const\libgcc.a(_exit.o)
 .text.libgcc.fixed
                0x0000000000000000        0x0 c:/program files/microchip/xc8/v2.45/avr/bin/../lib/gcc/avr/5.4.0/avrxmega4/memx-const\libgcc.a(_exit.o)

Memory Configuration

Name             Origin             Length             Attributes
text             0x0000000000000000 0x0000000000020000 xr
data             0x0000000000804000 0x0000000000004000 rw !x
eeprom           0x0000000000810000 0x0000000000000200 rw !x
fuse             0x0000000000820000 0x0000000000000010 rw !x
lock             0x0000000000830000 0x0000000000000400 rw !x
signature        0x0000000000840000 0x0000000000000400 rw !x
user_signatures  0x0000000000850000 0x0000000000000400 rw !x
bootrow          0x0000000000860000 0x0000000000000400 rw !x
*default*        0x0000000000000000 0xffffffffffffffff

Linker script and memory map

Address of section .data set to 0x804000
                0x0000000000008000                __RODATA_PM_OFFSET__ = 0x8000
LOAD C:/Users/miste/.mchp_packs/Microchip/AVR-Dx_DFP/2.4.286/xc8/avr/lib/avrxmega4/memx-const/crtavr128da28.o
                0x0000000000000001                __MPLAB_BUILD = 0x1
LOAD build/default/production/_ext/83377035/USART.o
LOAD build/default/production/_ext/83377035/ShiftReg.o
LOAD build/default/production/_ext/1347852338/port.o
LOAD build/default/production/_ext/1644529106/event_groups.o
LOAD build/default/production/_ext/1644529106/heap_1.o
LOAD build/default/production/_ext/1644529106/list.o
LOAD build/default/production/_ext/1644529106/queue.o
LOAD build/default/production/_ext/1644529106/stream_buffer.o
LOAD build/default/production/_ext/1644529106/tasks.o
LOAD build/default/production/_ext/1644529106/timers.o
LOAD build/default/production/_ext/2083278984/RS485TASKS.o
LOAD build/default/production/main.o
LOAD build/default/production/DSIO.o
START GROUP
LOAD c:/program files/microchip/xc8/v2.45/avr/bin/../lib/gcc/avr/5.4.0/../../../../avr/lib/avrxmega4/memx-const\libm.a
END GROUP
START GROUP
LOAD c:/program files/microchip/xc8/v2.45/avr/bin/../lib/gcc/avr/5.4.0/avrxmega4/memx-const\libgcc.a
LOAD c:/program files/microchip/xc8/v2.45/avr/bin/../lib/gcc/avr/5.4.0/../../../../avr/lib/avrxmega4/memx-const\libm.a
LOAD c:/program files/microchip/xc8/v2.45/avr/bin/../lib/gcc/avr/5.4.0/../../../../avr/lib/avrxmega4/memx-const\libc.a
LOAD C:/Users/miste/.mchp_packs/Microchip/AVR-Dx_DFP/2.4.286/xc8/avr/lib/avrxmega4/memx-const\libavr128da28.a
END GROUP
                [0x0000000000000000]                __TEXT_REGION_ORIGIN__ = DEFINED (__TEXT_REGION_ORIGIN__)?__TEXT_REGION_ORIGIN__:0x0
                [0x0000000000804000]                __DATA_REGION_ORIGIN__ = DEFINED (__DATA_REGION_ORIGIN__)?__DATA_REGION_ORIGIN__:0x802000
                [0x0000000000020000]                __TEXT_REGION_LENGTH__ = DEFINED (__TEXT_REGION_LENGTH__)?__TEXT_REGION_LENGTH__:0x100000
                [0x0000000000004000]                __DATA_REGION_LENGTH__ = DEFINED (__DATA_REGION_LENGTH__)?__DATA_REGION_LENGTH__:0xffa0
                [0x0000000000000200]                __EEPROM_REGION_LENGTH__ = DEFINED (__EEPROM_REGION_LENGTH__)?__EEPROM_REGION_LENGTH__:0x10000
                [0x0000000000000010]                __FUSE_REGION_LENGTH__ = DEFINED (__FUSE_REGION_LENGTH__)?__FUSE_REGION_LENGTH__:0x400
                0x0000000000000400                __LOCK_REGION_LENGTH__ = DEFINED (__LOCK_REGION_LENGTH__)?__LOCK_REGION_LENGTH__:0x400
                0x0000000000000400                __SIGNATURE_REGION_LENGTH__ = DEFINED (__SIGNATURE_REGION_LENGTH__)?__SIGNATURE_REGION_LENGTH__:0x400
                0x0000000000000400                __USER_SIGNATURE_REGION_LENGTH__ = DEFINED (__USER_SIGNATURE_REGION_LENGTH__)?__USER_SIGNATURE_REGION_LENGTH__:0x400
                0x0000000000000400                __BOOTROW_REGION_LENGTH__ = DEFINED (__BOOTROW_REGION_LENGTH__)?__BOOTROW_REGION_LENGTH__:0x400

.hash
 *(.hash)

.dynsym
 *(.dynsym)

.dynstr
 *(.dynstr)

.gnu.version
 *(.gnu.version)

.gnu.version_d
 *(.gnu.version_d)

.gnu.version_r
 *(.gnu.version_r)

.rel.init
 *(.rel.init)

.rela.init
 *(.rela.init)

.rel.text
 *(.rel.text)
 *(.rel.text.*)
 *(.rel.gnu.linkonce.t*)

.rela.text
 *(.rela.text)
 *(.rela.text.*)
 *(.rela.gnu.linkonce.t*)

.rel.fini
 *(.rel.fini)

.rela.fini
 *(.rela.fini)

.rel.rodata
 *(.rel.rodata)
 *(.rel.rodata.*)
 *(.rel.gnu.linkonce.r*)

.rela.rodata
 *(.rela.rodata)
 *(.rela.rodata.*)
 *(.rela.gnu.linkonce.r*)

.rel.data
 *(.rel.data)
 *(.rel.data.*)
 *(.rel.gnu.linkonce.d*)

.rela.data
 *(.rela.data)
 *(.rela.data.*)
 *(.rela.gnu.linkonce.d*)

.rel.ctors
 *(.rel.ctors)

.rela.ctors
 *(.rela.ctors)

.rel.dtors
 *(.rel.dtors)

.rela.dtors
 *(.rela.dtors)

.rel.got
 *(.rel.got)

.rela.got
 *(.rela.got)

.rel.bss
 *(.rel.bss)

.rela.bss
 *(.rela.bss)

.rel.plt
 *(.rel.plt)

.rela.plt
 *(.rela.plt)

.text           0x0000000000000000      0x120
 *(.vectors)
 .vectors       0x0000000000000000       0xa4 C:/Users/miste/.mchp_packs/Microchip/AVR-Dx_DFP/2.4.286/xc8/avr/lib/avrxmega4/memx-const/crtavr128da28.o
                0x0000000000000000                __vector_default
                0x0000000000000000                __vectors
 *(.vectors)
 *(.progmem.gcc*)
 .progmem.gcc_sw_table.prvTimerTask
                0x00000000000000a4       0x12 build/default/production/_ext/1644529106/timers.o
 *(.dinit)
 .dinit         0x00000000000000b6       0x11 data_init
                0x00000000000000c8                . = ALIGN (0x2)
 *fill*         0x00000000000000c7        0x1 
                0x00000000000000c8                __trampolines_start = .
 *(.trampolines)
 .trampolines   0x00000000000000c8        0x0 linker stubs
 *(.trampolines*)
                0x00000000000000c8                __trampolines_end = .
 *libprintf_flt.a:*(.progmem.data)
 *libc.a:*(.progmem.data)
                0x00000000000000c8                . = ALIGN (0x2)
 *(.jumptables)
 *(.jumptables*)
 *(.lowtext)
 *(.lowtext*)
                0x00000000000000c8                __ctors_start = .
 *(.ctors)
                0x00000000000000c8                __ctors_end = .
                0x00000000000000c8                __dtors_start = .
 *(.dtors)
                0x00000000000000c8                __dtors_end = .
 SORT(*)(.ctors)
 SORT(*)(.dtors)
 *(.init0)
 .init0         0x00000000000000c8        0x0 C:/Users/miste/.mchp_packs/Microchip/AVR-Dx_DFP/2.4.286/xc8/avr/lib/avrxmega4/memx-const/crtavr128da28.o
                0x00000000000000c8                __init
 *(.init0)
 *(.init1)
 *(.init1)
 *(.init2)
 .init2         0x00000000000000c8        0xc C:/Users/miste/.mchp_packs/Microchip/AVR-Dx_DFP/2.4.286/xc8/avr/lib/avrxmega4/memx-const/crtavr128da28.o
 *(.init2)
 *(.init3)
 *(.init3)
 *(.init4)
 .init4         0x00000000000000d4       0x40 c:/program files/microchip/xc8/v2.45/avr/bin/../lib/gcc/avr/5.4.0/avrxmega4/memx-const\libgcc.a(_copy_data.o)
                0x00000000000000d4                __do_copy_data
                0x0000000000000106                __do_clear_bss
 *(.init4)
 *(.init5)
 *(.init5)
 *(.init6)
 *(.init6)
 *(.init7)
 *(.init7)
 *(.init8)
 *(.init8)
 *(.init9)
 .init9         0x0000000000000114        0x8 C:/Users/miste/.mchp_packs/Microchip/AVR-Dx_DFP/2.4.286/xc8/avr/lib/avrxmega4/memx-const/crtavr128da28.o
 *(.init9)
                0x000000000000011c                . = ALIGN (0x2)
 *(.fini9)
 .fini9         0x000000000000011c        0x0 c:/program files/microchip/xc8/v2.45/avr/bin/../lib/gcc/avr/5.4.0/avrxmega4/memx-const\libgcc.a(_exit.o)
                0x000000000000011c                _exit
 *(.fini9)
 *(.fini8)
 *(.fini8)
 *(.fini7)
 *(.fini7)
 *(.fini6)
 *(.fini6)
 *(.fini5)
 *(.fini5)
 *(.fini4)
 *(.fini4)
 *(.fini3)
 *(.fini3)
 *(.fini2)
 *(.fini2)
 *(.fini1)
 *(.fini1)
 *(.fini0)
 .fini0         0x000000000000011c        0x4 c:/program files/microchip/xc8/v2.45/avr/bin/../lib/gcc/avr/5.4.0/avrxmega4/memx-const\libgcc.a(_exit.o)
 *(.fini0)
                0x0000000000000120                _etext = .

.data           0x0000000000804000        0x0 load address 0x0000000000000120
                [!provide]                        PROVIDE (__data_start, .)
 *(.gnu.linkonce.d*)
 *(.gnu.linkonce.r*)
                0x0000000000804000                . = ALIGN (0x2)
                0x0000000000804000                _edata = .
                [!provide]                        PROVIDE (__data_end, .)

.bss            0x0000000000804000        0x0
                [!provide]                        PROVIDE (__bss_start, .)
 *(COMMON)
                [!provide]                        PROVIDE (__bss_end, .)
                0x0000000000000120                __data_load_start = LOADADDR (.data)
                0x0000000000000120                __data_load_end = (__data_load_start + SIZEOF (.data))

.noinit         0x0000000000804000        0x0
                [!provide]                        PROVIDE (__noinit_start, .)
 *(.noinit*)
                [!provide]                        PROVIDE (__noinit_end, .)
                0x0000000000804000                _end = .

.eeprom         0x0000000000810000        0x0
 *(.eeprom*)
                0x0000000000810000                __eeprom_end = .

.fuse
 *(.fuse)
 *(.lfuse)
 *(.hfuse)
 *(.efuse)

.lock
 *(.lock*)

.signature
 *(.signature*)

.user_signatures
 *(.user_signatures*)

.bootrow
 *(.bootrow*)

.stab
 *(.stab)

.stabstr
 *(.stabstr)

.stab.excl
 *(.stab.excl)

.stab.exclstr
 *(.stab.exclstr)

.stab.index
 *(.stab.index)

.stab.indexstr
 *(.stab.indexstr)

.comment        0x0000000000000000       0x5b
 *(.comment)
 .comment       0x0000000000000000       0x2f build/default/production/_ext/83377035/USART.o
                                         0x30 (size before relaxing)
 .comment       0x000000000000002f       0x30 build/default/production/_ext/83377035/ShiftReg.o
 .comment       0x000000000000002f       0x30 build/default/production/_ext/1347852338/port.o
 .comment       0x000000000000002f       0x30 build/default/production/_ext/1644529106/event_groups.o
 .comment       0x000000000000002f       0x30 build/default/production/_ext/1644529106/heap_1.o
 .comment       0x000000000000002f       0x30 build/default/production/_ext/1644529106/list.o
 .comment       0x000000000000002f       0x30 build/default/production/_ext/1644529106/queue.o
 .comment       0x000000000000002f       0x30 build/default/production/_ext/1644529106/stream_buffer.o
 .comment       0x000000000000002f       0x30 build/default/production/_ext/1644529106/tasks.o
 .comment       0x000000000000002f       0x30 build/default/production/_ext/1644529106/timers.o
 .comment       0x000000000000002f       0x30 build/default/production/_ext/2083278984/RS485TASKS.o
 .comment       0x000000000000002f       0x30 build/default/production/main.o
 .comment       0x000000000000002f       0x30 build/default/production/DSIO.o
 .comment       0x000000000000002f       0x2c c:/program files/microchip/xc8/v2.45/avr/bin/../lib/gcc/avr/5.4.0/../../../../avr/lib/avrxmega4/memx-const\libc.a(exit.o)
                                         0x2d (size before relaxing)
 .comment       0x000000000000005b       0x2d c:/program files/microchip/xc8/v2.45/avr/bin/../lib/gcc/avr/5.4.0/../../../../avr/lib/avrxmega4/memx-const\libc.a(memcpy.o)
 .comment       0x000000000000005b       0x2d c:/program files/microchip/xc8/v2.45/avr/bin/../lib/gcc/avr/5.4.0/../../../../avr/lib/avrxmega4/memx-const\libc.a(_Exit.o)

.stack.descriptors.hdr
                0x0000000000000000       0x70
 .stack.descriptors.hdr
                0x0000000000000000        0xe c:/program files/microchip/xc8/v2.45/avr/bin/../lib/gcc/avr/5.4.0/avrxmega4/memx-const\libgcc.a(_udivmodhi4.o)
 .stack.descriptors.hdr
                0x000000000000000e        0xe c:/program files/microchip/xc8/v2.45/avr/bin/../lib/gcc/avr/5.4.0/avrxmega4/memx-const\libgcc.a(_tablejump2.o)
 .stack.descriptors.hdr
                0x000000000000001c        0xe c:/program files/microchip/xc8/v2.45/avr/bin/../lib/gcc/avr/5.4.0/avrxmega4/memx-const\libgcc.a(_xload_1.o)
 .stack.descriptors.hdr
                0x000000000000002a        0xe c:/program files/microchip/xc8/v2.45/avr/bin/../lib/gcc/avr/5.4.0/avrxmega4/memx-const\libgcc.a(_xload_2.o)
 .stack.descriptors.hdr
                0x0000000000000038        0xe c:/program files/microchip/xc8/v2.45/avr/bin/../lib/gcc/avr/5.4.0/../../../../avr/lib/avrxmega4/memx-const\libc.a(exit.o)
 .stack.descriptors.hdr
                0x0000000000000046        0xe c:/program files/microchip/xc8/v2.45/avr/bin/../lib/gcc/avr/5.4.0/../../../../avr/lib/avrxmega4/memx-const\libc.a(memcpy.o)
 .stack.descriptors.hdr
                0x0000000000000054        0xe c:/program files/microchip/xc8/v2.45/avr/bin/../lib/gcc/avr/5.4.0/../../../../avr/lib/avrxmega4/memx-const\libc.a(_Exit.o)
 .stack.descriptors.hdr
                0x0000000000000062        0xe c:/program files/microchip/xc8/v2.45/avr/bin/../lib/gcc/avr/5.4.0/avrxmega4/memx-const\libgcc.a(_exit.o)

.note.GNU-stack
                0x0000000000000000        0x0
 .note.GNU-stack
                0x0000000000000000        0x0 c:/program files/microchip/xc8/v2.45/avr/bin/../lib/gcc/avr/5.4.0/../../../../avr/lib/avrxmega4/memx-const\libc.a(exit.o)
 .note.GNU-stack
                0x0000000000000000        0x0 c:/program files/microchip/xc8/v2.45/avr/bin/../lib/gcc/avr/5.4.0/../../../../avr/lib/avrxmega4/memx-const\libc.a(memcpy.o)
 .note.GNU-stack
                0x0000000000000000        0x0 c:/program files/microchip/xc8/v2.45/avr/bin/../lib/gcc/avr/5.4.0/../../../../avr/lib/avrxmega4/memx-const\libc.a(_Exit.o)

.note.gnu.build-id
 *(.note.gnu.build-id)

.debug
 *(.debug)

.line
 *(.line)

.debug_srcinfo
 *(.debug_srcinfo)

.debug_sfnames
 *(.debug_sfnames)

.debug_aranges  0x0000000000000000      0x680
 *(.debug_aranges)
 .debug_aranges
                0x0000000000000000       0x20 build/default/production/_ext/83377035/USART.o
 .debug_aranges
                0x0000000000000020       0x50 build/default/production/_ext/83377035/ShiftReg.o
 .debug_aranges
                0x0000000000000070       0x50 build/default/production/_ext/1347852338/port.o
 .debug_aranges
                0x00000000000000c0       0x60 build/default/production/_ext/1644529106/event_groups.o
 .debug_aranges
                0x0000000000000120       0x38 build/default/production/_ext/1644529106/heap_1.o
 .debug_aranges
                0x0000000000000158       0x40 build/default/production/_ext/1644529106/list.o
 .debug_aranges
                0x0000000000000198       0xf0 build/default/production/_ext/1644529106/queue.o
 .debug_aranges
                0x0000000000000288       0xb8 build/default/production/_ext/1644529106/stream_buffer.o
 .debug_aranges
                0x0000000000000340      0x170 build/default/production/_ext/1644529106/tasks.o
 .debug_aranges
                0x00000000000004b0       0xb0 build/default/production/_ext/1644529106/timers.o
 .debug_aranges
                0x0000000000000560       0x58 build/default/production/_ext/2083278984/RS485TASKS.o
 .debug_aranges
                0x00000000000005b8       0x30 build/default/production/main.o
 .debug_aranges
                0x00000000000005e8       0x98 build/default/production/DSIO.o

.debug_pubnames
 *(.debug_pubnames)

.debug_info     0x0000000000000000     0xf916
 *(.debug_info .gnu.linkonce.wi.*)
 .debug_info    0x0000000000000000     0x2504 C:/Users/miste/.mchp_packs/Microchip/AVR-Dx_DFP/2.4.286/xc8/avr/lib/avrxmega4/memx-const/crtavr128da28.o
 .debug_info    0x0000000000002504      0x7be build/default/production/_ext/83377035/USART.o
 .debug_info    0x0000000000002cc2      0x7f5 build/default/production/_ext/83377035/ShiftReg.o
 .debug_info    0x00000000000034b7      0x673 build/default/production/_ext/1347852338/port.o
 .debug_info    0x0000000000003b2a      0xcb0 build/default/production/_ext/1644529106/event_groups.o
 .debug_info    0x00000000000047da      0x400 build/default/production/_ext/1644529106/heap_1.o
 .debug_info    0x0000000000004bda      0x57a build/default/production/_ext/1644529106/list.o
 .debug_info    0x0000000000005154     0x1f7b build/default/production/_ext/1644529106/queue.o
 .debug_info    0x00000000000070cf     0x189e build/default/production/_ext/1644529106/stream_buffer.o
 .debug_info    0x000000000000896d     0x26c8 build/default/production/_ext/1644529106/tasks.o
 .debug_info    0x000000000000b035     0x15c4 build/default/production/_ext/1644529106/timers.o
 .debug_info    0x000000000000c5f9     0x14d5 build/default/production/_ext/2083278984/RS485TASKS.o
 .debug_info    0x000000000000dace     0x1385 build/default/production/main.o
 .debug_info    0x000000000000ee53      0xac3 build/default/production/DSIO.o

.debug_abbrev   0x0000000000000000     0x3cd2
 *(.debug_abbrev)
 .debug_abbrev  0x0000000000000000     0x230e C:/Users/miste/.mchp_packs/Microchip/AVR-Dx_DFP/2.4.286/xc8/avr/lib/avrxmega4/memx-const/crtavr128da28.o
 .debug_abbrev  0x000000000000230e       0xea build/default/production/_ext/83377035/USART.o
 .debug_abbrev  0x00000000000023f8      0x155 build/default/production/_ext/83377035/ShiftReg.o
 .debug_abbrev  0x000000000000254d      0x17f build/default/production/_ext/1347852338/port.o
 .debug_abbrev  0x00000000000026cc      0x21f build/default/production/_ext/1644529106/event_groups.o
 .debug_abbrev  0x00000000000028eb      0x111 build/default/production/_ext/1644529106/heap_1.o
 .debug_abbrev  0x00000000000029fc      0x116 build/default/production/_ext/1644529106/list.o
 .debug_abbrev  0x0000000000002b12      0x2d8 build/default/production/_ext/1644529106/queue.o
 .debug_abbrev  0x0000000000002dea      0x253 build/default/production/_ext/1644529106/stream_buffer.o
 .debug_abbrev  0x000000000000303d      0x35f build/default/production/_ext/1644529106/tasks.o
 .debug_abbrev  0x000000000000339c      0x32f build/default/production/_ext/1644529106/timers.o
 .debug_abbrev  0x00000000000036cb      0x22f build/default/production/_ext/2083278984/RS485TASKS.o
 .debug_abbrev  0x00000000000038fa      0x235 build/default/production/main.o
 .debug_abbrev  0x0000000000003b2f      0x1a3 build/default/production/DSIO.o

.debug_line     0x0000000000000000     0x4da3
 *(.debug_line .debug_line.* .debug_line_end)
 .debug_line    0x0000000000000000      0x190 C:/Users/miste/.mchp_packs/Microchip/AVR-Dx_DFP/2.4.286/xc8/avr/lib/avrxmega4/memx-const/crtavr128da28.o
 .debug_line    0x0000000000000190      0x113 build/default/production/_ext/83377035/USART.o
 .debug_line    0x00000000000002a3      0x2c1 build/default/production/_ext/83377035/ShiftReg.o
 .debug_line    0x0000000000000564      0x259 build/default/production/_ext/1347852338/port.o
 .debug_line    0x00000000000007bd      0x3c8 build/default/production/_ext/1644529106/event_groups.o
 .debug_line    0x0000000000000b85      0x144 build/default/production/_ext/1644529106/heap_1.o
 .debug_line    0x0000000000000cc9      0x1f0 build/default/production/_ext/1644529106/list.o
 .debug_line    0x0000000000000eb9      0xcd0 build/default/production/_ext/1644529106/queue.o
 .debug_line    0x0000000000001b89      0x741 build/default/production/_ext/1644529106/stream_buffer.o
 .debug_line    0x00000000000022ca     0x1191 build/default/production/_ext/1644529106/tasks.o
 .debug_line    0x000000000000345b      0x5a4 build/default/production/_ext/1644529106/timers.o
 .debug_line    0x00000000000039ff      0x731 build/default/production/_ext/2083278984/RS485TASKS.o
 .debug_line    0x0000000000004130      0x701 build/default/production/main.o
 .debug_line    0x0000000000004831      0x572 build/default/production/DSIO.o

.debug_frame    0x0000000000000000     0x1780
 *(.debug_frame)
 .debug_frame   0x0000000000000000       0x24 build/default/production/_ext/83377035/USART.o
 .debug_frame   0x0000000000000024       0x90 build/default/production/_ext/83377035/ShiftReg.o
 .debug_frame   0x00000000000000b4       0x84 build/default/production/_ext/1347852338/port.o
 .debug_frame   0x0000000000000138      0x17c build/default/production/_ext/1644529106/event_groups.o
 .debug_frame   0x00000000000002b4       0x60 build/default/production/_ext/1644529106/heap_1.o
 .debug_frame   0x0000000000000314       0x88 build/default/production/_ext/1644529106/list.o
 .debug_frame   0x000000000000039c      0x42c build/default/production/_ext/1644529106/queue.o
 .debug_frame   0x00000000000007c8      0x438 build/default/production/_ext/1644529106/stream_buffer.o
 .debug_frame   0x0000000000000c00      0x570 build/default/production/_ext/1644529106/tasks.o
 .debug_frame   0x0000000000001170      0x224 build/default/production/_ext/1644529106/timers.o
 .debug_frame   0x0000000000001394      0x200 build/default/production/_ext/2083278984/RS485TASKS.o
 .debug_frame   0x0000000000001594       0xa8 build/default/production/main.o
 .debug_frame   0x000000000000163c      0x144 build/default/production/DSIO.o

.debug_str      0x0000000000000000     0x1df1
 *(.debug_str)
 .debug_str     0x0000000000000000      0xfdc C:/Users/miste/.mchp_packs/Microchip/AVR-Dx_DFP/2.4.286/xc8/avr/lib/avrxmega4/memx-const/crtavr128da28.o
 .debug_str     0x0000000000000fdc        0xb build/default/production/_ext/83377035/USART.o
 .debug_str     0x0000000000000fe7        0x0 build/default/production/_ext/83377035/ShiftReg.o
 .debug_str     0x0000000000000fe7       0x26 build/default/production/_ext/1347852338/port.o
 .debug_str     0x000000000000100d      0x192 build/default/production/_ext/1644529106/event_groups.o
 .debug_str     0x000000000000119f       0x1f build/default/production/_ext/1644529106/heap_1.o
 .debug_str     0x00000000000011be       0x2b build/default/production/_ext/1644529106/list.o
 .debug_str     0x00000000000011e9      0x2d2 build/default/production/_ext/1644529106/queue.o
 .debug_str     0x00000000000014bb      0x242 build/default/production/_ext/1644529106/stream_buffer.o
 .debug_str     0x00000000000016fd      0x26a build/default/production/_ext/1644529106/tasks.o
 .debug_str     0x0000000000001967      0x1fc build/default/production/_ext/1644529106/timers.o
 .debug_str     0x0000000000001b63      0x152 build/default/production/_ext/2083278984/RS485TASKS.o
 .debug_str     0x0000000000001cb5       0xda build/default/production/main.o
 .debug_str     0x0000000000001d8f       0x62 build/default/production/DSIO.o

.debug_loc      0x0000000000000000     0x731b
 *(.debug_loc)
 .debug_loc     0x0000000000000000      0x311 build/default/production/_ext/83377035/ShiftReg.o
 .debug_loc     0x0000000000000311       0xc8 build/default/production/_ext/1347852338/port.o
 .debug_loc     0x00000000000003d9      0x91c build/default/production/_ext/1644529106/event_groups.o
 .debug_loc     0x0000000000000cf5       0xe0 build/default/production/_ext/1644529106/heap_1.o
 .debug_loc     0x0000000000000dd5       0xb8 build/default/production/_ext/1644529106/list.o
 .debug_loc     0x0000000000000e8d     0x18ac build/default/production/_ext/1644529106/queue.o
 .debug_loc     0x0000000000002739     0x15ad build/default/production/_ext/1644529106/stream_buffer.o
 .debug_loc     0x0000000000003ce6     0x1abd build/default/production/_ext/1644529106/tasks.o
 .debug_loc     0x00000000000057a3      0xa9b build/default/production/_ext/1644529106/timers.o
 .debug_loc     0x000000000000623e      0x4c2 build/default/production/_ext/2083278984/RS485TASKS.o
 .debug_loc     0x0000000000006700      0x70c build/default/production/main.o
 .debug_loc     0x0000000000006e0c      0x50f build/default/production/DSIO.o

.debug_macinfo
 *(.debug_macinfo)

.debug_weaknames
 *(.debug_weaknames)

.debug_funcnames
 *(.debug_funcnames)

.debug_typenames
 *(.debug_typenames)

.debug_varnames
 *(.debug_varnames)

.debug_pubtypes
 *(.debug_pubtypes)

.debug_ranges   0x0000000000000000      0x8b8
 *(.debug_ranges)
 .debug_ranges  0x0000000000000000       0x10 build/default/production/_ext/83377035/USART.o
 .debug_ranges  0x0000000000000010       0x40 build/default/production/_ext/83377035/ShiftReg.o
 .debug_ranges  0x0000000000000050       0x40 build/default/production/_ext/1347852338/port.o
 .debug_ranges  0x0000000000000090       0x68 build/default/production/_ext/1644529106/event_groups.o
 .debug_ranges  0x00000000000000f8       0x28 build/default/production/_ext/1644529106/heap_1.o
 .debug_ranges  0x0000000000000120       0x30 build/default/production/_ext/1644529106/list.o
 .debug_ranges  0x0000000000000150      0x140 build/default/production/_ext/1644529106/queue.o
 .debug_ranges  0x0000000000000290       0xa8 build/default/production/_ext/1644529106/stream_buffer.o
 .debug_ranges  0x0000000000000338      0x1c8 build/default/production/_ext/1644529106/tasks.o
 .debug_ranges  0x0000000000000500       0xf0 build/default/production/_ext/1644529106/timers.o
 .debug_ranges  0x00000000000005f0       0xe0 build/default/production/_ext/2083278984/RS485TASKS.o
 .debug_ranges  0x00000000000006d0       0xa0 build/default/production/main.o
 .debug_ranges  0x0000000000000770      0x148 build/default/production/DSIO.o

.debug_macro
 *(.debug_macro)
OUTPUT(dist/default/production/485SecLight.X.production.elf elf32-avr)
LOAD linker stubs
LOAD data_init

.note.gnu.avr.deviceinfo
                0x0000000000000000       0x40
 .note.gnu.avr.deviceinfo
                0x0000000000000000       0x40 C:/Users/miste/.mchp_packs/Microchip/AVR-Dx_DFP/2.4.286/xc8/avr/lib/avrxmega4/memx-const/crtavr128da28.o

.bss.pucAlignedHeap.4046
                0x0000000000806b2b        0x2
 .bss.pucAlignedHeap.4046
                0x0000000000806b2b        0x2 build/default/production/_ext/1644529106/heap_1.o

.bss.xNextFreeByte
                0x0000000000806b2d        0x2
 .bss.xNextFreeByte
                0x0000000000806b2d        0x2 build/default/production/_ext/1644529106/heap_1.o

.bss.ucHeap     0x0000000000804000     0x2000
 .bss.ucHeap    0x0000000000804000     0x2000 build/default/production/_ext/1644529106/heap_1.o

.bss.xQueueRegistry
                0x0000000000806aeb        0xa
 .bss.xQueueRegistry
                0x0000000000806aeb        0xa build/default/production/_ext/1644529106/queue.o
                0x0000000000806aeb                xQueueRegistry

.bss.uxSchedulerSuspended
                0x0000000000806b65        0x1
 .bss.uxSchedulerSuspended
                0x0000000000806b65        0x1 build/default/production/_ext/1644529106/tasks.o

.bss.xIdleTaskHandle
                0x0000000000806b2f        0x2
 .bss.xIdleTaskHandle
                0x0000000000806b2f        0x2 build/default/production/_ext/1644529106/tasks.o

.bss.xNextTaskUnblockTime
                0x0000000000806b31        0x2
 .bss.xNextTaskUnblockTime
                0x0000000000806b31        0x2 build/default/production/_ext/1644529106/tasks.o

.bss.uxTaskNumber
                0x0000000000806b66        0x1
 .bss.uxTaskNumber
                0x0000000000806b66        0x1 build/default/production/_ext/1644529106/tasks.o

.bss.xNumOfOverflows
                0x0000000000806b67        0x1
 .bss.xNumOfOverflows
                0x0000000000806b67        0x1 build/default/production/_ext/1644529106/tasks.o

.bss.xYieldPending
                0x0000000000806b68        0x1
 .bss.xYieldPending
                0x0000000000806b68        0x1 build/default/production/_ext/1644529106/tasks.o

.bss.xPendedTicks
                0x0000000000806b33        0x2
 .bss.xPendedTicks
                0x0000000000806b33        0x2 build/default/production/_ext/1644529106/tasks.o

.bss.xSchedulerRunning
                0x0000000000806b69        0x1
 .bss.xSchedulerRunning
                0x0000000000806b69        0x1 build/default/production/_ext/1644529106/tasks.o

.bss.uxTopReadyPriority
                0x0000000000806b6a        0x1
 .bss.uxTopReadyPriority
                0x0000000000806b6a        0x1 build/default/production/_ext/1644529106/tasks.o

.bss.xTickCount
                0x0000000000806b35        0x2
 .bss.xTickCount
                0x0000000000806b35        0x2 build/default/production/_ext/1644529106/tasks.o

.bss.uxCurrentNumberOfTasks
                0x0000000000806b6b        0x1
 .bss.uxCurrentNumberOfTasks
                0x0000000000806b6b        0x1 build/default/production/_ext/1644529106/tasks.o

.bss.xSuspendedTaskList
                0x0000000000806af5        0x9
 .bss.xSuspendedTaskList
                0x0000000000806af5        0x9 build/default/production/_ext/1644529106/tasks.o

.bss.xPendingReadyList
                0x0000000000806afe        0x9
 .bss.xPendingReadyList
                0x0000000000806afe        0x9 build/default/production/_ext/1644529106/tasks.o

.bss.pxOverflowDelayedTaskList
                0x0000000000806b37        0x2
 .bss.pxOverflowDelayedTaskList
                0x0000000000806b37        0x2 build/default/production/_ext/1644529106/tasks.o

.bss.pxDelayedTaskList
                0x0000000000806b39        0x2
 .bss.pxDelayedTaskList
                0x0000000000806b39        0x2 build/default/production/_ext/1644529106/tasks.o

.bss.xDelayedTaskList2
                0x0000000000806b07        0x9
 .bss.xDelayedTaskList2
                0x0000000000806b07        0x9 build/default/production/_ext/1644529106/tasks.o

.bss.xDelayedTaskList1
                0x0000000000806b10        0x9
 .bss.xDelayedTaskList1
                0x0000000000806b10        0x9 build/default/production/_ext/1644529106/tasks.o

.bss.pxReadyTasksLists
                0x0000000000806abe       0x2d
 .bss.pxReadyTasksLists
                0x0000000000806abe       0x2d build/default/production/_ext/1644529106/tasks.o

.bss.pxCurrentTCB
                0x0000000000806b3b        0x2
 .bss.pxCurrentTCB
                0x0000000000806b3b        0x2 build/default/production/_ext/1644529106/tasks.o
                0x0000000000806b3b                pxCurrentTCB

.bss.xLastTime.4369
                0x0000000000806b3d        0x2
 .bss.xLastTime.4369
                0x0000000000806b3d        0x2 build/default/production/_ext/1644529106/timers.o

.bss.xTimerTaskHandle
                0x0000000000806b3f        0x2
 .bss.xTimerTaskHandle
                0x0000000000806b3f        0x2 build/default/production/_ext/1644529106/timers.o

.bss.xTimerQueue
                0x0000000000806b41        0x2
 .bss.xTimerQueue
                0x0000000000806b41        0x2 build/default/production/_ext/1644529106/timers.o

.bss.pxOverflowTimerList
                0x0000000000806b43        0x2
 .bss.pxOverflowTimerList
                0x0000000000806b43        0x2 build/default/production/_ext/1644529106/timers.o

.bss.pxCurrentTimerList
                0x0000000000806b45        0x2
 .bss.pxCurrentTimerList
                0x0000000000806b45        0x2 build/default/production/_ext/1644529106/timers.o

.bss.xActiveTimerList2
                0x0000000000806b19        0x9
 .bss.xActiveTimerList2
                0x0000000000806b19        0x9 build/default/production/_ext/1644529106/timers.o

.bss.xActiveTimerList1
                0x0000000000806b22        0x9
 .bss.xActiveTimerList1
                0x0000000000806b22        0x9 build/default/production/_ext/1644529106/timers.o

.bss.xPeriodicJoinTimer
                0x0000000000806b47        0x2
 .bss.xPeriodicJoinTimer
                0x0000000000806b47        0x2 build/default/production/_ext/2083278984/RS485TASKS.o
                0x0000000000806b47                xPeriodicJoinTimer

.bss.xOFFSETTimer
                0x0000000000806b49        0x2
 .bss.xOFFSETTimer
                0x0000000000806b49        0x2 build/default/production/_ext/2083278984/RS485TASKS.o
                0x0000000000806b49                xOFFSETTimer

.bss.xDevice_Buffer
                0x0000000000806b4b        0x2
 .bss.xDevice_Buffer
                0x0000000000806b4b        0x2 build/default/production/_ext/2083278984/RS485TASKS.o
                0x0000000000806b4b                xDevice_Buffer

.bss.xCOMM_out_Buffer
                0x0000000000806b4d        0x2
 .bss.xCOMM_out_Buffer
                0x0000000000806b4d        0x2 build/default/production/_ext/2083278984/RS485TASKS.o
                0x0000000000806b4d                xCOMM_out_Buffer

.bss.xCOMM_out_Stream
                0x0000000000806b4f        0x2
 .bss.xCOMM_out_Stream
                0x0000000000806b4f        0x2 build/default/production/_ext/2083278984/RS485TASKS.o
                0x0000000000806b4f                xCOMM_out_Stream

.bss.xCOMM_in_Stream
                0x0000000000806b51        0x2
 .bss.xCOMM_in_Stream
                0x0000000000806b51        0x2 build/default/production/_ext/2083278984/RS485TASKS.o
                0x0000000000806b51                xCOMM_in_Stream

.bss.xEventInit
                0x0000000000806b53        0x2
 .bss.xEventInit
                0x0000000000806b53        0x2 build/default/production/_ext/2083278984/RS485TASKS.o
                0x0000000000806b53                xEventInit

.bss.xNotify    0x0000000000806b55        0x2
 .bss.xNotify   0x0000000000806b55        0x2 build/default/production/_ext/2083278984/RS485TASKS.o
                0x0000000000806b55                xNotify

.bss.xTXC       0x0000000000806b57        0x2
 .bss.xTXC      0x0000000000806b57        0x2 build/default/production/_ext/2083278984/RS485TASKS.o
                0x0000000000806b57                xTXC

.bss.xPermission
                0x0000000000806b59        0x2
 .bss.xPermission
                0x0000000000806b59        0x2 build/default/production/_ext/2083278984/RS485TASKS.o
                0x0000000000806b59                xPermission

.bss.xUSART0_MUTEX
                0x0000000000806b5b        0x2
 .bss.xUSART0_MUTEX
                0x0000000000806b5b        0x2 build/default/production/_ext/2083278984/RS485TASKS.o
                0x0000000000806b5b                xUSART0_MUTEX

.bss.TimerCounter
                0x0000000000806b5d        0x2
 .bss.TimerCounter
                0x0000000000806b5d        0x2 build/default/production/_ext/2083278984/RS485TASKS.o
                0x0000000000806b5d                TimerCounter

.bss.GLOBAL_TableLength
                0x0000000000806b6c        0x1
 .bss.GLOBAL_TableLength
                0x0000000000806b6c        0x1 build/default/production/_ext/2083278984/RS485TASKS.o
                0x0000000000806b6c                GLOBAL_TableLength

.bss.GLOBAL_DEVICE_TABLE
                0x0000000000806000      0xabe
 .bss.GLOBAL_DEVICE_TABLE
                0x0000000000806000      0xabe build/default/production/_ext/2083278984/RS485TASKS.o
                0x0000000000806000                GLOBAL_DEVICE_TABLE

.bss.GLOBAL_Channel
                0x0000000000806b6e        0x1
 .bss.GLOBAL_Channel
                0x0000000000806b6e        0x1 build/default/production/main.o
                0x0000000000806b6e                GLOBAL_Channel

.bss.GLOBAL_DeviceID
                0x0000000000806b6f        0x1
 .bss.GLOBAL_DeviceID
                0x0000000000806b6f        0x1 build/default/production/main.o
                0x0000000000806b6f                GLOBAL_DeviceID

.bss.xDeviceIN_Queue
                0x0000000000806b5f        0x2
 .bss.xDeviceIN_Queue
                0x0000000000806b5f        0x2 build/default/production/DSIO.o
                0x0000000000806b5f                xDeviceIN_Queue

.bss.xIND_Queue
                0x0000000000806b61        0x2
 .bss.xIND_Queue
                0x0000000000806b61        0x2 build/default/production/DSIO.o
                0x0000000000806b61                xIND_Queue

.bss.xINDTimer  0x0000000000806b63        0x2
 .bss.xINDTimer
                0x0000000000806b63        0x2 build/default/production/DSIO.o
                0x0000000000806b63                xINDTimer

.bss.xINDTimerSet
                0x0000000000806b70        0x1
 .bss.xINDTimerSet
                0x0000000000806b70        0x1 build/default/production/DSIO.o
                0x0000000000806b70                xINDTimerSet

.progmemx.data  0x0000000000000120       0x19
 .progmemx.data
                0x0000000000000120       0x19 build/default/production/_ext/2083278984/RS485TASKS.o

.progmemx.data  0x0000000000000139        0xd
 .progmemx.data
                0x0000000000000139        0xd build/default/production/_ext/1644529106/timers.o

.progmemx.data  0x0000000000000146        0xc
 .progmemx.data
                0x0000000000000146        0xc build/default/production/DSIO.o

.progmemx.data  0x0000000000000152        0x9
 .progmemx.data
                0x0000000000000152        0x9 build/default/production/main.o

.progmemx.data  0x000000000000015b        0x6
 .progmemx.data
                0x000000000000015b        0x6 build/default/production/_ext/1644529106/tasks.o
                0x0000000000000160                uxTopUsedPriority

.data.GLOBAL_DeviceType
                0x0000000000806b6d        0x1 load address 0x0000000000000161
 .data.GLOBAL_DeviceType
                0x0000000000806b6d        0x1 build/default/production/main.o
                0x0000000000806b6d                GLOBAL_DeviceType

.text.prvWSLTask
                0x0000000000000162      0x836
 .text.prvWSLTask
                0x0000000000000162      0x836 build/default/production/main.o
                0x0000000000000162                prvWSLTask

.text.modCOMMInTask
                0x0000000000000998      0x54a
 .text.modCOMMInTask
                0x0000000000000998      0x54a build/default/production/_ext/2083278984/RS485TASKS.o
                0x0000000000000998                modCOMMInTask

.text.dsIOOutTask
                0x0000000000000ee2      0x388
 .text.dsIOOutTask
                0x0000000000000ee2      0x388 build/default/production/DSIO.o
                0x0000000000000ee2                dsIOOutTask

.text.modCOMMOutTask
                0x000000000000126a      0x2dc
 .text.modCOMMOutTask
                0x000000000000126a      0x2dc build/default/production/_ext/2083278984/RS485TASKS.o
                0x000000000000126a                modCOMMOutTask

.text.xTaskCreate
                0x0000000000001546      0x288
 .text.xTaskCreate
                0x0000000000001546      0x288 build/default/production/_ext/1644529106/tasks.o
                0x0000000000001546                xTaskCreate

.text.xTaskGenericNotifyFromISR
                0x00000000000017ce      0x258
 .text.xTaskGenericNotifyFromISR
                0x00000000000017ce      0x258 build/default/production/_ext/1644529106/tasks.o
                0x00000000000017ce                xTaskGenericNotifyFromISR

.text.xTaskIncrementTick
                0x0000000000001a26      0x232
 .text.xTaskIncrementTick
                0x0000000000001a26      0x232 build/default/production/_ext/1644529106/tasks.o
                0x0000000000001a26                xTaskIncrementTick

.text.xTaskGenericNotify
                0x0000000000001c58      0x204
 .text.xTaskGenericNotify
                0x0000000000001c58      0x204 build/default/production/_ext/1644529106/tasks.o
                0x0000000000001c58                xTaskGenericNotify

.text.xTaskResumeAll
                0x0000000000001e5c      0x1bc
 .text.xTaskResumeAll
                0x0000000000001e5c      0x1bc build/default/production/_ext/1644529106/tasks.o
                0x0000000000001e5c                xTaskResumeAll

.text.xQueueSemaphoreTake
                0x0000000000002018      0x1ba
 .text.xQueueSemaphoreTake
                0x0000000000002018      0x1ba build/default/production/_ext/1644529106/queue.o
                0x0000000000002018                xQueueSemaphoreTake

.text.prvTimerTask
                0x00000000000021d2      0x1b6
 .text.prvTimerTask
                0x00000000000021d2      0x1b6 build/default/production/_ext/1644529106/timers.o

.text.xTaskRemoveFromEventList
                0x0000000000002388      0x186
 .text.xTaskRemoveFromEventList
                0x0000000000002388      0x186 build/default/production/_ext/1644529106/tasks.o
                0x0000000000002388                xTaskRemoveFromEventList

.text.prvWiredInitTask
                0x000000000000250e      0x186
 .text.prvWiredInitTask
                0x000000000000250e      0x186 build/default/production/main.o
                0x000000000000250e                prvWiredInitTask

.text.xQueueGenericSend
                0x0000000000002694      0x176
 .text.xQueueGenericSend
                0x0000000000002694      0x176 build/default/production/_ext/1644529106/queue.o
                0x0000000000002694                xQueueGenericSend

.text.xStreamBufferSend
                0x000000000000280a      0x16c
 .text.xStreamBufferSend
                0x000000000000280a      0x16c build/default/production/_ext/1644529106/stream_buffer.o
                0x000000000000280a                xStreamBufferSend

.text.COMMSetup
                0x0000000000002976      0x158
 .text.COMMSetup
                0x0000000000002976      0x158 build/default/production/_ext/2083278984/RS485TASKS.o
                0x0000000000002976                COMMSetup

.text.vTaskRemoveFromUnorderedEventList
                0x0000000000002ace      0x14e
 .text.vTaskRemoveFromUnorderedEventList
                0x0000000000002ace      0x14e build/default/production/_ext/1644529106/tasks.o
                0x0000000000002ace                vTaskRemoveFromUnorderedEventList

.text.xQueueReceive
                0x0000000000002c1c      0x142
 .text.xQueueReceive
                0x0000000000002c1c      0x142 build/default/production/_ext/1644529106/queue.o
                0x0000000000002c1c                xQueueReceive

.text.xTaskGenericNotifyWait
                0x0000000000002d5e      0x142
 .text.xTaskGenericNotifyWait
                0x0000000000002d5e      0x142 build/default/production/_ext/1644529106/tasks.o
                0x0000000000002d5e                xTaskGenericNotifyWait

.text.xTaskPriorityInherit
                0x0000000000002ea0      0x128
 .text.xTaskPriorityInherit
                0x0000000000002ea0      0x128 build/default/production/_ext/1644529106/tasks.o
                0x0000000000002ea0                xTaskPriorityInherit

.text.xStreamBufferReceive
                0x0000000000002fc8      0x11a
 .text.xStreamBufferReceive
                0x0000000000002fc8      0x11a build/default/production/_ext/1644529106/stream_buffer.o
                0x0000000000002fc8                xStreamBufferReceive

.text.xEventGroupWaitBits
                0x00000000000030e2      0x110
 .text.xEventGroupWaitBits
                0x00000000000030e2      0x110 build/default/production/_ext/1644529106/event_groups.o
                0x00000000000030e2                xEventGroupWaitBits

.text.prvAddCurrentTaskToDelayedList
                0x00000000000031f2      0x102
 .text.prvAddCurrentTaskToDelayedList
                0x00000000000031f2      0x102 build/default/production/_ext/1644529106/tasks.o

.text.xEventGroupSetBits
                0x00000000000032f4       0xea
 .text.xEventGroupSetBits
                0x00000000000032f4       0xea build/default/production/_ext/1644529106/event_groups.o
                0x00000000000032f4                xEventGroupSetBits

.text.vTaskPriorityDisinheritAfterTimeout
                0x00000000000033de       0xe6
 .text.vTaskPriorityDisinheritAfterTimeout
                0x00000000000033de       0xe6 build/default/production/_ext/1644529106/tasks.o
                0x00000000000033de                vTaskPriorityDisinheritAfterTimeout

.text.vTaskSwitchContext
                0x00000000000034c4       0xcc
 .text.vTaskSwitchContext
                0x00000000000034c4       0xcc build/default/production/_ext/1644529106/tasks.o
                0x00000000000034c4                vTaskSwitchContext

.text.xQueueGenericReset
                0x0000000000003590       0xc8
 .text.xQueueGenericReset
                0x0000000000003590       0xc8 build/default/production/_ext/1644529106/queue.o
                0x0000000000003590                xQueueGenericReset

.text.xTaskPriorityDisinherit
                0x0000000000003658       0xc6
 .text.xTaskPriorityDisinherit
                0x0000000000003658       0xc6 build/default/production/_ext/1644529106/tasks.o
                0x0000000000003658                xTaskPriorityDisinherit

.text.vPortYieldFromTick
                0x000000000000371e       0xc0
 .text.vPortYieldFromTick
                0x000000000000371e       0xc0 build/default/production/_ext/1347852338/port.o
                0x000000000000371e                vPortYieldFromTick

.text.prvCopyDataToQueue
                0x00000000000037de       0xbe
 .text.prvCopyDataToQueue
                0x00000000000037de       0xbe build/default/production/_ext/1644529106/queue.o

.text.vPortYield
                0x000000000000389c       0xba
 .text.vPortYield
                0x000000000000389c       0xba build/default/production/_ext/1347852338/port.o
                0x000000000000389c                vPortYield

.text.vQueueAddToRegistry
                0x0000000000003956       0xac
 .text.vQueueAddToRegistry
                0x0000000000003956       0xac build/default/production/_ext/1644529106/queue.o
                0x0000000000003956                vQueueAddToRegistry

.text.vTaskSuspend
                0x0000000000003a02       0xac
 .text.vTaskSuspend
                0x0000000000003a02       0xac build/default/production/_ext/1644529106/tasks.o
                0x0000000000003a02                vTaskSuspend

.text.prvUnlockQueue
                0x0000000000003aae       0xaa
 .text.prvUnlockQueue
                0x0000000000003aae       0xaa build/default/production/_ext/1644529106/queue.o

.text.DSIOSetup
                0x0000000000003b58       0xa4
 .text.DSIOSetup
                0x0000000000003b58       0xa4 build/default/production/DSIO.o
                0x0000000000003b58                DSIOSetup

.text.xStreamBufferSendFromISR
                0x0000000000003bfc       0xa2
 .text.xStreamBufferSendFromISR
                0x0000000000003bfc       0xa2 build/default/production/_ext/1644529106/stream_buffer.o
                0x0000000000003bfc                xStreamBufferSendFromISR

.text.prvWriteMessageToBuffer
                0x0000000000003c9e       0xa0
 .text.prvWriteMessageToBuffer
                0x0000000000003c9e       0xa0 build/default/production/_ext/1644529106/stream_buffer.o

.text.xTimerGenericCommand
                0x0000000000003d3e       0x98
 .text.xTimerGenericCommand
                0x0000000000003d3e       0x98 build/default/production/_ext/1644529106/timers.o
                0x0000000000003d3e                xTimerGenericCommand

.text.prvWriteBytesToBuffer
                0x0000000000003dd6       0x96
 .text.prvWriteBytesToBuffer
                0x0000000000003dd6       0x96 build/default/production/_ext/1644529106/stream_buffer.o

.text.vTaskPlaceOnEventListRestricted
                0x0000000000003e6c       0x92
 .text.vTaskPlaceOnEventListRestricted
                0x0000000000003e6c       0x92 build/default/production/_ext/1644529106/tasks.o
                0x0000000000003e6c                vTaskPlaceOnEventListRestricted

.text.prvReadMessageFromBuffer
                0x0000000000003efe       0x90
 .text.prvReadMessageFromBuffer
                0x0000000000003efe       0x90 build/default/production/_ext/1644529106/stream_buffer.o

.text.prvReadBytesFromBuffer
                0x0000000000003f8e       0x8c
 .text.prvReadBytesFromBuffer
                0x0000000000003f8e       0x8c build/default/production/_ext/1644529106/stream_buffer.o

.text.xStreamBufferReceiveFromISR
                0x000000000000401a       0x8c
 .text.xStreamBufferReceiveFromISR
                0x000000000000401a       0x8c build/default/production/_ext/1644529106/stream_buffer.o
                0x000000000000401a                xStreamBufferReceiveFromISR

.text.vTaskPlaceOnUnorderedEventList
                0x00000000000040a6       0x8c
 .text.vTaskPlaceOnUnorderedEventList
                0x00000000000040a6       0x8c build/default/production/_ext/1644529106/tasks.o
                0x00000000000040a6                vTaskPlaceOnUnorderedEventList

.text.__vector_20
                0x0000000000004132       0x8c
 .text.__vector_20
                0x0000000000004132       0x8c build/default/production/_ext/2083278984/RS485TASKS.o
                0x0000000000004132                __vector_20

.text.__vector_19
                0x00000000000041be       0x86
 .text.__vector_19
                0x00000000000041be       0x86 build/default/production/_ext/2083278984/RS485TASKS.o
                0x00000000000041be                __vector_19

.text.xQueueGenericCreate
                0x0000000000004244       0x84
 .text.xQueueGenericCreate
                0x0000000000004244       0x84 build/default/production/_ext/1644529106/queue.o
                0x0000000000004244                xQueueGenericCreate

.text.prvSampleTimeNow
                0x00000000000042c8       0x84
 .text.prvSampleTimeNow
                0x00000000000042c8       0x84 build/default/production/_ext/1644529106/timers.o

.text.xQueueGenericSendFromISR
                0x000000000000434c       0x80
 .text.xQueueGenericSendFromISR
                0x000000000000434c       0x80 build/default/production/_ext/1644529106/queue.o
                0x000000000000434c                xQueueGenericSendFromISR

.text.xStreamBufferSpacesAvailable
                0x00000000000043cc       0x80
 .text.xStreamBufferSpacesAvailable
                0x00000000000043cc       0x80 build/default/production/_ext/1644529106/stream_buffer.o
                0x00000000000043cc                xStreamBufferSpacesAvailable

.text.main      0x000000000000444c       0x7e
 .text.main     0x000000000000444c       0x7e build/default/production/main.o
                0x000000000000444c                main

.text.vPeriodicJoinTimerFunc
                0x00000000000044ca       0x7a
 .text.vPeriodicJoinTimerFunc
                0x00000000000044ca       0x7a build/default/production/_ext/2083278984/RS485TASKS.o
                0x00000000000044ca                vPeriodicJoinTimerFunc

.text.xQueueGiveFromISR
                0x0000000000004544       0x78
 .text.xQueueGiveFromISR
                0x0000000000004544       0x78 build/default/production/_ext/1644529106/queue.o
                0x0000000000004544                xQueueGiveFromISR

.text.pvPortMalloc
                0x00000000000045bc       0x74
 .text.pvPortMalloc
                0x00000000000045bc       0x74 build/default/production/_ext/1644529106/heap_1.o
                0x00000000000045bc                pvPortMalloc

.text.xTimerCreate
                0x0000000000004630       0x74
 .text.xTimerCreate
                0x0000000000004630       0x74 build/default/production/_ext/1644529106/timers.o
                0x0000000000004630                xTimerCreate

.text.xTaskCheckForTimeOut
                0x00000000000046a4       0x72
 .text.xTaskCheckForTimeOut
                0x00000000000046a4       0x72 build/default/production/_ext/1644529106/tasks.o
                0x00000000000046a4                xTaskCheckForTimeOut

.text.vOFFSETTimerFunc
                0x0000000000004716       0x70
 .text.vOFFSETTimerFunc
                0x0000000000004716       0x70 build/default/production/_ext/2083278984/RS485TASKS.o
                0x0000000000004716                vOFFSETTimerFunc

.text.xPortStartScheduler
                0x0000000000004786       0x6e
 .text.xPortStartScheduler
                0x0000000000004786       0x6e build/default/production/_ext/1347852338/port.o
                0x0000000000004786                xPortStartScheduler

.text.xStreamBufferGenericCreate
                0x00000000000047f4       0x6c
 .text.xStreamBufferGenericCreate
                0x00000000000047f4       0x6c build/default/production/_ext/1644529106/stream_buffer.o
                0x00000000000047f4                xStreamBufferGenericCreate

.text.__vector_21
                0x0000000000004860       0x6c
 .text.__vector_21
                0x0000000000004860       0x6c build/default/production/_ext/2083278984/RS485TASKS.o
                0x0000000000004860                __vector_21

.text.vTaskStartScheduler
                0x00000000000048cc       0x66
 .text.vTaskStartScheduler
                0x00000000000048cc       0x66 build/default/production/_ext/1644529106/tasks.o
                0x00000000000048cc                vTaskStartScheduler

.text.vListInsert
                0x0000000000004932       0x62
 .text.vListInsert
                0x0000000000004932       0x62 build/default/production/_ext/1644529106/list.o
                0x0000000000004932                vListInsert

.text.prvCheckForValidListAndQueue
                0x0000000000004994       0x60
 .text.prvCheckForValidListAndQueue
                0x0000000000004994       0x60 build/default/production/_ext/1644529106/timers.o

.text.prvInsertTimerInActiveList
                0x00000000000049f4       0x5e
 .text.prvInsertTimerInActiveList
                0x00000000000049f4       0x5e build/default/production/_ext/1644529106/timers.o

.text.prvProcessExpiredTimer
                0x0000000000004a52       0x56
 .text.prvProcessExpiredTimer
                0x0000000000004a52       0x56 build/default/production/_ext/1644529106/timers.o

.text.prvBytesInBuffer
                0x0000000000004aa8       0x54
 .text.prvBytesInBuffer
                0x0000000000004aa8       0x54 build/default/production/_ext/1644529106/stream_buffer.o

.text.ShiftIn   0x0000000000004afc       0x52
 .text.ShiftIn  0x0000000000004afc       0x52 build/default/production/_ext/83377035/ShiftReg.o
                0x0000000000004afc                ShiftIn

.text.xTimerCreateTimerTask
                0x0000000000004b4e       0x52
 .text.xTimerCreateTimerTask
                0x0000000000004b4e       0x52 build/default/production/_ext/1644529106/timers.o
                0x0000000000004b4e                xTimerCreateTimerTask

.text.uxListRemove
                0x0000000000004ba0       0x4e
 .text.uxListRemove
                0x0000000000004ba0       0x4e build/default/production/_ext/1644529106/list.o
                0x0000000000004ba0                uxListRemove

.text.prvReloadTimer
                0x0000000000004bee       0x48
 .text.prvReloadTimer
                0x0000000000004bee       0x48 build/default/production/_ext/1644529106/timers.o

.text.vListInsertEnd
                0x0000000000004c36       0x42
 .text.vListInsertEnd
                0x0000000000004c36       0x42 build/default/production/_ext/1644529106/list.o
                0x0000000000004c36                vListInsertEnd

.text.xQueueCreateMutex
                0x0000000000004c78       0x3a
 .text.xQueueCreateMutex
                0x0000000000004c78       0x3a build/default/production/_ext/1644529106/queue.o
                0x0000000000004c78                xQueueCreateMutex

.text.vQueueWaitForMessageRestricted
                0x0000000000004cb2       0x3a
 .text.vQueueWaitForMessageRestricted
                0x0000000000004cb2       0x3a build/default/production/_ext/1644529106/queue.o
                0x0000000000004cb2                vQueueWaitForMessageRestricted

.text.prvResetNextTaskUnblockTime
                0x0000000000004cec       0x38
 .text.prvResetNextTaskUnblockTime
                0x0000000000004cec       0x38 build/default/production/_ext/1644529106/tasks.o

.text.prvCopyDataFromQueue
                0x0000000000004d24       0x36
 .text.prvCopyDataFromQueue
                0x0000000000004d24       0x36 build/default/production/_ext/1644529106/queue.o

.text.xTaskGenericNotifyStateClear
                0x0000000000004d5a       0x34
 .text.xTaskGenericNotifyStateClear
                0x0000000000004d5a       0x34 build/default/production/_ext/1644529106/tasks.o
                0x0000000000004d5a                xTaskGenericNotifyStateClear

.text.memcpy    0x0000000000004d8e       0x32
 .text.memcpy   0x0000000000004d8e       0x32 c:/program files/microchip/xc8/v2.45/avr/bin/../lib/gcc/avr/5.4.0/../../../../avr/lib/avrxmega4/memx-const\libc.a(memcpy.o)
                0x0000000000004d8e                memcpy

.text.uxTaskResetEventItemValue
                0x0000000000004dc0       0x2e
 .text.uxTaskResetEventItemValue
                0x0000000000004dc0       0x2e build/default/production/_ext/1644529106/tasks.o
                0x0000000000004dc0                uxTaskResetEventItemValue

.text.USART0_init
                0x0000000000004dee       0x2c
 .text.USART0_init
                0x0000000000004dee       0x2c build/default/production/_ext/83377035/USART.o
                0x0000000000004dee                USART0_init

.text.libgcc.div
                0x0000000000004e1a       0x28
 .text.libgcc.div
                0x0000000000004e1a       0x28 c:/program files/microchip/xc8/v2.45/avr/bin/../lib/gcc/avr/5.4.0/avrxmega4/memx-const\libgcc.a(_udivmodhi4.o)
                0x0000000000004e1a                __udivmodhi4

.text.pxPortInitialiseStack
                0x0000000000004e42       0x26
 .text.pxPortInitialiseStack
                0x0000000000004e42       0x26 build/default/production/_ext/1347852338/port.o
                0x0000000000004e42                pxPortInitialiseStack

.text.xEventGroupCreate
                0x0000000000004e68       0x26
 .text.xEventGroupCreate
                0x0000000000004e68       0x26 build/default/production/_ext/1644529106/event_groups.o
                0x0000000000004e68                xEventGroupCreate

.text.vTaskPlaceOnEventList
                0x0000000000004e8e       0x24
 .text.vTaskPlaceOnEventList
                0x0000000000004e8e       0x24 build/default/production/_ext/1644529106/tasks.o
                0x0000000000004e8e                vTaskPlaceOnEventList

.text.pvTaskIncrementMutexHeldCount
                0x0000000000004eb2       0x24
 .text.pvTaskIncrementMutexHeldCount
                0x0000000000004eb2       0x24 build/default/production/_ext/1644529106/tasks.o
                0x0000000000004eb2                pvTaskIncrementMutexHeldCount

.text.prvIsQueueEmpty
                0x0000000000004ed6       0x22
 .text.prvIsQueueEmpty
                0x0000000000004ed6       0x22 build/default/production/_ext/1644529106/queue.o

.text.vTaskSetTimeOutState
                0x0000000000004ef8       0x20
 .text.vTaskSetTimeOutState
                0x0000000000004ef8       0x20 build/default/production/_ext/1644529106/tasks.o
                0x0000000000004ef8                vTaskSetTimeOutState

.text.vListInitialise
                0x0000000000004f18       0x1c
 .text.vListInitialise
                0x0000000000004f18       0x1c build/default/production/_ext/1644529106/list.o
                0x0000000000004f18                vListInitialise

.text.xTaskGetSchedulerState
                0x0000000000004f34       0x1c
 .text.xTaskGetSchedulerState
                0x0000000000004f34       0x1c build/default/production/_ext/1644529106/tasks.o
                0x0000000000004f34                xTaskGetSchedulerState

.text.LTCHIn    0x0000000000004f50       0x18
 .text.LTCHIn   0x0000000000004f50       0x18 build/default/production/_ext/83377035/ShiftReg.o
                0x0000000000004f50                LTCHIn

.text.RS485TR   0x0000000000004f68       0x18
 .text.RS485TR  0x0000000000004f68       0x18 build/default/production/DSIO.o
                0x0000000000004f68                RS485TR

.text.vTaskInternalSetTimeOutState
                0x0000000000004f80       0x16
 .text.vTaskInternalSetTimeOutState
                0x0000000000004f80       0x16 build/default/production/_ext/1644529106/tasks.o
                0x0000000000004f80                vTaskInternalSetTimeOutState

.text.exit      0x0000000000004f96       0x16
 .text.exit     0x0000000000004f96       0x16 c:/program files/microchip/xc8/v2.45/avr/bin/../lib/gcc/avr/5.4.0/../../../../avr/lib/avrxmega4/memx-const\libc.a(exit.o)
                0x0000000000004f96                exit

.text.xTaskGetTickCount
                0x0000000000004fac       0x14
 .text.xTaskGetTickCount
                0x0000000000004fac       0x14 build/default/production/_ext/1644529106/tasks.o
                0x0000000000004fac                xTaskGetTickCount

.text.libgcc    0x0000000000004fc0       0x12
 .text.libgcc   0x0000000000004fc0       0x12 c:/program files/microchip/xc8/v2.45/avr/bin/../lib/gcc/avr/5.4.0/avrxmega4/memx-const\libgcc.a(_tablejump2.o)
                0x0000000000004fc0                __tablejump2__

.text.libgcc    0x0000000000004fd2       0x12
 .text.libgcc   0x0000000000004fd2       0x12 c:/program files/microchip/xc8/v2.45/avr/bin/../lib/gcc/avr/5.4.0/avrxmega4/memx-const\libgcc.a(_xload_2.o)
                0x0000000000004fd2                __xload_2

.text.__vector_12
                0x0000000000004fe4       0x10
 .text.__vector_12
                0x0000000000004fe4       0x10 build/default/production/_ext/1347852338/port.o
                0x0000000000004fe4                __vector_12

.text.prvIdleTask
                0x0000000000004ff4       0x10
 .text.prvIdleTask
                0x0000000000004ff4       0x10 build/default/production/_ext/1644529106/tasks.o

.text.InitShiftIn
                0x0000000000005004        0xe
 .text.InitShiftIn
                0x0000000000005004        0xe build/default/production/_ext/83377035/ShiftReg.o
                0x0000000000005004                InitShiftIn

.text.libgcc    0x0000000000005012        0xe
 .text.libgcc   0x0000000000005012        0xe c:/program files/microchip/xc8/v2.45/avr/bin/../lib/gcc/avr/5.4.0/avrxmega4/memx-const\libgcc.a(_xload_1.o)
                0x0000000000005012                __xload_1

.text.vTaskSuspendAll
                0x0000000000005020        0xc
 .text.vTaskSuspendAll
                0x0000000000005020        0xc build/default/production/_ext/1644529106/tasks.o
                0x0000000000005020                vTaskSuspendAll

.text.xTaskGetCurrentTaskHandle
                0x000000000000502c        0xa
 .text.xTaskGetCurrentTaskHandle
                0x000000000000502c        0xa build/default/production/_ext/1644529106/tasks.o
                0x000000000000502c                xTaskGetCurrentTaskHandle

.text.vListInitialiseItem
                0x0000000000005036        0x8
 .text.vListInitialiseItem
                0x0000000000005036        0x8 build/default/production/_ext/1644529106/list.o
                0x0000000000005036                vListInitialiseItem

.text.vTaskMissedYield
                0x000000000000503e        0x8
 .text.vTaskMissedYield
                0x000000000000503e        0x8 build/default/production/_ext/1644529106/tasks.o
                0x000000000000503e                vTaskMissedYield

.text.vINDTimerFunc
                0x0000000000005046        0x8
 .text.vINDTimerFunc
                0x0000000000005046        0x8 build/default/production/DSIO.o
                0x0000000000005046                vINDTimerFunc

.text.uxTaskGetNumberOfTasks
                0x000000000000504e        0x6
 .text.uxTaskGetNumberOfTasks
                0x000000000000504e        0x6 build/default/production/_ext/1644529106/tasks.o
                0x000000000000504e                uxTaskGetNumberOfTasks

.text           0x0000000000005054        0x4
 .text          0x0000000000005054        0x4 C:/Users/miste/.mchp_packs/Microchip/AVR-Dx_DFP/2.4.286/xc8/avr/lib/avrxmega4/memx-const/crtavr128da28.o
                0x0000000000005054                __vector_38
                0x0000000000005054                __vector_22
                0x0000000000005054                __vector_28
                0x0000000000005054                __vector_1
                0x0000000000005054                __vector_32
                0x0000000000005054                __vector_34
                0x0000000000005054                __vector_24
                0x0000000000005054                __bad_interrupt
                0x0000000000005054                __vector_6
                0x0000000000005054                __vector_31
                0x0000000000005054                __vector_35
                0x0000000000005054                __vector_39
                0x0000000000005054                __vector_3
                0x0000000000005054                __vector_23
                0x0000000000005054                __vector_30
                0x0000000000005054                __vector_25
                0x0000000000005054                __vector_11
                0x0000000000005054                __vector_13
                0x0000000000005054                __vector_17
                0x0000000000005054                __vector_7
                0x0000000000005054                __vector_27
                0x0000000000005054                __vector_5
                0x0000000000005054                __vector_33
                0x0000000000005054                __vector_37
                0x0000000000005054                __vector_4
                0x0000000000005054                __vector_9
                0x0000000000005054                __vector_2
                0x0000000000005054                __vector_15
                0x0000000000005054                __vector_36
                0x0000000000005054                __vector_29
                0x0000000000005054                __vector_40
                0x0000000000005054                __vector_8
                0x0000000000005054                __vector_26
                0x0000000000005054                __vector_14
                0x0000000000005054                __vector_10
                0x0000000000005054                __vector_16
                0x0000000000005054                __vector_18

.text._Exit     0x0000000000005058        0x4
 .text._Exit    0x0000000000005058        0x4 c:/program files/microchip/xc8/v2.45/avr/bin/../lib/gcc/avr/5.4.0/../../../../avr/lib/avrxmega4/memx-const\libc.a(_Exit.o)
                0x0000000000005058                _Exit

.text.vPortFree
                0x000000000000505c        0x2
 .text.vPortFree
                0x000000000000505c        0x2 build/default/production/_ext/1644529106/heap_1.o
                0x000000000000505c                vPortFree

.text.__dummy_fini
                0x000000000000505e        0x2
 .text.__dummy_fini
                0x000000000000505e        0x2 c:/program files/microchip/xc8/v2.45/avr/bin/../lib/gcc/avr/5.4.0/../../../../avr/lib/avrxmega4/memx-const\libc.a(exit.o)
                0x000000000000505e                _fini

.text.__dummy_funcs_on_exit
                0x0000000000005060        0x2
 .text.__dummy_funcs_on_exit
                0x0000000000005060        0x2 c:/program files/microchip/xc8/v2.45/avr/bin/../lib/gcc/avr/5.4.0/../../../../avr/lib/avrxmega4/memx-const\libc.a(exit.o)
                0x0000000000005060                __funcs_on_exit

.text.__dummy_simulator_exit
                0x0000000000005062        0x2
 .text.__dummy_simulator_exit
                0x0000000000005062        0x2 c:/program files/microchip/xc8/v2.45/avr/bin/../lib/gcc/avr/5.4.0/../../../../avr/lib/avrxmega4/memx-const\libc.a(exit.o)
                0x0000000000005062                __simulator_exit
